Archive member included to satisfy reference by file (symbol)

/usr/lib/gcc/arm-none-eabi/10.3.1/../../../arm-none-eabi/lib/thumb/v7e-m/nofp/libstdc++.a(atexit_arm.o)
                              CMakeFiles/stepping_motor.elf.dir/Core/Src/start.cpp.obj (__aeabi_atexit)
/usr/lib/gcc/arm-none-eabi/10.3.1/../../../arm-none-eabi/lib/thumb/v7e-m/nofp/libstdc++.a(string-inst.o)
                              CMakeFiles/stepping_motor.elf.dir/Core/Src/start.cpp.obj (std::__cxx11::basic_string<char, std::char_traits<char>, std::allocator<char> >::~basic_string())
/usr/lib/gcc/arm-none-eabi/10.3.1/../../../arm-none-eabi/lib/thumb/v7e-m/nofp/libstdc++.a(del_op.o)
                              /usr/lib/gcc/arm-none-eabi/10.3.1/../../../arm-none-eabi/lib/thumb/v7e-m/nofp/libstdc++.a(string-inst.o) (operator delete(void*))
/usr/lib/gcc/arm-none-eabi/10.3.1/../../../arm-none-eabi/lib/thumb/v7e-m/nofp/libstdc++.a(eh_arm.o)
                              /usr/lib/gcc/arm-none-eabi/10.3.1/../../../arm-none-eabi/lib/thumb/v7e-m/nofp/libstdc++.a(string-inst.o) (__cxa_end_cleanup)
/usr/lib/gcc/arm-none-eabi/10.3.1/../../../arm-none-eabi/lib/thumb/v7e-m/nofp/libstdc++.a(eh_catch.o)
                              /usr/lib/gcc/arm-none-eabi/10.3.1/../../../arm-none-eabi/lib/thumb/v7e-m/nofp/libstdc++.a(string-inst.o) (__cxa_begin_catch)
/usr/lib/gcc/arm-none-eabi/10.3.1/../../../arm-none-eabi/lib/thumb/v7e-m/nofp/libstdc++.a(eh_exception.o)
                              /usr/lib/gcc/arm-none-eabi/10.3.1/../../../arm-none-eabi/lib/thumb/v7e-m/nofp/libstdc++.a(eh_arm.o) (typeinfo for __cxxabiv1::__forced_unwind)
/usr/lib/gcc/arm-none-eabi/10.3.1/../../../arm-none-eabi/lib/thumb/v7e-m/nofp/libstdc++.a(eh_globals.o)
                              /usr/lib/gcc/arm-none-eabi/10.3.1/../../../arm-none-eabi/lib/thumb/v7e-m/nofp/libstdc++.a(eh_catch.o) (__cxa_get_globals_fast)
/usr/lib/gcc/arm-none-eabi/10.3.1/../../../arm-none-eabi/lib/thumb/v7e-m/nofp/libstdc++.a(eh_personality.o)
                              /usr/lib/gcc/arm-none-eabi/10.3.1/../../../arm-none-eabi/lib/thumb/v7e-m/nofp/libstdc++.a(string-inst.o) (__gxx_personality_v0)
/usr/lib/gcc/arm-none-eabi/10.3.1/../../../arm-none-eabi/lib/thumb/v7e-m/nofp/libstdc++.a(eh_terminate.o)
                              /usr/lib/gcc/arm-none-eabi/10.3.1/../../../arm-none-eabi/lib/thumb/v7e-m/nofp/libstdc++.a(eh_arm.o) (std::terminate())
/usr/lib/gcc/arm-none-eabi/10.3.1/../../../arm-none-eabi/lib/thumb/v7e-m/nofp/libstdc++.a(eh_unex_handler.o)
                              /usr/lib/gcc/arm-none-eabi/10.3.1/../../../arm-none-eabi/lib/thumb/v7e-m/nofp/libstdc++.a(eh_terminate.o) (__cxxabiv1::__unexpected_handler)
/usr/lib/gcc/arm-none-eabi/10.3.1/../../../arm-none-eabi/lib/thumb/v7e-m/nofp/libstdc++.a(new_op.o)
                              /usr/lib/gcc/arm-none-eabi/10.3.1/../../../arm-none-eabi/lib/thumb/v7e-m/nofp/libstdc++.a(string-inst.o) (operator new(unsigned int))
/usr/lib/gcc/arm-none-eabi/10.3.1/../../../arm-none-eabi/lib/thumb/v7e-m/nofp/libstdc++.a(pure.o)
                              /usr/lib/gcc/arm-none-eabi/10.3.1/../../../arm-none-eabi/lib/thumb/v7e-m/nofp/libstdc++.a(eh_exception.o) (__cxa_pure_virtual)
/usr/lib/gcc/arm-none-eabi/10.3.1/../../../arm-none-eabi/lib/thumb/v7e-m/nofp/libstdc++.a(si_class_type_info.o)
                              /usr/lib/gcc/arm-none-eabi/10.3.1/../../../arm-none-eabi/lib/thumb/v7e-m/nofp/libstdc++.a(eh_exception.o) (vtable for __cxxabiv1::__si_class_type_info)
/usr/lib/gcc/arm-none-eabi/10.3.1/../../../arm-none-eabi/lib/thumb/v7e-m/nofp/libstdc++.a(tinfo.o)
                              /usr/lib/gcc/arm-none-eabi/10.3.1/../../../arm-none-eabi/lib/thumb/v7e-m/nofp/libstdc++.a(si_class_type_info.o) (std::type_info::__is_pointer_p() const)
/usr/lib/gcc/arm-none-eabi/10.3.1/../../../arm-none-eabi/lib/thumb/v7e-m/nofp/libstdc++.a(functexcept.o)
                              /usr/lib/gcc/arm-none-eabi/10.3.1/../../../arm-none-eabi/lib/thumb/v7e-m/nofp/libstdc++.a(string-inst.o) (std::__throw_logic_error(char const*))
/usr/lib/gcc/arm-none-eabi/10.3.1/../../../arm-none-eabi/lib/thumb/v7e-m/nofp/libstdc++.a(snprintf_lite.o)
                              /usr/lib/gcc/arm-none-eabi/10.3.1/../../../arm-none-eabi/lib/thumb/v7e-m/nofp/libstdc++.a(functexcept.o) (__gnu_cxx::__snprintf_lite(char*, unsigned int, char const*, std::__va_list))
/usr/lib/gcc/arm-none-eabi/10.3.1/../../../arm-none-eabi/lib/thumb/v7e-m/nofp/libstdc++.a(bad_alloc.o)
                              /usr/lib/gcc/arm-none-eabi/10.3.1/../../../arm-none-eabi/lib/thumb/v7e-m/nofp/libstdc++.a(new_op.o) (std::bad_alloc::~bad_alloc())
/usr/lib/gcc/arm-none-eabi/10.3.1/../../../arm-none-eabi/lib/thumb/v7e-m/nofp/libstdc++.a(bad_cast.o)
                              /usr/lib/gcc/arm-none-eabi/10.3.1/../../../arm-none-eabi/lib/thumb/v7e-m/nofp/libstdc++.a(functexcept.o) (std::bad_cast::~bad_cast())
[...]
Memory Configuration

Name             Origin             Length             Attributes
RAM              0x0000000020000000 0x0000000000020000 xrw
FLASH            0x0000000008000000 0x0000000000080000 xr
*default*        0x0000000000000000 0xffffffffffffffff

Linker script and memory map

LOAD /usr/lib/gcc/arm-none-eabi/10.3.1/thumb/v7e-m/nofp/crti.o
LOAD /usr/lib/gcc/arm-none-eabi/10.3.1/thumb/v7e-m/nofp/crtbegin.o
LOAD /usr/lib/gcc/arm-none-eabi/10.3.1/../../../arm-none-eabi/lib/thumb/v7e-m/nofp/crt0.o
LOAD CMakeFiles/stepping_motor.elf.dir/Core/Src/dma.c.obj
LOAD CMakeFiles/stepping_motor.elf.dir/Core/Src/gpio.c.obj
LOAD CMakeFiles/stepping_motor.elf.dir/Core/Src/main.c.obj
LOAD CMakeFiles/stepping_motor.elf.dir/Core/Src/start.cpp.obj
LOAD CMakeFiles/stepping_motor.elf.dir/Core/Src/step_motor.cpp.obj
LOAD CMakeFiles/stepping_motor.elf.dir/Core/Src/stm32f4xx_hal_msp.c.obj
LOAD CMakeFiles/stepping_motor.elf.dir/Core/Src/stm32f4xx_it.c.obj
LOAD CMakeFiles/stepping_motor.elf.dir/Core/Src/syscalls.c.obj
LOAD CMakeFiles/stepping_motor.elf.dir/Core/Src/sysmem.c.obj
LOAD CMakeFiles/stepping_motor.elf.dir/Core/Src/system_stm32f4xx.c.obj
LOAD CMakeFiles/stepping_motor.elf.dir/Core/Src/usart.c.obj
LOAD CMakeFiles/stepping_motor.elf.dir/Core/Startup/startup_stm32f411retx.s.obj
LOAD CMakeFiles/stepping_motor.elf.dir/Drivers/STM32F4xx_HAL_Driver/Src/stm32f4xx_hal.c.obj
LOAD CMakeFiles/stepping_motor.elf.dir/Drivers/STM32F4xx_HAL_Driver/Src/stm32f4xx_hal_cortex.c.obj
LOAD CMakeFiles/stepping_motor.elf.dir/Drivers/STM32F4xx_HAL_Driver/Src/stm32f4xx_hal_dma.c.obj
LOAD CMakeFiles/stepping_motor.elf.dir/Drivers/STM32F4xx_HAL_Driver/Src/stm32f4xx_hal_dma_ex.c.obj
LOAD CMakeFiles/stepping_motor.elf.dir/Drivers/STM32F4xx_HAL_Driver/Src/stm32f4xx_hal_exti.c.obj
LOAD CMakeFiles/stepping_motor.elf.dir/Drivers/STM32F4xx_HAL_Driver/Src/stm32f4xx_hal_flash.c.obj
LOAD CMakeFiles/stepping_motor.elf.dir/Drivers/STM32F4xx_HAL_Driver/Src/stm32f4xx_hal_flash_ex.c.obj
LOAD CMakeFiles/stepping_motor.elf.dir/Drivers/STM32F4xx_HAL_Driver/Src/stm32f4xx_hal_flash_ramfunc.c.obj
LOAD CMakeFiles/stepping_motor.elf.dir/Drivers/STM32F4xx_HAL_Driver/Src/stm32f4xx_hal_gpio.c.obj
LOAD CMakeFiles/stepping_motor.elf.dir/Drivers/STM32F4xx_HAL_Driver/Src/stm32f4xx_hal_pwr.c.obj
LOAD CMakeFiles/stepping_motor.elf.dir/Drivers/STM32F4xx_HAL_Driver/Src/stm32f4xx_hal_pwr_ex.c.obj
LOAD CMakeFiles/stepping_motor.elf.dir/Drivers/STM32F4xx_HAL_Driver/Src/stm32f4xx_hal_rcc.c.obj
LOAD CMakeFiles/stepping_motor.elf.dir/Drivers/STM32F4xx_HAL_Driver/Src/stm32f4xx_hal_rcc_ex.c.obj
LOAD CMakeFiles/stepping_motor.elf.dir/Drivers/STM32F4xx_HAL_Driver/Src/stm32f4xx_hal_tim.c.obj
LOAD CMakeFiles/stepping_motor.elf.dir/Drivers/STM32F4xx_HAL_Driver/Src/stm32f4xx_hal_tim_ex.c.obj
LOAD CMakeFiles/stepping_motor.elf.dir/Drivers/STM32F4xx_HAL_Driver/Src/stm32f4xx_hal_uart.c.obj
LOAD /usr/lib/gcc/arm-none-eabi/10.3.1/../../../arm-none-eabi/lib/thumb/v7e-m/nofp/libstdc++.a
LOAD /usr/lib/gcc/arm-none-eabi/10.3.1/../../../arm-none-eabi/lib/thumb/v7e-m/nofp/libm.a
START GROUP
LOAD /usr/lib/gcc/arm-none-eabi/10.3.1/thumb/v7e-m/nofp/libgcc.a
LOAD /usr/lib/gcc/arm-none-eabi/10.3.1/../../../arm-none-eabi/lib/thumb/v7e-m/nofp/libc.a
END GROUP
LOAD /usr/lib/gcc/arm-none-eabi/10.3.1/thumb/v7e-m/nofp/crtend.o
LOAD /usr/lib/gcc/arm-none-eabi/10.3.1/thumb/v7e-m/nofp/crtn.o
                0x0000000020020000                _estack = (ORIGIN (RAM) + LENGTH (RAM))
                0x0000000000000200                _Min_Heap_Size = 0x200
                0x0000000000000400                _Min_Stack_Size = 0x400

.isr_vector     0x0000000008000000      0x198
                0x0000000008000000                . = ALIGN (0x4)
 *(.isr_vector)
 .isr_vector    0x0000000008000000      0x198 CMakeFiles/stepping_motor.elf.dir/Core/Startup/startup_stm32f411retx.s.obj
                0x0000000008000000                g_pfnVectors
                0x0000000008000198                . = ALIGN (0x4)

.text           0x0000000008000198     0x261c
                0x0000000008000198                . = ALIGN (0x4)
 *(.text)
 .text          0x0000000008000198       0x88 /usr/lib/gcc/arm-none-eabi/10.3.1/thumb/v7e-m/nofp/crtbegin.o
 .text          0x0000000008000220       0x30 /usr/lib/gcc/arm-none-eabi/10.3.1/thumb/v7e-m/nofp/libgcc.a(_aeabi_uldivmod.o)
                0x0000000008000220                __aeabi_uldivmod
 .text          0x0000000008000250      0x2d0 /usr/lib/gcc/arm-none-eabi/10.3.1/thumb/v7e-m/nofp/libgcc.a(_udivmoddi4.o)
                0x0000000008000250                __udivmoddi4
 .text          0x0000000008000520        0x4 /usr/lib/gcc/arm-none-eabi/10.3.1/thumb/v7e-m/nofp/libgcc.a(_dvmd_tls.o)
                0x0000000008000520                __aeabi_ldiv0
                0x0000000008000520                __aeabi_idiv0
 .text          0x0000000008000524        0xc /usr/lib/gcc/arm-none-eabi/10.3.1/../../../arm-none-eabi/lib/thumb/v7e-m/nofp/libc.a(lib_a-atexit.o)
                0x0000000008000524                atexit
 .text          0x0000000008000530        0xc /usr/lib/gcc/arm-none-eabi/10.3.1/../../../arm-none-eabi/lib/thumb/v7e-m/nofp/libc.a(lib_a-cxa_atexit.o)
                0x0000000008000530                __cxa_atexit
 .text          0x000000000800053c        0xc /usr/lib/gcc/arm-none-eabi/10.3.1/../../../arm-none-eabi/lib/thumb/v7e-m/nofp/libc.a(lib_a-errno.o)
                0x000000000800053c                __errno
 .text          0x0000000008000548       0x2c /usr/lib/gcc/arm-none-eabi/10.3.1/../../../arm-none-eabi/lib/thumb/v7e-m/nofp/libc.a(lib_a-fini.o)
                0x0000000008000548                __libc_fini_array
 .text          0x0000000008000574       0x48 /usr/lib/gcc/arm-none-eabi/10.3.1/../../../arm-none-eabi/lib/thumb/v7e-m/nofp/libc.a(lib_a-init.o)
                0x0000000008000574                __libc_init_array
 .text          0x00000000080005bc       0x20 /usr/lib/gcc/arm-none-eabi/10.3.1/../../../arm-none-eabi/lib/thumb/v7e-m/nofp/libc.a(lib_a-malloc.o)
                0x00000000080005bc                malloc
                0x00000000080005cc                free
 .text          0x00000000080005dc      0x554 /usr/lib/gcc/arm-none-eabi/10.3.1/../../../arm-none-eabi/lib/thumb/v7e-m/nofp/libc.a(lib_a-mallocr.o)
                0x00000000080005dc                _malloc_r
 .text          0x0000000008000b30       0xa4 /usr/lib/gcc/arm-none-eabi/10.3.1/../../../arm-none-eabi/lib/thumb/v7e-m/nofp/libc.a(lib_a-memset.o)
                0x0000000008000b30                memset
 .text          0x0000000008000bd4        0x8 /usr/lib/gcc/arm-none-eabi/10.3.1/../../../arm-none-eabi/lib/thumb/v7e-m/nofp/libc.a(lib_a-mlock.o)
                0x0000000008000bd4                __malloc_lock
                0x0000000008000bd8                __malloc_unlock
 .text          0x0000000008000bdc       0x24 /usr/lib/gcc/arm-none-eabi/10.3.1/../../../arm-none-eabi/lib/thumb/v7e-m/nofp/libc.a(lib_a-sbrkr.o)
                0x0000000008000bdc                _sbrk_r
 .text          0x0000000008000c00       0x68 /usr/lib/gcc/arm-none-eabi/10.3.1/../../../arm-none-eabi/lib/thumb/v7e-m/nofp/libc.a(lib_a-__atexit.o)
                0x0000000008000c00                __register_exitproc
 .text          0x0000000008000c68      0x2ac /usr/lib/gcc/arm-none-eabi/10.3.1/../../../arm-none-eabi/lib/thumb/v7e-m/nofp/libc.a(lib_a-freer.o)
                0x0000000008000c68                _malloc_trim_r
                0x0000000008000d08                _free_r
 *(.text*)
 .text.MX_DMA_Init
                0x0000000008000f14       0x44 CMakeFiles/stepping_motor.elf.dir/Core/Src/dma.c.obj
                0x0000000008000f14                MX_DMA_Init
 .text.MX_GPIO_Init
                0x0000000008000f58       0xd0 CMakeFiles/stepping_motor.elf.dir/Core/Src/gpio.c.obj
                0x0000000008000f58                MX_GPIO_Init
 .text.Error_Handler
                0x0000000008001028        0x4 CMakeFiles/stepping_motor.elf.dir/Core/Src/main.c.obj
                0x0000000008001028                Error_Handler
 .text.SystemClock_Config
                0x000000000800102c       0xa0 CMakeFiles/stepping_motor.elf.dir/Core/Src/main.c.obj
                0x000000000800102c                SystemClock_Config
 .text.main     0x00000000080010cc       0x1c CMakeFiles/stepping_motor.elf.dir/Core/Src/main.c.obj
                0x00000000080010cc                main
 .text._Z41__static_initialization_and_destruction_0ii
                0x00000000080010e8       0x38 CMakeFiles/stepping_motor.elf.dir/Core/Src/start.cpp.obj
 .text.setup    0x0000000008001120        0x2 CMakeFiles/stepping_motor.elf.dir/Core/Src/start.cpp.obj
                0x0000000008001120                setup
 .text._GLOBAL__sub_I__Z3strB5cxx11
                0x0000000008001122        0xe CMakeFiles/stepping_motor.elf.dir/Core/Src/start.cpp.obj
 .text.HAL_MspInit
                0x0000000008001130       0x40 CMakeFiles/stepping_motor.elf.dir/Core/Src/stm32f4xx_hal_msp.c.obj
                0x0000000008001130                HAL_MspInit
 .text.NMI_Handler
                0x0000000008001170        0x2 CMakeFiles/stepping_motor.elf.dir/Core/Src/stm32f4xx_it.c.obj
                0x0000000008001170                NMI_Handler
 .text.HardFault_Handler
                0x0000000008001172        0x2 CMakeFiles/stepping_motor.elf.dir/Core/Src/stm32f4xx_it.c.obj
                0x0000000008001172                HardFault_Handler
 .text.MemManage_Handler
                0x0000000008001174        0x2 CMakeFiles/stepping_motor.elf.dir/Core/Src/stm32f4xx_it.c.obj
                0x0000000008001174                MemManage_Handler
 .text.BusFault_Handler
                0x0000000008001176        0x2 CMakeFiles/stepping_motor.elf.dir/Core/Src/stm32f4xx_it.c.obj
                0x0000000008001176                BusFault_Handler
 .text.UsageFault_Handler
                0x0000000008001178        0x2 CMakeFiles/stepping_motor.elf.dir/Core/Src/stm32f4xx_it.c.obj
                0x0000000008001178                UsageFault_Handler
 .text.SVC_Handler
                0x000000000800117a        0x2 CMakeFiles/stepping_motor.elf.dir/Core/Src/stm32f4xx_it.c.obj
                0x000000000800117a                SVC_Handler
 .text.DebugMon_Handler
                0x000000000800117c        0x2 CMakeFiles/stepping_motor.elf.dir/Core/Src/stm32f4xx_it.c.obj
                0x000000000800117c                DebugMon_Handler
 .text.PendSV_Handler
                0x000000000800117e        0x2 CMakeFiles/stepping_motor.elf.dir/Core/Src/stm32f4xx_it.c.obj
                0x000000000800117e                PendSV_Handler
 .text.SysTick_Handler
                0x0000000008001180        0x8 CMakeFiles/stepping_motor.elf.dir/Core/Src/stm32f4xx_it.c.obj
                0x0000000008001180                SysTick_Handler
 .text.DMA1_Stream5_IRQHandler
                0x0000000008001188       0x10 CMakeFiles/stepping_motor.elf.dir/Core/Src/stm32f4xx_it.c.obj
                0x0000000008001188                DMA1_Stream5_IRQHandler
 .text.DMA1_Stream6_IRQHandler
                0x0000000008001198       0x10 CMakeFiles/stepping_motor.elf.dir/Core/Src/stm32f4xx_it.c.obj
                0x0000000008001198                DMA1_Stream6_IRQHandler
 .text.USART2_IRQHandler
                0x00000000080011a8       0x10 CMakeFiles/stepping_motor.elf.dir/Core/Src/stm32f4xx_it.c.obj
                0x00000000080011a8                USART2_IRQHandler
 .text._sbrk    0x00000000080011b8       0x48 CMakeFiles/stepping_motor.elf.dir/Core/Src/sysmem.c.obj
                0x00000000080011b8                _sbrk
 .text.SystemInit
                0x0000000008001200        0x2 CMakeFiles/stepping_motor.elf.dir/Core/Src/system_stm32f4xx.c.obj
                0x0000000008001200                SystemInit
 *fill*         0x0000000008001202        0x2 
 .text.MX_USART2_UART_Init
                0x0000000008001204       0x34 CMakeFiles/stepping_motor.elf.dir/Core/Src/usart.c.obj
                0x0000000008001204                MX_USART2_UART_Init
 .text.HAL_UART_MspInit
                0x0000000008001238       0xf8 CMakeFiles/stepping_motor.elf.dir/Core/Src/usart.c.obj
                0x0000000008001238                HAL_UART_MspInit
 .text.Reset_Handler
                0x0000000008001330       0x50 CMakeFiles/stepping_motor.elf.dir/Core/Startup/startup_stm32f411retx.s.obj
                0x0000000008001330                Reset_Handler
 .text.Default_Handler
                0x0000000008001380        0x2 CMakeFiles/stepping_motor.elf.dir/Core/Startup/startup_stm32f411retx.s.obj
                0x0000000008001380                RTC_Alarm_IRQHandler
                0x0000000008001380                EXTI2_IRQHandler
                0x0000000008001380                SPI4_IRQHandler
                0x0000000008001380                TIM1_CC_IRQHandler
                0x0000000008001380                DMA2_Stream5_IRQHandler
                0x0000000008001380                PVD_IRQHandler
                0x0000000008001380                SDIO_IRQHandler
                0x0000000008001380                TAMP_STAMP_IRQHandler
                0x0000000008001380                EXTI3_IRQHandler
                0x0000000008001380                TIM1_UP_TIM10_IRQHandler
                0x0000000008001380                I2C3_ER_IRQHandler
                0x0000000008001380                EXTI0_IRQHandler
                0x0000000008001380                I2C2_EV_IRQHandler
                0x0000000008001380                DMA1_Stream2_IRQHandler
                0x0000000008001380                FPU_IRQHandler
                0x0000000008001380                DMA2_Stream2_IRQHandler
                0x0000000008001380                SPI1_IRQHandler
                0x0000000008001380                TIM1_BRK_TIM9_IRQHandler
                0x0000000008001380                DMA2_Stream3_IRQHandler
                0x0000000008001380                USART6_IRQHandler
                0x0000000008001380                DMA2_Stream0_IRQHandler
                0x0000000008001380                TIM4_IRQHandler
                0x0000000008001380                I2C1_EV_IRQHandler
                0x0000000008001380                DMA1_Stream1_IRQHandler
                0x0000000008001380                TIM3_IRQHandler
                0x0000000008001380                RCC_IRQHandler
                0x0000000008001380                Default_Handler
                0x0000000008001380                EXTI15_10_IRQHandler
                0x0000000008001380                ADC_IRQHandler
                0x0000000008001380                DMA1_Stream7_IRQHandler
                0x0000000008001380                SPI5_IRQHandler
                0x0000000008001380                TIM5_IRQHandler
                0x0000000008001380                DMA2_Stream7_IRQHandler
                0x0000000008001380                I2C3_EV_IRQHandler
                0x0000000008001380                EXTI9_5_IRQHandler
                0x0000000008001380                RTC_WKUP_IRQHandler
                0x0000000008001380                SPI2_IRQHandler
                0x0000000008001380                DMA1_Stream0_IRQHandler
                0x0000000008001380                EXTI4_IRQHandler
                0x0000000008001380                WWDG_IRQHandler
                0x0000000008001380                TIM2_IRQHandler
                0x0000000008001380                OTG_FS_WKUP_IRQHandler
                0x0000000008001380                TIM1_TRG_COM_TIM11_IRQHandler
                0x0000000008001380                EXTI1_IRQHandler
                0x0000000008001380                I2C2_ER_IRQHandler
                0x0000000008001380                DMA2_Stream1_IRQHandler
                0x0000000008001380                FLASH_IRQHandler
                0x0000000008001380                DMA2_Stream4_IRQHandler
                0x0000000008001380                USART1_IRQHandler
                0x0000000008001380                OTG_FS_IRQHandler
                0x0000000008001380                SPI3_IRQHandler
                0x0000000008001380                DMA1_Stream4_IRQHandler
                0x0000000008001380                I2C1_ER_IRQHandler
                0x0000000008001380                DMA2_Stream6_IRQHandler
                0x0000000008001380                DMA1_Stream3_IRQHandler
 *fill*         0x0000000008001382        0x2 
 .text.HAL_InitTick
                0x0000000008001384       0x4c CMakeFiles/stepping_motor.elf.dir/Drivers/STM32F4xx_HAL_Driver/Src/stm32f4xx_hal.c.obj
                0x0000000008001384                HAL_InitTick
 .text.HAL_Init
                0x00000000080013d0       0x34 CMakeFiles/stepping_motor.elf.dir/Drivers/STM32F4xx_HAL_Driver/Src/stm32f4xx_hal.c.obj
                0x00000000080013d0                HAL_Init
 .text.HAL_IncTick
                0x0000000008001404       0x18 CMakeFiles/stepping_motor.elf.dir/Drivers/STM32F4xx_HAL_Driver/Src/stm32f4xx_hal.c.obj
                0x0000000008001404                HAL_IncTick
 .text.HAL_GetTick
                0x000000000800141c        0xc CMakeFiles/stepping_motor.elf.dir/Drivers/STM32F4xx_HAL_Driver/Src/stm32f4xx_hal.c.obj
                0x000000000800141c                HAL_GetTick
 .text.HAL_NVIC_SetPriorityGrouping
                0x0000000008001428       0x24 CMakeFiles/stepping_motor.elf.dir/Drivers/STM32F4xx_HAL_Driver/Src/stm32f4xx_hal_cortex.c.obj
                0x0000000008001428                HAL_NVIC_SetPriorityGrouping
 .text.HAL_NVIC_SetPriority
                0x000000000800144c       0x70 CMakeFiles/stepping_motor.elf.dir/Drivers/STM32F4xx_HAL_Driver/Src/stm32f4xx_hal_cortex.c.obj
                0x000000000800144c                HAL_NVIC_SetPriority
 .text.HAL_NVIC_EnableIRQ
                0x00000000080014bc       0x1c CMakeFiles/stepping_motor.elf.dir/Drivers/STM32F4xx_HAL_Driver/Src/stm32f4xx_hal_cortex.c.obj
                0x00000000080014bc                HAL_NVIC_EnableIRQ
 .text.HAL_SYSTICK_Config
                0x00000000080014d8       0x28 CMakeFiles/stepping_motor.elf.dir/Drivers/STM32F4xx_HAL_Driver/Src/stm32f4xx_hal_cortex.c.obj
                0x00000000080014d8                HAL_SYSTICK_Config
 .text.DMA_CalcBaseAndBitshift
                0x0000000008001500       0x40 CMakeFiles/stepping_motor.elf.dir/Drivers/STM32F4xx_HAL_Driver/Src/stm32f4xx_hal_dma.c.obj
 .text.DMA_CheckFifoParam
                0x0000000008001540       0x8e CMakeFiles/stepping_motor.elf.dir/Drivers/STM32F4xx_HAL_Driver/Src/stm32f4xx_hal_dma.c.obj
 *fill*         0x00000000080015ce        0x2 
 .text.HAL_DMA_Init
                0x00000000080015d0       0xcc CMakeFiles/stepping_motor.elf.dir/Drivers/STM32F4xx_HAL_Driver/Src/stm32f4xx_hal_dma.c.obj
                0x00000000080015d0                HAL_DMA_Init
 .text.HAL_DMA_Abort
                0x000000000800169c       0x94 CMakeFiles/stepping_motor.elf.dir/Drivers/STM32F4xx_HAL_Driver/Src/stm32f4xx_hal_dma.c.obj
                0x000000000800169c                HAL_DMA_Abort
 .text.HAL_DMA_Abort_IT
                0x0000000008001730       0x26 CMakeFiles/stepping_motor.elf.dir/Drivers/STM32F4xx_HAL_Driver/Src/stm32f4xx_hal_dma.c.obj
                0x0000000008001730                HAL_DMA_Abort_IT
 *fill*         0x0000000008001756        0x2 
 .text.HAL_DMA_IRQHandler
                0x0000000008001758      0x1dc CMakeFiles/stepping_motor.elf.dir/Drivers/STM32F4xx_HAL_Driver/Src/stm32f4xx_hal_dma.c.obj
                0x0000000008001758                HAL_DMA_IRQHandler
 .text.HAL_GPIO_Init
                0x0000000008001934      0x1c0 CMakeFiles/stepping_motor.elf.dir/Drivers/STM32F4xx_HAL_Driver/Src/stm32f4xx_hal_gpio.c.obj
                0x0000000008001934                HAL_GPIO_Init
 .text.HAL_GPIO_WritePin
                0x0000000008001af4        0xc CMakeFiles/stepping_motor.elf.dir/Drivers/STM32F4xx_HAL_Driver/Src/stm32f4xx_hal_gpio.c.obj
                0x0000000008001af4                HAL_GPIO_WritePin
 .text.HAL_RCC_OscConfig
                0x0000000008001b00      0x3f8 CMakeFiles/stepping_motor.elf.dir/Drivers/STM32F4xx_HAL_Driver/Src/stm32f4xx_hal_rcc.c.obj
                0x0000000008001b00                HAL_RCC_OscConfig
 .text.HAL_RCC_GetSysClockFreq
                0x0000000008001ef8       0xd4 CMakeFiles/stepping_motor.elf.dir/Drivers/STM32F4xx_HAL_Driver/Src/stm32f4xx_hal_rcc.c.obj
                0x0000000008001ef8                HAL_RCC_GetSysClockFreq
 .text.HAL_RCC_ClockConfig
                0x0000000008001fcc      0x160 CMakeFiles/stepping_motor.elf.dir/Drivers/STM32F4xx_HAL_Driver/Src/stm32f4xx_hal_rcc.c.obj
                0x0000000008001fcc                HAL_RCC_ClockConfig
 .text.HAL_RCC_GetHCLKFreq
                0x000000000800212c        0xc CMakeFiles/stepping_motor.elf.dir/Drivers/STM32F4xx_HAL_Driver/Src/stm32f4xx_hal_rcc.c.obj
                0x000000000800212c                HAL_RCC_GetHCLKFreq
 .text.HAL_RCC_GetPCLK1Freq
                0x0000000008002138       0x20 CMakeFiles/stepping_motor.elf.dir/Drivers/STM32F4xx_HAL_Driver/Src/stm32f4xx_hal_rcc.c.obj
                0x0000000008002138                HAL_RCC_GetPCLK1Freq
 .text.HAL_RCC_GetPCLK2Freq
                0x0000000008002158       0x20 CMakeFiles/stepping_motor.elf.dir/Drivers/STM32F4xx_HAL_Driver/Src/stm32f4xx_hal_rcc.c.obj
                0x0000000008002158                HAL_RCC_GetPCLK2Freq
 .text.UART_EndRxTransfer
                0x0000000008002178       0x5c CMakeFiles/stepping_motor.elf.dir/Drivers/STM32F4xx_HAL_Driver/Src/stm32f4xx_hal_uart.c.obj
 .text.UART_Transmit_IT
                0x00000000080021d4       0x60 CMakeFiles/stepping_motor.elf.dir/Drivers/STM32F4xx_HAL_Driver/Src/stm32f4xx_hal_uart.c.obj
 .text.UART_SetConfig
                0x0000000008002234      0x110 CMakeFiles/stepping_motor.elf.dir/Drivers/STM32F4xx_HAL_Driver/Src/stm32f4xx_hal_uart.c.obj
 .text.HAL_UART_Init
                0x0000000008002344       0x5e CMakeFiles/stepping_motor.elf.dir/Drivers/STM32F4xx_HAL_Driver/Src/stm32f4xx_hal_uart.c.obj
                0x0000000008002344                HAL_UART_Init
 .text.HAL_UART_TxCpltCallback
                0x00000000080023a2        0x2 CMakeFiles/stepping_motor.elf.dir/Drivers/STM32F4xx_HAL_Driver/Src/stm32f4xx_hal_uart.c.obj
                0x00000000080023a2                HAL_UART_TxCpltCallback
 .text.UART_EndTransmit_IT
                0x00000000080023a4       0x1a CMakeFiles/stepping_motor.elf.dir/Drivers/STM32F4xx_HAL_Driver/Src/stm32f4xx_hal_uart.c.obj
 .text.HAL_UART_RxCpltCallback
                0x00000000080023be        0x2 CMakeFiles/stepping_motor.elf.dir/Drivers/STM32F4xx_HAL_Driver/Src/stm32f4xx_hal_uart.c.obj
                0x00000000080023be                HAL_UART_RxCpltCallback
 .text.HAL_UART_ErrorCallback
                0x00000000080023c0        0x2 CMakeFiles/stepping_motor.elf.dir/Drivers/STM32F4xx_HAL_Driver/Src/stm32f4xx_hal_uart.c.obj
                0x00000000080023c0                HAL_UART_ErrorCallback
 .text.UART_DMAAbortOnError
                0x00000000080023c2       0x10 CMakeFiles/stepping_motor.elf.dir/Drivers/STM32F4xx_HAL_Driver/Src/stm32f4xx_hal_uart.c.obj
 .text.HAL_UARTEx_RxEventCallback
                0x00000000080023d2        0x2 CMakeFiles/stepping_motor.elf.dir/Drivers/STM32F4xx_HAL_Driver/Src/stm32f4xx_hal_uart.c.obj
                0x00000000080023d2                HAL_UARTEx_RxEventCallback
 .text.UART_Receive_IT
                0x00000000080023d4       0xe2 CMakeFiles/stepping_motor.elf.dir/Drivers/STM32F4xx_HAL_Driver/Src/stm32f4xx_hal_uart.c.obj
 *fill*         0x00000000080024b6        0x2 
 .text.HAL_UART_IRQHandler
                0x00000000080024b8      0x280 CMakeFiles/stepping_motor.elf.dir/Drivers/STM32F4xx_HAL_Driver/Src/stm32f4xx_hal_uart.c.obj
                0x00000000080024b8                HAL_UART_IRQHandler
 .text.__aeabi_atexit
                0x0000000008002738        0xc /usr/lib/gcc/arm-none-eabi/10.3.1/../../../arm-none-eabi/lib/thumb/v7e-m/nofp/libstdc++.a(atexit_arm.o)
                0x0000000008002738                __aeabi_atexit
 .text._ZNSt7__cxx1112basic_stringIcSt11char_traitsIcESaIcEED2Ev
                0x0000000008002744       0x18 /usr/lib/gcc/arm-none-eabi/10.3.1/../../../arm-none-eabi/lib/thumb/v7e-m/nofp/libstdc++.a(string-inst.o)
                0x0000000008002744                std::__cxx11::basic_string<char, std::char_traits<char>, std::allocator<char> >::~basic_string()
                0x0000000008002744                std::__cxx11::basic_string<char, std::char_traits<char>, std::allocator<char> >::~basic_string()
 .text._ZdlPv   0x000000000800275c        0x4 /usr/lib/gcc/arm-none-eabi/10.3.1/../../../arm-none-eabi/lib/thumb/v7e-m/nofp/libstdc++.a(del_op.o)
                0x000000000800275c                operator delete(void*)
 .text.startup._GLOBAL__sub_I__ZN9__gnu_cxx9__freeresEv
                0x0000000008002760       0x28 /usr/lib/gcc/arm-none-eabi/10.3.1/../../../arm-none-eabi/lib/thumb/v7e-m/nofp/libstdc++.a(eh_alloc.o)
 .text.startup  0x0000000008002788       0x14 /usr/lib/gcc/arm-none-eabi/10.3.1/../../../arm-none-eabi/lib/thumb/v7e-m/nofp/libc.a(lib_a-__call_atexit.o)
 *(.glue_7)
 .glue_7        0x000000000800279c        0x0 linker stubs
 *(.glue_7t)
 .glue_7t       0x000000000800279c        0x0 linker stubs
 *(.eh_frame)
 .eh_frame      0x000000000800279c        0x0 /usr/lib/gcc/arm-none-eabi/10.3.1/thumb/v7e-m/nofp/crtbegin.o
 *(.init)
 .init          0x000000000800279c        0x4 /usr/lib/gcc/arm-none-eabi/10.3.1/thumb/v7e-m/nofp/crti.o
                0x000000000800279c                _init
 .init          0x00000000080027a0        0x8 /usr/lib/gcc/arm-none-eabi/10.3.1/thumb/v7e-m/nofp/crtn.o
 *(.fini)
 .fini          0x00000000080027a8        0x4 /usr/lib/gcc/arm-none-eabi/10.3.1/thumb/v7e-m/nofp/crti.o
                0x00000000080027a8                _fini
 .fini          0x00000000080027ac        0x8 /usr/lib/gcc/arm-none-eabi/10.3.1/thumb/v7e-m/nofp/crtn.o
                0x00000000080027b4                . = ALIGN (0x4)
                0x00000000080027b4                _etext = .

.vfp11_veneer   0x00000000080027b4        0x0
 .vfp11_veneer  0x00000000080027b4        0x0 linker stubs

.v4_bx          0x00000000080027b4        0x0
 .v4_bx         0x00000000080027b4        0x0 linker stubs

.iplt           0x00000000080027b4        0x0
 .iplt          0x00000000080027b4        0x0 /usr/lib/gcc/arm-none-eabi/10.3.1/thumb/v7e-m/nofp/crtbegin.o

.rodata         0x00000000080027b4       0x24
                0x00000000080027b4                . = ALIGN (0x4)
 *(.rodata)
 .rodata        0x00000000080027b4        0x4 /usr/lib/gcc/arm-none-eabi/10.3.1/../../../arm-none-eabi/lib/thumb/v7e-m/nofp/libc.a(lib_a-impure.o)
                0x00000000080027b4                _global_impure_ptr
 *(.rodata*)
 .rodata.AHBPrescTable
                0x00000000080027b8       0x10 CMakeFiles/stepping_motor.elf.dir/Core/Src/system_stm32f4xx.c.obj
                0x00000000080027b8                AHBPrescTable
 .rodata.APBPrescTable
                0x00000000080027c8        0x8 CMakeFiles/stepping_motor.elf.dir/Core/Src/system_stm32f4xx.c.obj
                0x00000000080027c8                APBPrescTable
 .rodata.flagBitshiftOffset.0
                0x00000000080027d0        0x8 CMakeFiles/stepping_motor.elf.dir/Drivers/STM32F4xx_HAL_Driver/Src/stm32f4xx_hal_dma.c.obj
                0x00000000080027d8                . = ALIGN (0x4)

.ARM.extab      0x00000000080027d8        0x0
                0x00000000080027d8                . = ALIGN (0x4)
 *(.ARM.extab* .gnu.linkonce.armextab.*)
 .ARM.extab.text._ZNSt7__cxx1112basic_stringIcSt11char_traitsIcESaIcEED2Ev
                0x00000000080027d8        0x0 /usr/lib/gcc/arm-none-eabi/10.3.1/../../../arm-none-eabi/lib/thumb/v7e-m/nofp/libstdc++.a(string-inst.o)
                0x00000000080027d8                . = ALIGN (0x4)

.ARM            0x00000000080027d8        0x8
                0x00000000080027d8                . = ALIGN (0x4)
                0x00000000080027d8                __exidx_start = .
 *(.ARM.exidx*)
 .ARM.exidx     0x00000000080027d8        0x8 /usr/lib/gcc/arm-none-eabi/10.3.1/thumb/v7e-m/nofp/libgcc.a(_udivmoddi4.o)
 .ARM.exidx.text._Z41__static_initialization_and_destruction_0ii
                0x00000000080027e0        0x0 CMakeFiles/stepping_motor.elf.dir/Core/Src/start.cpp.obj
                                          0x8 (size before relaxing)
 .ARM.exidx.text.setup
                0x00000000080027e0        0x0 CMakeFiles/stepping_motor.elf.dir/Core/Src/start.cpp.obj
                                          0x8 (size before relaxing)
 .ARM.exidx.text._GLOBAL__sub_I__Z3strB5cxx11
                0x00000000080027e0        0x0 CMakeFiles/stepping_motor.elf.dir/Core/Src/start.cpp.obj
                                          0x8 (size before relaxing)
 .ARM.exidx.text.__aeabi_atexit
                0x00000000080027e0        0x0 /usr/lib/gcc/arm-none-eabi/10.3.1/../../../arm-none-eabi/lib/thumb/v7e-m/nofp/libstdc++.a(atexit_arm.o)
                                          0x8 (size before relaxing)
 .ARM.exidx.text._ZNSt7__cxx1112basic_stringIcSt11char_traitsIcESaIcEED2Ev
                0x00000000080027e0        0x0 /usr/lib/gcc/arm-none-eabi/10.3.1/../../../arm-none-eabi/lib/thumb/v7e-m/nofp/libstdc++.a(string-inst.o)
                                          0x8 (size before relaxing)
 .ARM.exidx.text._ZdlPv
                0x00000000080027e0        0x0 /usr/lib/gcc/arm-none-eabi/10.3.1/../../../arm-none-eabi/lib/thumb/v7e-m/nofp/libstdc++.a(del_op.o)
                                          0x8 (size before relaxing)
 .ARM.exidx.text.startup._GLOBAL__sub_I__ZN9__gnu_cxx9__freeresEv
                0x00000000080027e0        0x0 /usr/lib/gcc/arm-none-eabi/10.3.1/../../../arm-none-eabi/lib/thumb/v7e-m/nofp/libstdc++.a(eh_alloc.o)
                                          0x8 (size before relaxing)
                0x00000000080027e0                __exidx_end = .
                0x00000000080027e0                . = ALIGN (0x4)

.rel.dyn        0x00000000080027e0        0x0
 .rel.iplt      0x00000000080027e0        0x0 /usr/lib/gcc/arm-none-eabi/10.3.1/thumb/v7e-m/nofp/crtbegin.o

.preinit_array  0x00000000080027e0        0x0
                0x00000000080027e0                . = ALIGN (0x4)
                0x00000000080027e0                PROVIDE (__preinit_array_start = .)
 *(.preinit_array*)
                0x00000000080027e0                PROVIDE (__preinit_array_end = .)
                0x00000000080027e0                . = ALIGN (0x4)

.init_array     0x00000000080027e0       0x10
                0x00000000080027e0                . = ALIGN (0x4)
                0x00000000080027e0                PROVIDE (__init_array_start = .)
 *(SORT_BY_NAME(.init_array.*))
 .init_array.00000
                0x00000000080027e0        0x4 /usr/lib/gcc/arm-none-eabi/10.3.1/../../../arm-none-eabi/lib/thumb/v7e-m/nofp/libc.a(lib_a-__call_atexit.o)
 *(.init_array*)
 .init_array    0x00000000080027e4        0x4 /usr/lib/gcc/arm-none-eabi/10.3.1/thumb/v7e-m/nofp/crtbegin.o
 .init_array    0x00000000080027e8        0x4 CMakeFiles/stepping_motor.elf.dir/Core/Src/start.cpp.obj
 .init_array    0x00000000080027ec        0x4 /usr/lib/gcc/arm-none-eabi/10.3.1/../../../arm-none-eabi/lib/thumb/v7e-m/nofp/libstdc++.a(eh_alloc.o)
                0x00000000080027f0                PROVIDE (__init_array_end = .)
                0x00000000080027f0                . = ALIGN (0x4)

.fini_array     0x00000000080027f0        0x4
                0x00000000080027f0                . = ALIGN (0x4)
                0x00000000080027f0                PROVIDE (__fini_array_start = .)
 *(SORT_BY_NAME(.fini_array.*))
 *(.fini_array*)
 .fini_array    0x00000000080027f0        0x4 /usr/lib/gcc/arm-none-eabi/10.3.1/thumb/v7e-m/nofp/crtbegin.o
                0x00000000080027f4                PROVIDE (__fini_array_end = .)
                0x00000000080027f4                . = ALIGN (0x4)
                0x00000000080027f4                _sidata = LOADADDR (.data)

.data           0x0000000020000000      0x854 load address 0x00000000080027f4
                0x0000000020000000                . = ALIGN (0x4)
                0x0000000020000000                _sdata = .
 *(.data)
 .data          0x0000000020000000        0x4 /usr/lib/gcc/arm-none-eabi/10.3.1/thumb/v7e-m/nofp/crtbegin.o
                0x0000000020000000                __dso_handle
 *fill*         0x0000000020000004        0x4 
 .data          0x0000000020000008      0x430 /usr/lib/gcc/arm-none-eabi/10.3.1/../../../arm-none-eabi/lib/thumb/v7e-m/nofp/libc.a(lib_a-impure.o)
                0x0000000020000008                _impure_ptr
 .data          0x0000000020000438      0x410 /usr/lib/gcc/arm-none-eabi/10.3.1/../../../arm-none-eabi/lib/thumb/v7e-m/nofp/libc.a(lib_a-mallocr.o)
                0x0000000020000438                __malloc_av_
                0x0000000020000840                __malloc_sbrk_base
                0x0000000020000844                __malloc_trim_threshold
 *(.data*)
 .data.SystemCoreClock
                0x0000000020000848        0x4 CMakeFiles/stepping_motor.elf.dir/Core/Src/system_stm32f4xx.c.obj
                0x0000000020000848                SystemCoreClock
 .data.uwTickFreq
                0x000000002000084c        0x1 CMakeFiles/stepping_motor.elf.dir/Drivers/STM32F4xx_HAL_Driver/Src/stm32f4xx_hal.c.obj
                0x000000002000084c                uwTickFreq
 *fill*         0x000000002000084d        0x3 
 .data.uwTickPrio
                0x0000000020000850        0x4 CMakeFiles/stepping_motor.elf.dir/Drivers/STM32F4xx_HAL_Driver/Src/stm32f4xx_hal.c.obj
                0x0000000020000850                uwTickPrio
 *(.RamFunc)
 *(.RamFunc*)
                0x0000000020000854                . = ALIGN (0x4)
                0x0000000020000854                _edata = .

.tm_clone_table
                0x0000000020000854        0x0 load address 0x0000000008003048
 .tm_clone_table
                0x0000000020000854        0x0 /usr/lib/gcc/arm-none-eabi/10.3.1/thumb/v7e-m/nofp/crtbegin.o
 .tm_clone_table
                0x0000000020000854        0x0 /usr/lib/gcc/arm-none-eabi/10.3.1/thumb/v7e-m/nofp/crtend.o

.igot.plt       0x0000000020000854        0x0 load address 0x0000000008003048
 .igot.plt      0x0000000020000854        0x0 /usr/lib/gcc/arm-none-eabi/10.3.1/thumb/v7e-m/nofp/crtbegin.o
                0x0000000020000854                . = ALIGN (0x4)

.bss            0x0000000020000854      0x188 load address 0x0000000008003048
                0x0000000020000854                _sbss = .
                0x0000000020000854                __bss_start__ = _sbss
 *(.bss)
 .bss           0x0000000020000854       0x1c /usr/lib/gcc/arm-none-eabi/10.3.1/thumb/v7e-m/nofp/crtbegin.o
 .bss           0x0000000020000870       0x34 /usr/lib/gcc/arm-none-eabi/10.3.1/../../../arm-none-eabi/lib/thumb/v7e-m/nofp/libc.a(lib_a-mallocr.o)
                0x0000000020000870                __malloc_top_pad
                0x0000000020000874                __malloc_current_mallinfo
                0x000000002000089c                __malloc_max_sbrked_mem
                0x00000000200008a0                __malloc_max_total_mem
 .bss           0x00000000200008a4        0x4 /usr/lib/gcc/arm-none-eabi/10.3.1/../../../arm-none-eabi/lib/thumb/v7e-m/nofp/libc.a(lib_a-reent.o)
                0x00000000200008a4                errno
 *(.bss*)
 .bss._Z3strB5cxx11
                0x00000000200008a8       0x18 CMakeFiles/stepping_motor.elf.dir/Core/Src/start.cpp.obj
                0x00000000200008a8                str[abi:cxx11]
 .bss.__sbrk_heap_end
                0x00000000200008c0        0x4 CMakeFiles/stepping_motor.elf.dir/Core/Src/sysmem.c.obj
 .bss.hdma_usart2_rx
                0x00000000200008c4       0x60 CMakeFiles/stepping_motor.elf.dir/Core/Src/usart.c.obj
                0x00000000200008c4                hdma_usart2_rx
 .bss.hdma_usart2_tx
                0x0000000020000924       0x60 CMakeFiles/stepping_motor.elf.dir/Core/Src/usart.c.obj
                0x0000000020000924                hdma_usart2_tx
 .bss.huart2    0x0000000020000984       0x44 CMakeFiles/stepping_motor.elf.dir/Core/Src/usart.c.obj
                0x0000000020000984                huart2
 .bss.uwTick    0x00000000200009c8        0x4 CMakeFiles/stepping_motor.elf.dir/Drivers/STM32F4xx_HAL_Driver/Src/stm32f4xx_hal.c.obj
                0x00000000200009c8                uwTick
 .bss._ZN12_GLOBAL__N_114emergency_poolE
                0x00000000200009cc       0x10 /usr/lib/gcc/arm-none-eabi/10.3.1/../../../arm-none-eabi/lib/thumb/v7e-m/nofp/libstdc++.a(eh_alloc.o)
 *(COMMON)
                0x00000000200009dc                . = ALIGN (0x4)
                0x00000000200009dc                _ebss = .
                0x00000000200009dc                __bss_end__ = _ebss

._user_heap_stack
                0x00000000200009dc      0x604 load address 0x0000000008003048
                0x00000000200009e0                . = ALIGN (0x8)
 *fill*         0x00000000200009dc        0x4 
                [!provide]                        PROVIDE (end = .)
                0x00000000200009e0                PROVIDE (_end = .)
                0x0000000020000be0                . = (. + _Min_Heap_Size)
 *fill*         0x00000000200009e0      0x200 
                0x0000000020000fe0                . = (. + _Min_Stack_Size)
 *fill*         0x0000000020000be0      0x400 
                0x0000000020000fe0                . = ALIGN (0x8)

/DISCARD/
 libc.a(*)
 libm.a(*)
 libgcc.a(*)

.ARM.attributes
                0x0000000000000000       0x2a
 *(.ARM.attributes)
 .ARM.attributes
                0x0000000000000000       0x1e /usr/lib/gcc/arm-none-eabi/10.3.1/thumb/v7e-m/nofp/crti.o
 .ARM.attributes
                0x000000000000001e       0x2e /usr/lib/gcc/arm-none-eabi/10.3.1/thumb/v7e-m/nofp/crtbegin.o
 .ARM.attributes
                0x000000000000004c       0x2e CMakeFiles/stepping_motor.elf.dir/Core/Src/dma.c.obj
 .ARM.attributes
                0x000000000000007a       0x2e CMakeFiles/stepping_motor.elf.dir/Core/Src/gpio.c.obj
 .ARM.attributes
                0x00000000000000a8       0x2e CMakeFiles/stepping_motor.elf.dir/Core/Src/main.c.obj
 .ARM.attributes
                0x00000000000000d6       0x2e CMakeFiles/stepping_motor.elf.dir/Core/Src/start.cpp.obj
 .ARM.attributes
                0x0000000000000104       0x2e CMakeFiles/stepping_motor.elf.dir/Core/Src/stm32f4xx_hal_msp.c.obj
 .ARM.attributes
                0x0000000000000132       0x2e CMakeFiles/stepping_motor.elf.dir/Core/Src/stm32f4xx_it.c.obj
 .ARM.attributes
                0x0000000000000160       0x2e CMakeFiles/stepping_motor.elf.dir/Core/Src/sysmem.c.obj
 .ARM.attributes
                0x000000000000018e       0x2e CMakeFiles/stepping_motor.elf.dir/Core/Src/system_stm32f4xx.c.obj
 .ARM.attributes
                0x00000000000001bc       0x2e CMakeFiles/stepping_motor.elf.dir/Core/Src/usart.c.obj
 .ARM.attributes
                0x00000000000001ea       0x21 CMakeFiles/stepping_motor.elf.dir/Core/Startup/startup_stm32f411retx.s.obj
 .ARM.attributes
                0x000000000000020b       0x2e CMakeFiles/stepping_motor.elf.dir/Drivers/STM32F4xx_HAL_Driver/Src/stm32f4xx_hal.c.obj
 .ARM.attributes
                0x0000000000000239       0x2e CMakeFiles/stepping_motor.elf.dir/Drivers/STM32F4xx_HAL_Driver/Src/stm32f4xx_hal_cortex.c.obj
 .ARM.attributes
                0x0000000000000267       0x2e CMakeFiles/stepping_motor.elf.dir/Drivers/STM32F4xx_HAL_Driver/Src/stm32f4xx_hal_dma.c.obj
 .ARM.attributes
                0x0000000000000295       0x2e CMakeFiles/stepping_motor.elf.dir/Drivers/STM32F4xx_HAL_Driver/Src/stm32f4xx_hal_gpio.c.obj
 .ARM.attributes
                0x00000000000002c3       0x2e CMakeFiles/stepping_motor.elf.dir/Drivers/STM32F4xx_HAL_Driver/Src/stm32f4xx_hal_rcc.c.obj
 .ARM.attributes
                0x00000000000002f1       0x2e CMakeFiles/stepping_motor.elf.dir/Drivers/STM32F4xx_HAL_Driver/Src/stm32f4xx_hal_uart.c.obj
 .ARM.attributes
                0x000000000000031f       0x2e /usr/lib/gcc/arm-none-eabi/10.3.1/../../../arm-none-eabi/lib/thumb/v7e-m/nofp/libstdc++.a(atexit_arm.o)
 .ARM.attributes
                0x000000000000034d       0x2e /usr/lib/gcc/arm-none-eabi/10.3.1/../../../arm-none-eabi/lib/thumb/v7e-m/nofp/libstdc++.a(string-inst.o)
 .ARM.attributes
                0x000000000000037b       0x2e /usr/lib/gcc/arm-none-eabi/10.3.1/../../../arm-none-eabi/lib/thumb/v7e-m/nofp/libstdc++.a(del_op.o)
 .ARM.attributes
                0x00000000000003a9       0x2e /usr/lib/gcc/arm-none-eabi/10.3.1/../../../arm-none-eabi/lib/thumb/v7e-m/nofp/libstdc++.a(eh_alloc.o)
 .ARM.attributes
                0x00000000000003d7       0x1e /usr/lib/gcc/arm-none-eabi/10.3.1/thumb/v7e-m/nofp/libgcc.a(_aeabi_uldivmod.o)
 .ARM.attributes
                0x00000000000003f5       0x2e /usr/lib/gcc/arm-none-eabi/10.3.1/thumb/v7e-m/nofp/libgcc.a(_udivmoddi4.o)
 .ARM.attributes
                0x0000000000000423       0x1e /usr/lib/gcc/arm-none-eabi/10.3.1/thumb/v7e-m/nofp/libgcc.a(_dvmd_tls.o)
 .ARM.attributes
                0x0000000000000441       0x2e /usr/lib/gcc/arm-none-eabi/10.3.1/../../../arm-none-eabi/lib/thumb/v7e-m/nofp/libc.a(lib_a-atexit.o)
 .ARM.attributes
                0x000000000000046f       0x2e /usr/lib/gcc/arm-none-eabi/10.3.1/../../../arm-none-eabi/lib/thumb/v7e-m/nofp/libc.a(lib_a-cxa_atexit.o)
 .ARM.attributes
                0x000000000000049d       0x2e /usr/lib/gcc/arm-none-eabi/10.3.1/../../../arm-none-eabi/lib/thumb/v7e-m/nofp/libc.a(lib_a-errno.o)
 .ARM.attributes
                0x00000000000004cb       0x2e /usr/lib/gcc/arm-none-eabi/10.3.1/../../../arm-none-eabi/lib/thumb/v7e-m/nofp/libc.a(lib_a-fini.o)
 .ARM.attributes
                0x00000000000004f9       0x2e /usr/lib/gcc/arm-none-eabi/10.3.1/../../../arm-none-eabi/lib/thumb/v7e-m/nofp/libc.a(lib_a-impure.o)
 .ARM.attributes
                0x0000000000000527       0x2e /usr/lib/gcc/arm-none-eabi/10.3.1/../../../arm-none-eabi/lib/thumb/v7e-m/nofp/libc.a(lib_a-init.o)
 .ARM.attributes
                0x0000000000000555       0x2e /usr/lib/gcc/arm-none-eabi/10.3.1/../../../arm-none-eabi/lib/thumb/v7e-m/nofp/libc.a(lib_a-malloc.o)
 .ARM.attributes
                0x0000000000000583       0x2e /usr/lib/gcc/arm-none-eabi/10.3.1/../../../arm-none-eabi/lib/thumb/v7e-m/nofp/libc.a(lib_a-mallocr.o)
 .ARM.attributes
                0x00000000000005b1       0x2e /usr/lib/gcc/arm-none-eabi/10.3.1/../../../arm-none-eabi/lib/thumb/v7e-m/nofp/libc.a(lib_a-memset.o)
 .ARM.attributes
                0x00000000000005df       0x2e /usr/lib/gcc/arm-none-eabi/10.3.1/../../../arm-none-eabi/lib/thumb/v7e-m/nofp/libc.a(lib_a-mlock.o)
 .ARM.attributes
                0x000000000000060d       0x2e /usr/lib/gcc/arm-none-eabi/10.3.1/../../../arm-none-eabi/lib/thumb/v7e-m/nofp/libc.a(lib_a-sbrkr.o)
 .ARM.attributes
                0x000000000000063b       0x2e /usr/lib/gcc/arm-none-eabi/10.3.1/../../../arm-none-eabi/lib/thumb/v7e-m/nofp/libc.a(lib_a-__atexit.o)
 .ARM.attributes
                0x0000000000000669       0x2e /usr/lib/gcc/arm-none-eabi/10.3.1/../../../arm-none-eabi/lib/thumb/v7e-m/nofp/libc.a(lib_a-__call_atexit.o)
 .ARM.attributes
                0x0000000000000697       0x2e /usr/lib/gcc/arm-none-eabi/10.3.1/../../../arm-none-eabi/lib/thumb/v7e-m/nofp/libc.a(lib_a-freer.o)
 .ARM.attributes
                0x00000000000006c5       0x2e /usr/lib/gcc/arm-none-eabi/10.3.1/../../../arm-none-eabi/lib/thumb/v7e-m/nofp/libc.a(lib_a-reent.o)
 .ARM.attributes
                0x00000000000006f3       0x2e /usr/lib/gcc/arm-none-eabi/10.3.1/thumb/v7e-m/nofp/crtend.o
 .ARM.attributes
                0x0000000000000721       0x1e /usr/lib/gcc/arm-none-eabi/10.3.1/thumb/v7e-m/nofp/crtn.o
OUTPUT(stepping_motor.elf elf32-littlearm)
LOAD linker stubs
LOAD /usr/lib/gcc/arm-none-eabi/10.3.1/../../../arm-none-eabi/lib/thumb/v7e-m/nofp/libc.a
LOAD /usr/lib/gcc/arm-none-eabi/10.3.1/../../../arm-none-eabi/lib/thumb/v7e-m/nofp/libm.a
LOAD /usr/lib/gcc/arm-none-eabi/10.3.1/thumb/v7e-m/nofp/libgcc.a

.comment        0x0000000000000000       0x33
 .comment       0x0000000000000000       0x33 /usr/lib/gcc/arm-none-eabi/10.3.1/thumb/v7e-m/nofp/crtbegin.o
                                         0x34 (size before relaxing)
 .comment       0x0000000000000033       0x34 CMakeFiles/stepping_motor.elf.dir/Core/Src/dma.c.obj
 .comment       0x0000000000000033       0x34 CMakeFiles/stepping_motor.elf.dir/Core/Src/gpio.c.obj
 .comment       0x0000000000000033       0x34 CMakeFiles/stepping_motor.elf.dir/Core/Src/main.c.obj
 .comment       0x0000000000000033       0x34 CMakeFiles/stepping_motor.elf.dir/Core/Src/start.cpp.obj
 .comment       0x0000000000000033       0x34 CMakeFiles/stepping_motor.elf.dir/Core/Src/stm32f4xx_hal_msp.c.obj
 .comment       0x0000000000000033       0x34 CMakeFiles/stepping_motor.elf.dir/Core/Src/stm32f4xx_it.c.obj
 .comment       0x0000000000000033       0x34 CMakeFiles/stepping_motor.elf.dir/Core/Src/sysmem.c.obj
 .comment       0x0000000000000033       0x34 CMakeFiles/stepping_motor.elf.dir/Core/Src/system_stm32f4xx.c.obj
 .comment       0x0000000000000033       0x34 CMakeFiles/stepping_motor.elf.dir/Core/Src/usart.c.obj
 .comment       0x0000000000000033       0x34 CMakeFiles/stepping_motor.elf.dir/Drivers/STM32F4xx_HAL_Driver/Src/stm32f4xx_hal.c.obj
 .comment       0x0000000000000033       0x34 CMakeFiles/stepping_motor.elf.dir/Drivers/STM32F4xx_HAL_Driver/Src/stm32f4xx_hal_cortex.c.obj
 .comment       0x0000000000000033       0x34 CMakeFiles/stepping_motor.elf.dir/Drivers/STM32F4xx_HAL_Driver/Src/stm32f4xx_hal_dma.c.obj
 .comment       0x0000000000000033       0x34 CMakeFiles/stepping_motor.elf.dir/Drivers/STM32F4xx_HAL_Driver/Src/stm32f4xx_hal_gpio.c.obj
 .comment       0x0000000000000033       0x34 CMakeFiles/stepping_motor.elf.dir/Drivers/STM32F4xx_HAL_Driver/Src/stm32f4xx_hal_rcc.c.obj
 .comment       0x0000000000000033       0x34 CMakeFiles/stepping_motor.elf.dir/Drivers/STM32F4xx_HAL_Driver/Src/stm32f4xx_hal_uart.c.obj
 .comment       0x0000000000000033       0x34 /usr/lib/gcc/arm-none-eabi/10.3.1/../../../arm-none-eabi/lib/thumb/v7e-m/nofp/libstdc++.a(atexit_arm.o)
 .comment       0x0000000000000033       0x34 /usr/lib/gcc/arm-none-eabi/10.3.1/../../../arm-none-eabi/lib/thumb/v7e-m/nofp/libstdc++.a(string-inst.o)
 .comment       0x0000000000000033       0x34 /usr/lib/gcc/arm-none-eabi/10.3.1/../../../arm-none-eabi/lib/thumb/v7e-m/nofp/libstdc++.a(del_op.o)
 .comment       0x0000000000000033       0x34 /usr/lib/gcc/arm-none-eabi/10.3.1/../../../arm-none-eabi/lib/thumb/v7e-m/nofp/libstdc++.a(eh_alloc.o)
 .comment       0x0000000000000033       0x34 /usr/lib/gcc/arm-none-eabi/10.3.1/thumb/v7e-m/nofp/libgcc.a(_udivmoddi4.o)
 .comment       0x0000000000000033       0x34 /usr/lib/gcc/arm-none-eabi/10.3.1/../../../arm-none-eabi/lib/thumb/v7e-m/nofp/libc.a(lib_a-atexit.o)
 .comment       0x0000000000000033       0x34 /usr/lib/gcc/arm-none-eabi/10.3.1/../../../arm-none-eabi/lib/thumb/v7e-m/nofp/libc.a(lib_a-cxa_atexit.o)
 .comment       0x0000000000000033       0x34 /usr/lib/gcc/arm-none-eabi/10.3.1/../../../arm-none-eabi/lib/thumb/v7e-m/nofp/libc.a(lib_a-errno.o)
 .comment       0x0000000000000033       0x34 /usr/lib/gcc/arm-none-eabi/10.3.1/../../../arm-none-eabi/lib/thumb/v7e-m/nofp/libc.a(lib_a-fini.o)
 .comment       0x0000000000000033       0x34 /usr/lib/gcc/arm-none-eabi/10.3.1/../../../arm-none-eabi/lib/thumb/v7e-m/nofp/libc.a(lib_a-impure.o)
 .comment       0x0000000000000033       0x34 /usr/lib/gcc/arm-none-eabi/10.3.1/../../../arm-none-eabi/lib/thumb/v7e-m/nofp/libc.a(lib_a-init.o)
 .comment       0x0000000000000033       0x34 /usr/lib/gcc/arm-none-eabi/10.3.1/../../../arm-none-eabi/lib/thumb/v7e-m/nofp/libc.a(lib_a-malloc.o)
 .comment       0x0000000000000033       0x34 /usr/lib/gcc/arm-none-eabi/10.3.1/../../../arm-none-eabi/lib/thumb/v7e-m/nofp/libc.a(lib_a-mallocr.o)
 .comment       0x0000000000000033       0x34 /usr/lib/gcc/arm-none-eabi/10.3.1/../../../arm-none-eabi/lib/thumb/v7e-m/nofp/libc.a(lib_a-memset.o)
 .comment       0x0000000000000033       0x34 /usr/lib/gcc/arm-none-eabi/10.3.1/../../../arm-none-eabi/lib/thumb/v7e-m/nofp/libc.a(lib_a-mlock.o)
 .comment       0x0000000000000033       0x34 /usr/lib/gcc/arm-none-eabi/10.3.1/../../../arm-none-eabi/lib/thumb/v7e-m/nofp/libc.a(lib_a-sbrkr.o)
 .comment       0x0000000000000033       0x34 /usr/lib/gcc/arm-none-eabi/10.3.1/../../../arm-none-eabi/lib/thumb/v7e-m/nofp/libc.a(lib_a-__atexit.o)
 .comment       0x0000000000000033       0x34 /usr/lib/gcc/arm-none-eabi/10.3.1/../../../arm-none-eabi/lib/thumb/v7e-m/nofp/libc.a(lib_a-__call_atexit.o)
 .comment       0x0000000000000033       0x34 /usr/lib/gcc/arm-none-eabi/10.3.1/../../../arm-none-eabi/lib/thumb/v7e-m/nofp/libc.a(lib_a-freer.o)
 .comment       0x0000000000000033       0x34 /usr/lib/gcc/arm-none-eabi/10.3.1/../../../arm-none-eabi/lib/thumb/v7e-m/nofp/libc.a(lib_a-reent.o)
 .comment       0x0000000000000033       0x34 /usr/lib/gcc/arm-none-eabi/10.3.1/thumb/v7e-m/nofp/crtend.o

.debug_info     0x0000000000000000    0x39973
 .debug_info    0x0000000000000000      0x4be CMakeFiles/stepping_motor.elf.dir/Core/Src/dma.c.obj
 .debug_info    0x00000000000004be      0x4e4 CMakeFiles/stepping_motor.elf.dir/Core/Src/gpio.c.obj
 .debug_info    0x00000000000009a2      0x5c5 CMakeFiles/stepping_motor.elf.dir/Core/Src/main.c.obj
 .debug_info    0x0000000000000f67     0xa58c CMakeFiles/stepping_motor.elf.dir/Core/Src/start.cpp.obj
 .debug_info    0x000000000000b4f3      0x2e8 CMakeFiles/stepping_motor.elf.dir/Core/Src/stm32f4xx_hal_msp.c.obj
 .debug_info    0x000000000000b7db      0x6ae CMakeFiles/stepping_motor.elf.dir/Core/Src/stm32f4xx_it.c.obj
 .debug_info    0x000000000000be89      0x15c CMakeFiles/stepping_motor.elf.dir/Core/Src/sysmem.c.obj
 .debug_info    0x000000000000bfe5      0x391 CMakeFiles/stepping_motor.elf.dir/Core/Src/system_stm32f4xx.c.obj
 .debug_info    0x000000000000c376      0xc64 CMakeFiles/stepping_motor.elf.dir/Core/Src/usart.c.obj
 .debug_info    0x000000000000cfda       0x30 CMakeFiles/stepping_motor.elf.dir/Core/Startup/startup_stm32f411retx.s.obj
 .debug_info    0x000000000000d00a      0x975 CMakeFiles/stepping_motor.elf.dir/Drivers/STM32F4xx_HAL_Driver/Src/stm32f4xx_hal.c.obj
 .debug_info    0x000000000000d97f      0xfe4 CMakeFiles/stepping_motor.elf.dir/Drivers/STM32F4xx_HAL_Driver/Src/stm32f4xx_hal_cortex.c.obj
 .debug_info    0x000000000000e963      0xb1f CMakeFiles/stepping_motor.elf.dir/Drivers/STM32F4xx_HAL_Driver/Src/stm32f4xx_hal_dma.c.obj
 .debug_info    0x000000000000f482      0x7b0 CMakeFiles/stepping_motor.elf.dir/Drivers/STM32F4xx_HAL_Driver/Src/stm32f4xx_hal_gpio.c.obj
 .debug_info    0x000000000000fc32      0xafa CMakeFiles/stepping_motor.elf.dir/Drivers/STM32F4xx_HAL_Driver/Src/stm32f4xx_hal_rcc.c.obj
 .debug_info    0x000000000001072c     0x4216 CMakeFiles/stepping_motor.elf.dir/Drivers/STM32F4xx_HAL_Driver/Src/stm32f4xx_hal_uart.c.obj
 .debug_info    0x0000000000014942      0x166 /usr/lib/gcc/arm-none-eabi/10.3.1/../../../arm-none-eabi/lib/thumb/v7e-m/nofp/libstdc++.a(atexit_arm.o)
 .debug_info    0x0000000000014aa8    0x1b690 /usr/lib/gcc/arm-none-eabi/10.3.1/../../../arm-none-eabi/lib/thumb/v7e-m/nofp/libstdc++.a(string-inst.o)
 .debug_info    0x0000000000030138      0x8a2 /usr/lib/gcc/arm-none-eabi/10.3.1/../../../arm-none-eabi/lib/thumb/v7e-m/nofp/libstdc++.a(del_op.o)
 .debug_info    0x00000000000309da     0x189b /usr/lib/gcc/arm-none-eabi/10.3.1/../../../arm-none-eabi/lib/thumb/v7e-m/nofp/libstdc++.a(eh_alloc.o)
 .debug_info    0x0000000000032275       0x26 /usr/lib/gcc/arm-none-eabi/10.3.1/thumb/v7e-m/nofp/libgcc.a(_aeabi_uldivmod.o)
 .debug_info    0x000000000003229b      0x717 /usr/lib/gcc/arm-none-eabi/10.3.1/thumb/v7e-m/nofp/libgcc.a(_udivmoddi4.o)
 .debug_info    0x00000000000329b2       0x26 /usr/lib/gcc/arm-none-eabi/10.3.1/thumb/v7e-m/nofp/libgcc.a(_dvmd_tls.o)
 .debug_info    0x00000000000329d8      0x100 /usr/lib/gcc/arm-none-eabi/10.3.1/../../../arm-none-eabi/lib/thumb/v7e-m/nofp/libc.a(lib_a-atexit.o)
 .debug_info    0x0000000000032ad8      0x136 /usr/lib/gcc/arm-none-eabi/10.3.1/../../../arm-none-eabi/lib/thumb/v7e-m/nofp/libc.a(lib_a-cxa_atexit.o)
 .debug_info    0x0000000000032c0e      0x914 /usr/lib/gcc/arm-none-eabi/10.3.1/../../../arm-none-eabi/lib/thumb/v7e-m/nofp/libc.a(lib_a-errno.o)
 .debug_info    0x0000000000033522      0x102 /usr/lib/gcc/arm-none-eabi/10.3.1/../../../arm-none-eabi/lib/thumb/v7e-m/nofp/libc.a(lib_a-fini.o)
 .debug_info    0x0000000000033624      0x92a /usr/lib/gcc/arm-none-eabi/10.3.1/../../../arm-none-eabi/lib/thumb/v7e-m/nofp/libc.a(lib_a-impure.o)
 .debug_info    0x0000000000033f4e      0x11a /usr/lib/gcc/arm-none-eabi/10.3.1/../../../arm-none-eabi/lib/thumb/v7e-m/nofp/libc.a(lib_a-init.o)
 .debug_info    0x0000000000034068      0x998 /usr/lib/gcc/arm-none-eabi/10.3.1/../../../arm-none-eabi/lib/thumb/v7e-m/nofp/libc.a(lib_a-malloc.o)
 .debug_info    0x0000000000034a00      0xe95 /usr/lib/gcc/arm-none-eabi/10.3.1/../../../arm-none-eabi/lib/thumb/v7e-m/nofp/libc.a(lib_a-mallocr.o)
 .debug_info    0x0000000000035895      0x137 /usr/lib/gcc/arm-none-eabi/10.3.1/../../../arm-none-eabi/lib/thumb/v7e-m/nofp/libc.a(lib_a-memset.o)
 .debug_info    0x00000000000359cc      0x942 /usr/lib/gcc/arm-none-eabi/10.3.1/../../../arm-none-eabi/lib/thumb/v7e-m/nofp/libc.a(lib_a-mlock.o)
 .debug_info    0x000000000003630e      0x98e /usr/lib/gcc/arm-none-eabi/10.3.1/../../../arm-none-eabi/lib/thumb/v7e-m/nofp/libc.a(lib_a-sbrkr.o)
 .debug_info    0x0000000000036c9c      0x9b0 /usr/lib/gcc/arm-none-eabi/10.3.1/../../../arm-none-eabi/lib/thumb/v7e-m/nofp/libc.a(lib_a-__atexit.o)
 .debug_info    0x000000000003764c      0xa3d /usr/lib/gcc/arm-none-eabi/10.3.1/../../../arm-none-eabi/lib/thumb/v7e-m/nofp/libc.a(lib_a-__call_atexit.o)
 .debug_info    0x0000000000038089      0xd10 /usr/lib/gcc/arm-none-eabi/10.3.1/../../../arm-none-eabi/lib/thumb/v7e-m/nofp/libc.a(lib_a-freer.o)
 .debug_info    0x0000000000038d99      0xbda /usr/lib/gcc/arm-none-eabi/10.3.1/../../../arm-none-eabi/lib/thumb/v7e-m/nofp/libc.a(lib_a-reent.o)

.debug_abbrev   0x0000000000000000     0x5530
 .debug_abbrev  0x0000000000000000      0x126 CMakeFiles/stepping_motor.elf.dir/Core/Src/dma.c.obj
 .debug_abbrev  0x0000000000000126      0x14e CMakeFiles/stepping_motor.elf.dir/Core/Src/gpio.c.obj
 .debug_abbrev  0x0000000000000274      0x1b7 CMakeFiles/stepping_motor.elf.dir/Core/Src/main.c.obj
 .debug_abbrev  0x000000000000042b      0x7ea CMakeFiles/stepping_motor.elf.dir/Core/Src/start.cpp.obj
 .debug_abbrev  0x0000000000000c15       0xf4 CMakeFiles/stepping_motor.elf.dir/Core/Src/stm32f4xx_hal_msp.c.obj
 .debug_abbrev  0x0000000000000d09      0x17f CMakeFiles/stepping_motor.elf.dir/Core/Src/stm32f4xx_it.c.obj
 .debug_abbrev  0x0000000000000e88       0xe7 CMakeFiles/stepping_motor.elf.dir/Core/Src/sysmem.c.obj
 .debug_abbrev  0x0000000000000f6f      0x119 CMakeFiles/stepping_motor.elf.dir/Core/Src/system_stm32f4xx.c.obj
 .debug_abbrev  0x0000000000001088      0x1f6 CMakeFiles/stepping_motor.elf.dir/Core/Src/usart.c.obj
 .debug_abbrev  0x000000000000127e       0x1d CMakeFiles/stepping_motor.elf.dir/Core/Startup/startup_stm32f411retx.s.obj
 .debug_abbrev  0x000000000000129b      0x237 CMakeFiles/stepping_motor.elf.dir/Drivers/STM32F4xx_HAL_Driver/Src/stm32f4xx_hal.c.obj
 .debug_abbrev  0x00000000000014d2      0x36a CMakeFiles/stepping_motor.elf.dir/Drivers/STM32F4xx_HAL_Driver/Src/stm32f4xx_hal_cortex.c.obj
 .debug_abbrev  0x000000000000183c      0x282 CMakeFiles/stepping_motor.elf.dir/Drivers/STM32F4xx_HAL_Driver/Src/stm32f4xx_hal_dma.c.obj
 .debug_abbrev  0x0000000000001abe      0x1ef CMakeFiles/stepping_motor.elf.dir/Drivers/STM32F4xx_HAL_Driver/Src/stm32f4xx_hal_gpio.c.obj
 .debug_abbrev  0x0000000000001cad      0x28a CMakeFiles/stepping_motor.elf.dir/Drivers/STM32F4xx_HAL_Driver/Src/stm32f4xx_hal_rcc.c.obj
 .debug_abbrev  0x0000000000001f37      0x30e CMakeFiles/stepping_motor.elf.dir/Drivers/STM32F4xx_HAL_Driver/Src/stm32f4xx_hal_uart.c.obj
 .debug_abbrev  0x0000000000002245      0x117 /usr/lib/gcc/arm-none-eabi/10.3.1/../../../arm-none-eabi/lib/thumb/v7e-m/nofp/libstdc++.a(atexit_arm.o)
 .debug_abbrev  0x000000000000235c      0xb2c /usr/lib/gcc/arm-none-eabi/10.3.1/../../../arm-none-eabi/lib/thumb/v7e-m/nofp/libstdc++.a(string-inst.o)
 .debug_abbrev  0x0000000000002e88      0x2ee /usr/lib/gcc/arm-none-eabi/10.3.1/../../../arm-none-eabi/lib/thumb/v7e-m/nofp/libstdc++.a(del_op.o)
 .debug_abbrev  0x0000000000003176      0x716 /usr/lib/gcc/arm-none-eabi/10.3.1/../../../arm-none-eabi/lib/thumb/v7e-m/nofp/libstdc++.a(eh_alloc.o)
 .debug_abbrev  0x000000000000388c       0x14 /usr/lib/gcc/arm-none-eabi/10.3.1/thumb/v7e-m/nofp/libgcc.a(_aeabi_uldivmod.o)
 .debug_abbrev  0x00000000000038a0      0x163 /usr/lib/gcc/arm-none-eabi/10.3.1/thumb/v7e-m/nofp/libgcc.a(_udivmoddi4.o)
 .debug_abbrev  0x0000000000003a03       0x14 /usr/lib/gcc/arm-none-eabi/10.3.1/thumb/v7e-m/nofp/libgcc.a(_dvmd_tls.o)
 .debug_abbrev  0x0000000000003a17       0xb7 /usr/lib/gcc/arm-none-eabi/10.3.1/../../../arm-none-eabi/lib/thumb/v7e-m/nofp/libc.a(lib_a-atexit.o)
 .debug_abbrev  0x0000000000003ace       0xc7 /usr/lib/gcc/arm-none-eabi/10.3.1/../../../arm-none-eabi/lib/thumb/v7e-m/nofp/libc.a(lib_a-cxa_atexit.o)
 .debug_abbrev  0x0000000000003b95      0x1be /usr/lib/gcc/arm-none-eabi/10.3.1/../../../arm-none-eabi/lib/thumb/v7e-m/nofp/libc.a(lib_a-errno.o)
 .debug_abbrev  0x0000000000003d53       0xcf /usr/lib/gcc/arm-none-eabi/10.3.1/../../../arm-none-eabi/lib/thumb/v7e-m/nofp/libc.a(lib_a-fini.o)
 .debug_abbrev  0x0000000000003e22      0x1b8 /usr/lib/gcc/arm-none-eabi/10.3.1/../../../arm-none-eabi/lib/thumb/v7e-m/nofp/libc.a(lib_a-impure.o)
 .debug_abbrev  0x0000000000003fda       0xcc /usr/lib/gcc/arm-none-eabi/10.3.1/../../../arm-none-eabi/lib/thumb/v7e-m/nofp/libc.a(lib_a-init.o)
 .debug_abbrev  0x00000000000040a6      0x21d /usr/lib/gcc/arm-none-eabi/10.3.1/../../../arm-none-eabi/lib/thumb/v7e-m/nofp/libc.a(lib_a-malloc.o)
 .debug_abbrev  0x00000000000042c3      0x2f6 /usr/lib/gcc/arm-none-eabi/10.3.1/../../../arm-none-eabi/lib/thumb/v7e-m/nofp/libc.a(lib_a-mallocr.o)
 .debug_abbrev  0x00000000000045b9       0xb4 /usr/lib/gcc/arm-none-eabi/10.3.1/../../../arm-none-eabi/lib/thumb/v7e-m/nofp/libc.a(lib_a-memset.o)
 .debug_abbrev  0x000000000000466d      0x1f0 /usr/lib/gcc/arm-none-eabi/10.3.1/../../../arm-none-eabi/lib/thumb/v7e-m/nofp/libc.a(lib_a-mlock.o)
 .debug_abbrev  0x000000000000485d      0x23d /usr/lib/gcc/arm-none-eabi/10.3.1/../../../arm-none-eabi/lib/thumb/v7e-m/nofp/libc.a(lib_a-sbrkr.o)
 .debug_abbrev  0x0000000000004a9a      0x23f /usr/lib/gcc/arm-none-eabi/10.3.1/../../../arm-none-eabi/lib/thumb/v7e-m/nofp/libc.a(lib_a-__atexit.o)
 .debug_abbrev  0x0000000000004cd9      0x2b2 /usr/lib/gcc/arm-none-eabi/10.3.1/../../../arm-none-eabi/lib/thumb/v7e-m/nofp/libc.a(lib_a-__call_atexit.o)
 .debug_abbrev  0x0000000000004f8b      0x2b1 /usr/lib/gcc/arm-none-eabi/10.3.1/../../../arm-none-eabi/lib/thumb/v7e-m/nofp/libc.a(lib_a-freer.o)
 .debug_abbrev  0x000000000000523c      0x2f4 /usr/lib/gcc/arm-none-eabi/10.3.1/../../../arm-none-eabi/lib/thumb/v7e-m/nofp/libc.a(lib_a-reent.o)

.debug_aranges  0x0000000000000000      0xf58
 .debug_aranges
                0x0000000000000000       0x20 CMakeFiles/stepping_motor.elf.dir/Core/Src/dma.c.obj
 .debug_aranges
                0x0000000000000020       0x20 CMakeFiles/stepping_motor.elf.dir/Core/Src/gpio.c.obj
 .debug_aranges
                0x0000000000000040       0x30 CMakeFiles/stepping_motor.elf.dir/Core/Src/main.c.obj
 .debug_aranges
                0x0000000000000070       0x30 CMakeFiles/stepping_motor.elf.dir/Core/Src/start.cpp.obj
 .debug_aranges
                0x00000000000000a0       0x20 CMakeFiles/stepping_motor.elf.dir/Core/Src/stm32f4xx_hal_msp.c.obj
 .debug_aranges
                0x00000000000000c0       0x78 CMakeFiles/stepping_motor.elf.dir/Core/Src/stm32f4xx_it.c.obj
 .debug_aranges
                0x0000000000000138       0x20 CMakeFiles/stepping_motor.elf.dir/Core/Src/sysmem.c.obj
 .debug_aranges
                0x0000000000000158       0x28 CMakeFiles/stepping_motor.elf.dir/Core/Src/system_stm32f4xx.c.obj
 .debug_aranges
                0x0000000000000180       0x30 CMakeFiles/stepping_motor.elf.dir/Core/Src/usart.c.obj
 .debug_aranges
                0x00000000000001b0       0x28 CMakeFiles/stepping_motor.elf.dir/Core/Startup/startup_stm32f411retx.s.obj
 .debug_aranges
                0x00000000000001d8       0xf0 CMakeFiles/stepping_motor.elf.dir/Drivers/STM32F4xx_HAL_Driver/Src/stm32f4xx_hal.c.obj
 .debug_aranges
                0x00000000000002c8       0xa8 CMakeFiles/stepping_motor.elf.dir/Drivers/STM32F4xx_HAL_Driver/Src/stm32f4xx_hal_cortex.c.obj
 .debug_aranges
                0x0000000000000370       0x90 CMakeFiles/stepping_motor.elf.dir/Drivers/STM32F4xx_HAL_Driver/Src/stm32f4xx_hal_dma.c.obj
 .debug_aranges
                0x0000000000000400       0x58 CMakeFiles/stepping_motor.elf.dir/Drivers/STM32F4xx_HAL_Driver/Src/stm32f4xx_hal_gpio.c.obj
 .debug_aranges
                0x0000000000000458       0x88 CMakeFiles/stepping_motor.elf.dir/Drivers/STM32F4xx_HAL_Driver/Src/stm32f4xx_hal_rcc.c.obj
 .debug_aranges
                0x00000000000004e0      0x200 CMakeFiles/stepping_motor.elf.dir/Drivers/STM32F4xx_HAL_Driver/Src/stm32f4xx_hal_uart.c.obj
 .debug_aranges
                0x00000000000006e0       0x20 /usr/lib/gcc/arm-none-eabi/10.3.1/../../../arm-none-eabi/lib/thumb/v7e-m/nofp/libstdc++.a(atexit_arm.o)
 .debug_aranges
                0x0000000000000700      0x5a0 /usr/lib/gcc/arm-none-eabi/10.3.1/../../../arm-none-eabi/lib/thumb/v7e-m/nofp/libstdc++.a(string-inst.o)
 .debug_aranges
                0x0000000000000ca0       0x20 /usr/lib/gcc/arm-none-eabi/10.3.1/../../../arm-none-eabi/lib/thumb/v7e-m/nofp/libstdc++.a(del_op.o)
 .debug_aranges
                0x0000000000000cc0       0x58 /usr/lib/gcc/arm-none-eabi/10.3.1/../../../arm-none-eabi/lib/thumb/v7e-m/nofp/libstdc++.a(eh_alloc.o)
 .debug_aranges
                0x0000000000000d18       0x20 /usr/lib/gcc/arm-none-eabi/10.3.1/thumb/v7e-m/nofp/libgcc.a(_aeabi_uldivmod.o)
 .debug_aranges
                0x0000000000000d38       0x20 /usr/lib/gcc/arm-none-eabi/10.3.1/thumb/v7e-m/nofp/libgcc.a(_udivmoddi4.o)
 .debug_aranges
                0x0000000000000d58       0x20 /usr/lib/gcc/arm-none-eabi/10.3.1/thumb/v7e-m/nofp/libgcc.a(_dvmd_tls.o)
 .debug_aranges
                0x0000000000000d78       0x20 /usr/lib/gcc/arm-none-eabi/10.3.1/../../../arm-none-eabi/lib/thumb/v7e-m/nofp/libc.a(lib_a-atexit.o)
 .debug_aranges
                0x0000000000000d98       0x20 /usr/lib/gcc/arm-none-eabi/10.3.1/../../../arm-none-eabi/lib/thumb/v7e-m/nofp/libc.a(lib_a-cxa_atexit.o)
 .debug_aranges
                0x0000000000000db8       0x20 /usr/lib/gcc/arm-none-eabi/10.3.1/../../../arm-none-eabi/lib/thumb/v7e-m/nofp/libc.a(lib_a-errno.o)
 .debug_aranges
                0x0000000000000dd8       0x20 /usr/lib/gcc/arm-none-eabi/10.3.1/../../../arm-none-eabi/lib/thumb/v7e-m/nofp/libc.a(lib_a-fini.o)
 .debug_aranges
                0x0000000000000df8       0x18 /usr/lib/gcc/arm-none-eabi/10.3.1/../../../arm-none-eabi/lib/thumb/v7e-m/nofp/libc.a(lib_a-impure.o)
 .debug_aranges
                0x0000000000000e10       0x20 /usr/lib/gcc/arm-none-eabi/10.3.1/../../../arm-none-eabi/lib/thumb/v7e-m/nofp/libc.a(lib_a-init.o)
 .debug_aranges
                0x0000000000000e30       0x20 /usr/lib/gcc/arm-none-eabi/10.3.1/../../../arm-none-eabi/lib/thumb/v7e-m/nofp/libc.a(lib_a-malloc.o)
 .debug_aranges
                0x0000000000000e50       0x20 /usr/lib/gcc/arm-none-eabi/10.3.1/../../../arm-none-eabi/lib/thumb/v7e-m/nofp/libc.a(lib_a-mallocr.o)
 .debug_aranges
                0x0000000000000e70       0x20 /usr/lib/gcc/arm-none-eabi/10.3.1/../../../arm-none-eabi/lib/thumb/v7e-m/nofp/libc.a(lib_a-memset.o)
 .debug_aranges
                0x0000000000000e90       0x20 /usr/lib/gcc/arm-none-eabi/10.3.1/../../../arm-none-eabi/lib/thumb/v7e-m/nofp/libc.a(lib_a-mlock.o)
 .debug_aranges
                0x0000000000000eb0       0x20 /usr/lib/gcc/arm-none-eabi/10.3.1/../../../arm-none-eabi/lib/thumb/v7e-m/nofp/libc.a(lib_a-sbrkr.o)
 .debug_aranges
                0x0000000000000ed0       0x20 /usr/lib/gcc/arm-none-eabi/10.3.1/../../../arm-none-eabi/lib/thumb/v7e-m/nofp/libc.a(lib_a-__atexit.o)
 .debug_aranges
                0x0000000000000ef0       0x28 /usr/lib/gcc/arm-none-eabi/10.3.1/../../../arm-none-eabi/lib/thumb/v7e-m/nofp/libc.a(lib_a-__call_atexit.o)
 .debug_aranges
                0x0000000000000f18       0x20 /usr/lib/gcc/arm-none-eabi/10.3.1/../../../arm-none-eabi/lib/thumb/v7e-m/nofp/libc.a(lib_a-freer.o)
 .debug_aranges
                0x0000000000000f38       0x20 /usr/lib/gcc/arm-none-eabi/10.3.1/../../../arm-none-eabi/lib/thumb/v7e-m/nofp/libc.a(lib_a-reent.o)

.debug_ranges   0x0000000000000000     0x4590
 .debug_ranges  0x0000000000000000       0x10 CMakeFiles/stepping_motor.elf.dir/Core/Src/dma.c.obj
 .debug_ranges  0x0000000000000010       0x10 CMakeFiles/stepping_motor.elf.dir/Core/Src/gpio.c.obj
 .debug_ranges  0x0000000000000020       0x20 CMakeFiles/stepping_motor.elf.dir/Core/Src/main.c.obj
 .debug_ranges  0x0000000000000040       0x20 CMakeFiles/stepping_motor.elf.dir/Core/Src/start.cpp.obj
 .debug_ranges  0x0000000000000060       0x10 CMakeFiles/stepping_motor.elf.dir/Core/Src/stm32f4xx_hal_msp.c.obj
 .debug_ranges  0x0000000000000070       0x68 CMakeFiles/stepping_motor.elf.dir/Core/Src/stm32f4xx_it.c.obj
 .debug_ranges  0x00000000000000d8       0x10 CMakeFiles/stepping_motor.elf.dir/Core/Src/sysmem.c.obj
 .debug_ranges  0x00000000000000e8       0x18 CMakeFiles/stepping_motor.elf.dir/Core/Src/system_stm32f4xx.c.obj
 .debug_ranges  0x0000000000000100       0x20 CMakeFiles/stepping_motor.elf.dir/Core/Src/usart.c.obj
 .debug_ranges  0x0000000000000120       0x20 CMakeFiles/stepping_motor.elf.dir/Core/Startup/startup_stm32f411retx.s.obj
 .debug_ranges  0x0000000000000140       0xe0 CMakeFiles/stepping_motor.elf.dir/Drivers/STM32F4xx_HAL_Driver/Src/stm32f4xx_hal.c.obj
 .debug_ranges  0x0000000000000220       0xf8 CMakeFiles/stepping_motor.elf.dir/Drivers/STM32F4xx_HAL_Driver/Src/stm32f4xx_hal_cortex.c.obj
 .debug_ranges  0x0000000000000318       0x80 CMakeFiles/stepping_motor.elf.dir/Drivers/STM32F4xx_HAL_Driver/Src/stm32f4xx_hal_dma.c.obj
 .debug_ranges  0x0000000000000398       0x48 CMakeFiles/stepping_motor.elf.dir/Drivers/STM32F4xx_HAL_Driver/Src/stm32f4xx_hal_gpio.c.obj
 .debug_ranges  0x00000000000003e0       0x90 CMakeFiles/stepping_motor.elf.dir/Drivers/STM32F4xx_HAL_Driver/Src/stm32f4xx_hal_rcc.c.obj
 .debug_ranges  0x0000000000000470      0x208 CMakeFiles/stepping_motor.elf.dir/Drivers/STM32F4xx_HAL_Driver/Src/stm32f4xx_hal_uart.c.obj
 .debug_ranges  0x0000000000000678       0x10 /usr/lib/gcc/arm-none-eabi/10.3.1/../../../arm-none-eabi/lib/thumb/v7e-m/nofp/libstdc++.a(atexit_arm.o)
 .debug_ranges  0x0000000000000688     0x3b88 /usr/lib/gcc/arm-none-eabi/10.3.1/../../../arm-none-eabi/lib/thumb/v7e-m/nofp/libstdc++.a(string-inst.o)
 .debug_ranges  0x0000000000004210       0x10 /usr/lib/gcc/arm-none-eabi/10.3.1/../../../arm-none-eabi/lib/thumb/v7e-m/nofp/libstdc++.a(del_op.o)
 .debug_ranges  0x0000000000004220      0x1d0 /usr/lib/gcc/arm-none-eabi/10.3.1/../../../arm-none-eabi/lib/thumb/v7e-m/nofp/libstdc++.a(eh_alloc.o)
 .debug_ranges  0x00000000000043f0       0xe8 /usr/lib/gcc/arm-none-eabi/10.3.1/thumb/v7e-m/nofp/libgcc.a(_udivmoddi4.o)
 .debug_ranges  0x00000000000044d8       0x50 /usr/lib/gcc/arm-none-eabi/10.3.1/../../../arm-none-eabi/lib/thumb/v7e-m/nofp/libc.a(lib_a-mallocr.o)
 .debug_ranges  0x0000000000004528       0x50 /usr/lib/gcc/arm-none-eabi/10.3.1/../../../arm-none-eabi/lib/thumb/v7e-m/nofp/libc.a(lib_a-__call_atexit.o)
 .debug_ranges  0x0000000000004578       0x18 /usr/lib/gcc/arm-none-eabi/10.3.1/../../../arm-none-eabi/lib/thumb/v7e-m/nofp/libc.a(lib_a-reent.o)

.debug_line     0x0000000000000000    0x118a4
 .debug_line    0x0000000000000000      0x1a4 CMakeFiles/stepping_motor.elf.dir/Core/Src/dma.c.obj
 .debug_line    0x00000000000001a4      0x216 CMakeFiles/stepping_motor.elf.dir/Core/Src/gpio.c.obj
 .debug_line    0x00000000000003ba      0x3bc CMakeFiles/stepping_motor.elf.dir/Core/Src/main.c.obj
 .debug_line    0x0000000000000776      0x481 CMakeFiles/stepping_motor.elf.dir/Core/Src/start.cpp.obj
 .debug_line    0x0000000000000bf7      0x1b5 CMakeFiles/stepping_motor.elf.dir/Core/Src/stm32f4xx_hal_msp.c.obj
 .debug_line    0x0000000000000dac      0x321 CMakeFiles/stepping_motor.elf.dir/Core/Src/stm32f4xx_it.c.obj
 .debug_line    0x00000000000010cd      0x131 CMakeFiles/stepping_motor.elf.dir/Core/Src/sysmem.c.obj
 .debug_line    0x00000000000011fe      0x20a CMakeFiles/stepping_motor.elf.dir/Core/Src/system_stm32f4xx.c.obj
 .debug_line    0x0000000000001408      0x402 CMakeFiles/stepping_motor.elf.dir/Core/Src/usart.c.obj
 .debug_line    0x000000000000180a       0xbd CMakeFiles/stepping_motor.elf.dir/Core/Startup/startup_stm32f411retx.s.obj
 .debug_line    0x00000000000018c7      0x5bc CMakeFiles/stepping_motor.elf.dir/Drivers/STM32F4xx_HAL_Driver/Src/stm32f4xx_hal.c.obj
 .debug_line    0x0000000000001e83      0x7cf CMakeFiles/stepping_motor.elf.dir/Drivers/STM32F4xx_HAL_Driver/Src/stm32f4xx_hal_cortex.c.obj
 .debug_line    0x0000000000002652      0xe44 CMakeFiles/stepping_motor.elf.dir/Drivers/STM32F4xx_HAL_Driver/Src/stm32f4xx_hal_dma.c.obj
 .debug_line    0x0000000000003496      0x6e2 CMakeFiles/stepping_motor.elf.dir/Drivers/STM32F4xx_HAL_Driver/Src/stm32f4xx_hal_gpio.c.obj
 .debug_line    0x0000000000003b78      0xb2f CMakeFiles/stepping_motor.elf.dir/Drivers/STM32F4xx_HAL_Driver/Src/stm32f4xx_hal_rcc.c.obj
 .debug_line    0x00000000000046a7     0x4645 CMakeFiles/stepping_motor.elf.dir/Drivers/STM32F4xx_HAL_Driver/Src/stm32f4xx_hal_uart.c.obj
 .debug_line    0x0000000000008cec       0xfb /usr/lib/gcc/arm-none-eabi/10.3.1/../../../arm-none-eabi/lib/thumb/v7e-m/nofp/libstdc++.a(atexit_arm.o)
 .debug_line    0x0000000000008de7     0x5c15 /usr/lib/gcc/arm-none-eabi/10.3.1/../../../arm-none-eabi/lib/thumb/v7e-m/nofp/libstdc++.a(string-inst.o)
 .debug_line    0x000000000000e9fc      0x1a7 /usr/lib/gcc/arm-none-eabi/10.3.1/../../../arm-none-eabi/lib/thumb/v7e-m/nofp/libstdc++.a(del_op.o)
 .debug_line    0x000000000000eba3      0x6df /usr/lib/gcc/arm-none-eabi/10.3.1/../../../arm-none-eabi/lib/thumb/v7e-m/nofp/libstdc++.a(eh_alloc.o)
 .debug_line    0x000000000000f282       0x60 /usr/lib/gcc/arm-none-eabi/10.3.1/thumb/v7e-m/nofp/libgcc.a(_aeabi_uldivmod.o)
 .debug_line    0x000000000000f2e2      0x5b4 /usr/lib/gcc/arm-none-eabi/10.3.1/thumb/v7e-m/nofp/libgcc.a(_udivmoddi4.o)
 .debug_line    0x000000000000f896       0x60 /usr/lib/gcc/arm-none-eabi/10.3.1/thumb/v7e-m/nofp/libgcc.a(_dvmd_tls.o)
 .debug_line    0x000000000000f8f6       0xc0 /usr/lib/gcc/arm-none-eabi/10.3.1/../../../arm-none-eabi/lib/thumb/v7e-m/nofp/libc.a(lib_a-atexit.o)
 .debug_line    0x000000000000f9b6       0x87 /usr/lib/gcc/arm-none-eabi/10.3.1/../../../arm-none-eabi/lib/thumb/v7e-m/nofp/libc.a(lib_a-cxa_atexit.o)
 .debug_line    0x000000000000fa3d      0x109 /usr/lib/gcc/arm-none-eabi/10.3.1/../../../arm-none-eabi/lib/thumb/v7e-m/nofp/libc.a(lib_a-errno.o)
 .debug_line    0x000000000000fb46       0xed /usr/lib/gcc/arm-none-eabi/10.3.1/../../../arm-none-eabi/lib/thumb/v7e-m/nofp/libc.a(lib_a-fini.o)
 .debug_line    0x000000000000fc33       0xe4 /usr/lib/gcc/arm-none-eabi/10.3.1/../../../arm-none-eabi/lib/thumb/v7e-m/nofp/libc.a(lib_a-impure.o)
 .debug_line    0x000000000000fd17      0x138 /usr/lib/gcc/arm-none-eabi/10.3.1/../../../arm-none-eabi/lib/thumb/v7e-m/nofp/libc.a(lib_a-init.o)
 .debug_line    0x000000000000fe4f      0x15f /usr/lib/gcc/arm-none-eabi/10.3.1/../../../arm-none-eabi/lib/thumb/v7e-m/nofp/libc.a(lib_a-malloc.o)
 .debug_line    0x000000000000ffae      0x8bc /usr/lib/gcc/arm-none-eabi/10.3.1/../../../arm-none-eabi/lib/thumb/v7e-m/nofp/libc.a(lib_a-mallocr.o)
 .debug_line    0x000000000001086a      0x1bf /usr/lib/gcc/arm-none-eabi/10.3.1/../../../arm-none-eabi/lib/thumb/v7e-m/nofp/libc.a(lib_a-memset.o)
 .debug_line    0x0000000000010a29      0x13e /usr/lib/gcc/arm-none-eabi/10.3.1/../../../arm-none-eabi/lib/thumb/v7e-m/nofp/libc.a(lib_a-mlock.o)
 .debug_line    0x0000000000010b67      0x183 /usr/lib/gcc/arm-none-eabi/10.3.1/../../../arm-none-eabi/lib/thumb/v7e-m/nofp/libc.a(lib_a-sbrkr.o)
 .debug_line    0x0000000000010cea      0x19e /usr/lib/gcc/arm-none-eabi/10.3.1/../../../arm-none-eabi/lib/thumb/v7e-m/nofp/libc.a(lib_a-__atexit.o)
 .debug_line    0x0000000000010e88      0x294 /usr/lib/gcc/arm-none-eabi/10.3.1/../../../arm-none-eabi/lib/thumb/v7e-m/nofp/libc.a(lib_a-__call_atexit.o)
 .debug_line    0x000000000001111c      0x4fb /usr/lib/gcc/arm-none-eabi/10.3.1/../../../arm-none-eabi/lib/thumb/v7e-m/nofp/libc.a(lib_a-freer.o)
 .debug_line    0x0000000000011617      0x28d /usr/lib/gcc/arm-none-eabi/10.3.1/../../../arm-none-eabi/lib/thumb/v7e-m/nofp/libc.a(lib_a-reent.o)

.debug_str      0x0000000000000000    0x1413a
 .debug_str     0x0000000000000000      0x698 CMakeFiles/stepping_motor.elf.dir/Core/Src/dma.c.obj
                                        0x6d1 (size before relaxing)
 .debug_str     0x0000000000000698      0x102 CMakeFiles/stepping_motor.elf.dir/Core/Src/gpio.c.obj
                                        0x3c7 (size before relaxing)
 .debug_str     0x000000000000079a      0x219 CMakeFiles/stepping_motor.elf.dir/Core/Src/main.c.obj
                                        0x4fe (size before relaxing)
 .debug_str     0x00000000000009b3     0xc8d5 CMakeFiles/stepping_motor.elf.dir/Core/Src/start.cpp.obj
                                       0xcdb9 (size before relaxing)
 .debug_str     0x000000000000d288       0x7e CMakeFiles/stepping_motor.elf.dir/Core/Src/stm32f4xx_hal_msp.c.obj
                                        0x33e (size before relaxing)
 .debug_str     0x000000000000d306      0x55d CMakeFiles/stepping_motor.elf.dir/Core/Src/stm32f4xx_it.c.obj
                                        0x757 (size before relaxing)
 .debug_str     0x000000000000d863       0xa8 CMakeFiles/stepping_motor.elf.dir/Core/Src/sysmem.c.obj
                                        0x26f (size before relaxing)
 .debug_str     0x000000000000d90b       0xbc CMakeFiles/stepping_motor.elf.dir/Core/Src/system_stm32f4xx.c.obj
                                        0x37d (size before relaxing)
 .debug_str     0x000000000000d9c7       0xc6 CMakeFiles/stepping_motor.elf.dir/Core/Src/usart.c.obj
                                        0xc59 (size before relaxing)
 .debug_str     0x000000000000da8d       0x77 CMakeFiles/stepping_motor.elf.dir/Core/Startup/startup_stm32f411retx.s.obj
                                         0xc7 (size before relaxing)
 .debug_str     0x000000000000db04      0x379 CMakeFiles/stepping_motor.elf.dir/Drivers/STM32F4xx_HAL_Driver/Src/stm32f4xx_hal.c.obj
                                        0xa68 (size before relaxing)
 .debug_str     0x000000000000de7d      0x4ad CMakeFiles/stepping_motor.elf.dir/Drivers/STM32F4xx_HAL_Driver/Src/stm32f4xx_hal_cortex.c.obj
                                        0xb14 (size before relaxing)
 .debug_str     0x000000000000e32a      0x319 CMakeFiles/stepping_motor.elf.dir/Drivers/STM32F4xx_HAL_Driver/Src/stm32f4xx_hal_dma.c.obj
                                        0x7c0 (size before relaxing)
 .debug_str     0x000000000000e643      0x15d CMakeFiles/stepping_motor.elf.dir/Drivers/STM32F4xx_HAL_Driver/Src/stm32f4xx_hal_gpio.c.obj
                                        0x531 (size before relaxing)
 .debug_str     0x000000000000e7a0      0x1ce CMakeFiles/stepping_motor.elf.dir/Drivers/STM32F4xx_HAL_Driver/Src/stm32f4xx_hal_rcc.c.obj
                                        0x74c (size before relaxing)
 .debug_str     0x000000000000e96e      0x624 CMakeFiles/stepping_motor.elf.dir/Drivers/STM32F4xx_HAL_Driver/Src/stm32f4xx_hal_uart.c.obj
                                        0xd8d (size before relaxing)
 .debug_str     0x000000000000ef92      0x159 /usr/lib/gcc/arm-none-eabi/10.3.1/../../../arm-none-eabi/lib/thumb/v7e-m/nofp/libstdc++.a(atexit_arm.o)
                                        0x1e1 (size before relaxing)
 .debug_str     0x000000000000f0eb     0x3914 /usr/lib/gcc/arm-none-eabi/10.3.1/../../../arm-none-eabi/lib/thumb/v7e-m/nofp/libstdc++.a(string-inst.o)
                                       0xcffe (size before relaxing)
 .debug_str     0x00000000000129ff       0xfc /usr/lib/gcc/arm-none-eabi/10.3.1/../../../arm-none-eabi/lib/thumb/v7e-m/nofp/libstdc++.a(del_op.o)
                                        0x6da (size before relaxing)
 .debug_str     0x0000000000012afb      0x74e /usr/lib/gcc/arm-none-eabi/10.3.1/../../../arm-none-eabi/lib/thumb/v7e-m/nofp/libstdc++.a(eh_alloc.o)
                                        0xe2a (size before relaxing)
 .debug_str     0x0000000000013249       0xa3 /usr/lib/gcc/arm-none-eabi/10.3.1/thumb/v7e-m/nofp/libgcc.a(_aeabi_uldivmod.o)
 .debug_str     0x00000000000132ec      0x541 /usr/lib/gcc/arm-none-eabi/10.3.1/thumb/v7e-m/nofp/libgcc.a(_udivmoddi4.o)
                                        0x641 (size before relaxing)
 .debug_str     0x000000000001382d       0x30 /usr/lib/gcc/arm-none-eabi/10.3.1/thumb/v7e-m/nofp/libgcc.a(_dvmd_tls.o)
                                         0xa7 (size before relaxing)
 .debug_str     0x000000000001385d      0x142 /usr/lib/gcc/arm-none-eabi/10.3.1/../../../arm-none-eabi/lib/thumb/v7e-m/nofp/libc.a(lib_a-atexit.o)
                                        0x1de (size before relaxing)
 .debug_str     0x000000000001399f       0x38 /usr/lib/gcc/arm-none-eabi/10.3.1/../../../arm-none-eabi/lib/thumb/v7e-m/nofp/libc.a(lib_a-cxa_atexit.o)
                                        0x1e8 (size before relaxing)
 .debug_str     0x00000000000139d7       0x8b /usr/lib/gcc/arm-none-eabi/10.3.1/../../../arm-none-eabi/lib/thumb/v7e-m/nofp/libc.a(lib_a-errno.o)
                                        0x564 (size before relaxing)
 .debug_str     0x0000000000013a62       0xbe /usr/lib/gcc/arm-none-eabi/10.3.1/../../../arm-none-eabi/lib/thumb/v7e-m/nofp/libc.a(lib_a-fini.o)
                                        0x1d6 (size before relaxing)
 .debug_str     0x0000000000013b20       0xab /usr/lib/gcc/arm-none-eabi/10.3.1/../../../arm-none-eabi/lib/thumb/v7e-m/nofp/libc.a(lib_a-impure.o)
                                        0x57c (size before relaxing)
 .debug_str     0x0000000000013bcb       0x96 /usr/lib/gcc/arm-none-eabi/10.3.1/../../../arm-none-eabi/lib/thumb/v7e-m/nofp/libc.a(lib_a-init.o)
                                        0x200 (size before relaxing)
 .debug_str     0x0000000000013c61       0x52 /usr/lib/gcc/arm-none-eabi/10.3.1/../../../arm-none-eabi/lib/thumb/v7e-m/nofp/libc.a(lib_a-malloc.o)
                                        0x590 (size before relaxing)
 .debug_str     0x0000000000013cb3      0x20d /usr/lib/gcc/arm-none-eabi/10.3.1/../../../arm-none-eabi/lib/thumb/v7e-m/nofp/libc.a(lib_a-mallocr.o)
                                        0x781 (size before relaxing)
 .debug_str     0x0000000000013ec0       0xa2 /usr/lib/gcc/arm-none-eabi/10.3.1/../../../arm-none-eabi/lib/thumb/v7e-m/nofp/libc.a(lib_a-memset.o)
                                        0x1b5 (size before relaxing)
 .debug_str     0x0000000000013f62       0x4c /usr/lib/gcc/arm-none-eabi/10.3.1/../../../arm-none-eabi/lib/thumb/v7e-m/nofp/libc.a(lib_a-mlock.o)
                                        0x589 (size before relaxing)
 .debug_str     0x0000000000013fae       0x32 /usr/lib/gcc/arm-none-eabi/10.3.1/../../../arm-none-eabi/lib/thumb/v7e-m/nofp/libc.a(lib_a-sbrkr.o)
                                        0x573 (size before relaxing)
 .debug_str     0x0000000000013fe0       0x36 /usr/lib/gcc/arm-none-eabi/10.3.1/../../../arm-none-eabi/lib/thumb/v7e-m/nofp/libc.a(lib_a-__atexit.o)
                                        0x5b6 (size before relaxing)
 .debug_str     0x0000000000014016       0x92 /usr/lib/gcc/arm-none-eabi/10.3.1/../../../arm-none-eabi/lib/thumb/v7e-m/nofp/libc.a(lib_a-__call_atexit.o)
                                        0x5e2 (size before relaxing)
 .debug_str     0x00000000000140a8       0x34 /usr/lib/gcc/arm-none-eabi/10.3.1/../../../arm-none-eabi/lib/thumb/v7e-m/nofp/libc.a(lib_a-freer.o)
                                        0x6cb (size before relaxing)
 .debug_str     0x00000000000140dc       0x5e /usr/lib/gcc/arm-none-eabi/10.3.1/../../../arm-none-eabi/lib/thumb/v7e-m/nofp/libc.a(lib_a-reent.o)
                                        0x59b (size before relaxing)

.debug_frame    0x0000000000000000     0x26bc
 .debug_frame   0x0000000000000000       0x30 CMakeFiles/stepping_motor.elf.dir/Core/Src/dma.c.obj
 .debug_frame   0x0000000000000030       0x34 CMakeFiles/stepping_motor.elf.dir/Core/Src/gpio.c.obj
 .debug_frame   0x0000000000000064       0x58 CMakeFiles/stepping_motor.elf.dir/Core/Src/main.c.obj
 .debug_frame   0x00000000000000bc       0x50 CMakeFiles/stepping_motor.elf.dir/Core/Src/start.cpp.obj
 .debug_frame   0x000000000000010c       0x2c CMakeFiles/stepping_motor.elf.dir/Core/Src/stm32f4xx_hal_msp.c.obj
 .debug_frame   0x0000000000000138       0xf0 CMakeFiles/stepping_motor.elf.dir/Core/Src/stm32f4xx_it.c.obj
 .debug_frame   0x0000000000000228       0x28 CMakeFiles/stepping_motor.elf.dir/Core/Src/sysmem.c.obj
 .debug_frame   0x0000000000000250       0x30 CMakeFiles/stepping_motor.elf.dir/Core/Src/system_stm32f4xx.c.obj
 .debug_frame   0x0000000000000280       0x64 CMakeFiles/stepping_motor.elf.dir/Core/Src/usart.c.obj
 .debug_frame   0x00000000000002e4      0x1ec CMakeFiles/stepping_motor.elf.dir/Drivers/STM32F4xx_HAL_Driver/Src/stm32f4xx_hal.c.obj
 .debug_frame   0x00000000000004d0      0x148 CMakeFiles/stepping_motor.elf.dir/Drivers/STM32F4xx_HAL_Driver/Src/stm32f4xx_hal_cortex.c.obj
 .debug_frame   0x0000000000000618      0x188 CMakeFiles/stepping_motor.elf.dir/Drivers/STM32F4xx_HAL_Driver/Src/stm32f4xx_hal_dma.c.obj
 .debug_frame   0x00000000000007a0       0xd8 CMakeFiles/stepping_motor.elf.dir/Drivers/STM32F4xx_HAL_Driver/Src/stm32f4xx_hal_gpio.c.obj
 .debug_frame   0x0000000000000878      0x16c CMakeFiles/stepping_motor.elf.dir/Drivers/STM32F4xx_HAL_Driver/Src/stm32f4xx_hal_rcc.c.obj
 .debug_frame   0x00000000000009e4      0x5cc CMakeFiles/stepping_motor.elf.dir/Drivers/STM32F4xx_HAL_Driver/Src/stm32f4xx_hal_uart.c.obj
 .debug_frame   0x0000000000000fb0       0x20 /usr/lib/gcc/arm-none-eabi/10.3.1/../../../arm-none-eabi/lib/thumb/v7e-m/nofp/libstdc++.a(atexit_arm.o)
 .debug_frame   0x0000000000000fd0     0x1260 /usr/lib/gcc/arm-none-eabi/10.3.1/../../../arm-none-eabi/lib/thumb/v7e-m/nofp/libstdc++.a(string-inst.o)
 .debug_frame   0x0000000000002230       0x20 /usr/lib/gcc/arm-none-eabi/10.3.1/../../../arm-none-eabi/lib/thumb/v7e-m/nofp/libstdc++.a(del_op.o)
 .debug_frame   0x0000000000002250       0xd4 /usr/lib/gcc/arm-none-eabi/10.3.1/../../../arm-none-eabi/lib/thumb/v7e-m/nofp/libstdc++.a(eh_alloc.o)
 .debug_frame   0x0000000000002324       0x2c /usr/lib/gcc/arm-none-eabi/10.3.1/thumb/v7e-m/nofp/libgcc.a(_aeabi_uldivmod.o)
 .debug_frame   0x0000000000002350       0x34 /usr/lib/gcc/arm-none-eabi/10.3.1/thumb/v7e-m/nofp/libgcc.a(_udivmoddi4.o)
 .debug_frame   0x0000000000002384       0x20 /usr/lib/gcc/arm-none-eabi/10.3.1/../../../arm-none-eabi/lib/thumb/v7e-m/nofp/libc.a(lib_a-atexit.o)
 .debug_frame   0x00000000000023a4       0x20 /usr/lib/gcc/arm-none-eabi/10.3.1/../../../arm-none-eabi/lib/thumb/v7e-m/nofp/libc.a(lib_a-cxa_atexit.o)
 .debug_frame   0x00000000000023c4       0x20 /usr/lib/gcc/arm-none-eabi/10.3.1/../../../arm-none-eabi/lib/thumb/v7e-m/nofp/libc.a(lib_a-errno.o)
 .debug_frame   0x00000000000023e4       0x34 /usr/lib/gcc/arm-none-eabi/10.3.1/../../../arm-none-eabi/lib/thumb/v7e-m/nofp/libc.a(lib_a-fini.o)
 .debug_frame   0x0000000000002418       0x2c /usr/lib/gcc/arm-none-eabi/10.3.1/../../../arm-none-eabi/lib/thumb/v7e-m/nofp/libc.a(lib_a-init.o)
 .debug_frame   0x0000000000002444       0x30 /usr/lib/gcc/arm-none-eabi/10.3.1/../../../arm-none-eabi/lib/thumb/v7e-m/nofp/libc.a(lib_a-malloc.o)
 .debug_frame   0x0000000000002474       0x4c /usr/lib/gcc/arm-none-eabi/10.3.1/../../../arm-none-eabi/lib/thumb/v7e-m/nofp/libc.a(lib_a-mallocr.o)
 .debug_frame   0x00000000000024c0       0x2c /usr/lib/gcc/arm-none-eabi/10.3.1/../../../arm-none-eabi/lib/thumb/v7e-m/nofp/libc.a(lib_a-memset.o)
 .debug_frame   0x00000000000024ec       0x30 /usr/lib/gcc/arm-none-eabi/10.3.1/../../../arm-none-eabi/lib/thumb/v7e-m/nofp/libc.a(lib_a-mlock.o)
 .debug_frame   0x000000000000251c       0x2c /usr/lib/gcc/arm-none-eabi/10.3.1/../../../arm-none-eabi/lib/thumb/v7e-m/nofp/libc.a(lib_a-sbrkr.o)
 .debug_frame   0x0000000000002548       0x34 /usr/lib/gcc/arm-none-eabi/10.3.1/../../../arm-none-eabi/lib/thumb/v7e-m/nofp/libc.a(lib_a-__atexit.o)
 .debug_frame   0x000000000000257c       0x50 /usr/lib/gcc/arm-none-eabi/10.3.1/../../../arm-none-eabi/lib/thumb/v7e-m/nofp/libc.a(lib_a-__call_atexit.o)
 .debug_frame   0x00000000000025cc       0x8c /usr/lib/gcc/arm-none-eabi/10.3.1/../../../arm-none-eabi/lib/thumb/v7e-m/nofp/libc.a(lib_a-freer.o)
 .debug_frame   0x0000000000002658       0x64 /usr/lib/gcc/arm-none-eabi/10.3.1/../../../arm-none-eabi/lib/thumb/v7e-m/nofp/libc.a(lib_a-reent.o)

.debug_loc      0x0000000000000000    0x1e36b
 .debug_loc     0x0000000000000000      0x19a CMakeFiles/stepping_motor.elf.dir/Core/Src/start.cpp.obj
 .debug_loc     0x000000000000019a       0x64 CMakeFiles/stepping_motor.elf.dir/Core/Src/sysmem.c.obj
 .debug_loc     0x00000000000001fe      0x158 CMakeFiles/stepping_motor.elf.dir/Core/Src/system_stm32f4xx.c.obj
 .debug_loc     0x0000000000000356       0x71 CMakeFiles/stepping_motor.elf.dir/Core/Src/usart.c.obj
 .debug_loc     0x00000000000003c7      0x141 CMakeFiles/stepping_motor.elf.dir/Drivers/STM32F4xx_HAL_Driver/Src/stm32f4xx_hal.c.obj
 .debug_loc     0x0000000000000508      0x744 CMakeFiles/stepping_motor.elf.dir/Drivers/STM32F4xx_HAL_Driver/Src/stm32f4xx_hal_cortex.c.obj
 .debug_loc     0x0000000000000c4c      0xbf9 CMakeFiles/stepping_motor.elf.dir/Drivers/STM32F4xx_HAL_Driver/Src/stm32f4xx_hal_dma.c.obj
 .debug_loc     0x0000000000001845      0x520 CMakeFiles/stepping_motor.elf.dir/Drivers/STM32F4xx_HAL_Driver/Src/stm32f4xx_hal_gpio.c.obj
 .debug_loc     0x0000000000001d65      0x58c CMakeFiles/stepping_motor.elf.dir/Drivers/STM32F4xx_HAL_Driver/Src/stm32f4xx_hal_rcc.c.obj
 .debug_loc     0x00000000000022f1     0x49ab CMakeFiles/stepping_motor.elf.dir/Drivers/STM32F4xx_HAL_Driver/Src/stm32f4xx_hal_uart.c.obj
 .debug_loc     0x0000000000006c9c       0x89 /usr/lib/gcc/arm-none-eabi/10.3.1/../../../arm-none-eabi/lib/thumb/v7e-m/nofp/libstdc++.a(atexit_arm.o)
 .debug_loc     0x0000000000006d25    0x14028 /usr/lib/gcc/arm-none-eabi/10.3.1/../../../arm-none-eabi/lib/thumb/v7e-m/nofp/libstdc++.a(string-inst.o)
 .debug_loc     0x000000000001ad4d       0x25 /usr/lib/gcc/arm-none-eabi/10.3.1/../../../arm-none-eabi/lib/thumb/v7e-m/nofp/libstdc++.a(del_op.o)
 .debug_loc     0x000000000001ad72      0x5ed /usr/lib/gcc/arm-none-eabi/10.3.1/../../../arm-none-eabi/lib/thumb/v7e-m/nofp/libstdc++.a(eh_alloc.o)
 .debug_loc     0x000000000001b35f     0x1094 /usr/lib/gcc/arm-none-eabi/10.3.1/thumb/v7e-m/nofp/libgcc.a(_udivmoddi4.o)
 .debug_loc     0x000000000001c3f3       0x32 /usr/lib/gcc/arm-none-eabi/10.3.1/../../../arm-none-eabi/lib/thumb/v7e-m/nofp/libc.a(lib_a-atexit.o)
 .debug_loc     0x000000000001c425       0x96 /usr/lib/gcc/arm-none-eabi/10.3.1/../../../arm-none-eabi/lib/thumb/v7e-m/nofp/libc.a(lib_a-cxa_atexit.o)
 .debug_loc     0x000000000001c4bb       0x68 /usr/lib/gcc/arm-none-eabi/10.3.1/../../../arm-none-eabi/lib/thumb/v7e-m/nofp/libc.a(lib_a-fini.o)
 .debug_loc     0x000000000001c523       0xba /usr/lib/gcc/arm-none-eabi/10.3.1/../../../arm-none-eabi/lib/thumb/v7e-m/nofp/libc.a(lib_a-init.o)
 .debug_loc     0x000000000001c5dd       0x64 /usr/lib/gcc/arm-none-eabi/10.3.1/../../../arm-none-eabi/lib/thumb/v7e-m/nofp/libc.a(lib_a-malloc.o)
 .debug_loc     0x000000000001c641      0xea2 /usr/lib/gcc/arm-none-eabi/10.3.1/../../../arm-none-eabi/lib/thumb/v7e-m/nofp/libc.a(lib_a-mallocr.o)
 .debug_loc     0x000000000001d4e3      0x22c /usr/lib/gcc/arm-none-eabi/10.3.1/../../../arm-none-eabi/lib/thumb/v7e-m/nofp/libc.a(lib_a-memset.o)
 .debug_loc     0x000000000001d70f       0x6c /usr/lib/gcc/arm-none-eabi/10.3.1/../../../arm-none-eabi/lib/thumb/v7e-m/nofp/libc.a(lib_a-sbrkr.o)
 .debug_loc     0x000000000001d77b      0x138 /usr/lib/gcc/arm-none-eabi/10.3.1/../../../arm-none-eabi/lib/thumb/v7e-m/nofp/libc.a(lib_a-__atexit.o)
 .debug_loc     0x000000000001d8b3      0x1ae /usr/lib/gcc/arm-none-eabi/10.3.1/../../../arm-none-eabi/lib/thumb/v7e-m/nofp/libc.a(lib_a-__call_atexit.o)
 .debug_loc     0x000000000001da61      0x6cc /usr/lib/gcc/arm-none-eabi/10.3.1/../../../arm-none-eabi/lib/thumb/v7e-m/nofp/libc.a(lib_a-freer.o)
 .debug_loc     0x000000000001e12d      0x23e /usr/lib/gcc/arm-none-eabi/10.3.1/../../../arm-none-eabi/lib/thumb/v7e-m/nofp/libc.a(lib_a-reent.o)
