Archive member included to satisfy reference by file (symbol)

c:/progra~2/gnuarm~1/102021~1.10/bin/../lib/gcc/arm-none-eabi/10.3.1/thumb/v7e-m/nofp\libgcc.a(_arm_muldf3.o)
                              CMakeFiles/Car.elf.dir/UC/wtr_uart.c.obj (__aeabi_dmul)
c:/progra~2/gnuarm~1/102021~1.10/bin/../lib/gcc/arm-none-eabi/10.3.1/thumb/v7e-m/nofp\libgcc.a(_arm_mulsf3.o)
                              CMakeFiles/Car.elf.dir/Core/Src/motor_control.cpp.obj (__aeabi_fmul)
c:/progra~2/gnuarm~1/102021~1.10/bin/../lib/gcc/arm-none-eabi/10.3.1/thumb/v7e-m/nofp\libgcc.a(_arm_addsubdf3.o)
                              CMakeFiles/Car.elf.dir/UC/wtr_uart.c.obj (__aeabi_i2d)
c:/progra~2/gnuarm~1/102021~1.10/bin/../lib/gcc/arm-none-eabi/10.3.1/thumb/v7e-m/nofp\libgcc.a(_arm_muldivdf3.o)
                              CMakeFiles/Car.elf.dir/UC/wtr_uart.c.obj (__aeabi_ddiv)
c:/progra~2/gnuarm~1/102021~1.10/bin/../lib/gcc/arm-none-eabi/10.3.1/thumb/v7e-m/nofp\libgcc.a(_arm_addsubsf3.o)
                              CMakeFiles/Car.elf.dir/UC/Caculate.c.obj (__aeabi_fsub)
c:/progra~2/gnuarm~1/102021~1.10/bin/../lib/gcc/arm-none-eabi/10.3.1/thumb/v7e-m/nofp\libgcc.a(_arm_muldivsf3.o)
                              CMakeFiles/Car.elf.dir/UC/DJI.c.obj (__aeabi_fdiv)
c:/progra~2/gnuarm~1/102021~1.10/bin/../lib/gcc/arm-none-eabi/10.3.1/thumb/v7e-m/nofp\libgcc.a(_arm_cmpsf2.o)
                              CMakeFiles/Car.elf.dir/UC/Caculate.c.obj (__aeabi_fcmplt)
c:/progra~2/gnuarm~1/102021~1.10/bin/../lib/gcc/arm-none-eabi/10.3.1/thumb/v7e-m/nofp\libgcc.a(_arm_fixsfsi.o)
                              CMakeFiles/Car.elf.dir/Core/Src/motor_control.cpp.obj (__aeabi_f2iz)
c:/progra~2/gnuarm~1/102021~1.10/bin/../lib/gcc/arm-none-eabi/10.3.1/thumb/v7e-m/nofp\libgcc.a(_aeabi_uldivmod.o)
                              CMakeFiles/Car.elf.dir/Drivers/STM32F4xx_HAL_Driver/Src/stm32f4xx_hal_rcc.c.obj (__aeabi_uldivmod)
c:/progra~2/gnuarm~1/102021~1.10/bin/../lib/gcc/arm-none-eabi/10.3.1/thumb/v7e-m/nofp\libgcc.a(_udivmoddi4.o)
                              c:/progra~2/gnuarm~1/102021~1.10/bin/../lib/gcc/arm-none-eabi/10.3.1/thumb/v7e-m/nofp\libgcc.a(_aeabi_uldivmod.o) (__udivmoddi4)
c:/progra~2/gnuarm~1/102021~1.10/bin/../lib/gcc/arm-none-eabi/10.3.1/thumb/v7e-m/nofp\libgcc.a(unwind-arm.o)
                              CMakeFiles/Car.elf.dir/Core/Src/start.cpp.obj (__aeabi_unwind_cpp_pr0)
c:/progra~2/gnuarm~1/102021~1.10/bin/../lib/gcc/arm-none-eabi/10.3.1/thumb/v7e-m/nofp\libgcc.a(libunwind.o)
                              c:/progra~2/gnuarm~1/102021~1.10/bin/../lib/gcc/arm-none-eabi/10.3.1/thumb/v7e-m/nofp\libgcc.a(unwind-arm.o) (restore_core_regs)
c:/progra~2/gnuarm~1/102021~1.10/bin/../lib/gcc/arm-none-eabi/10.3.1/thumb/v7e-m/nofp\libgcc.a(pr-support.o)
                              c:/progra~2/gnuarm~1/102021~1.10/bin/../lib/gcc/arm-none-eabi/10.3.1/thumb/v7e-m/nofp\libgcc.a(unwind-arm.o) (__gnu_unwind_execute)
c:/progra~2/gnuarm~1/102021~1.10/bin/../lib/gcc/arm-none-eabi/10.3.1/thumb/v7e-m/nofp\libgcc.a(_dvmd_tls.o)
                              c:/progra~2/gnuarm~1/102021~1.10/bin/../lib/gcc/arm-none-eabi/10.3.1/thumb/v7e-m/nofp\libgcc.a(_aeabi_uldivmod.o) (__aeabi_ldiv0)
c:/progra~2/gnuarm~1/102021~1.10/bin/../lib/gcc/arm-none-eabi/10.3.1/../../../../arm-none-eabi/lib/thumb/v7e-m/nofp\libg.a(lib_a-abort.o)
                              c:/progra~2/gnuarm~1/102021~1.10/bin/../lib/gcc/arm-none-eabi/10.3.1/thumb/v7e-m/nofp\libgcc.a(unwind-arm.o) (abort)
c:/progra~2/gnuarm~1/102021~1.10/bin/../lib/gcc/arm-none-eabi/10.3.1/../../../../arm-none-eabi/lib/thumb/v7e-m/nofp\libg.a(lib_a-errno.o)
                              CMakeFiles/Car.elf.dir/Core/Src/syscalls.c.obj (__errno)
c:/progra~2/gnuarm~1/102021~1.10/bin/../lib/gcc/arm-none-eabi/10.3.1/../../../../arm-none-eabi/lib/thumb/v7e-m/nofp\libg.a(lib_a-exit.o)
                              c:/progra~2/gnuarm~1/102021~1.10/bin/../lib/gcc/arm-none-eabi/10.3.1/../../../../arm-none-eabi/lib/thumb/v7e-m/nofp/crt0.o (exit)
c:/progra~2/gnuarm~1/102021~1.10/bin/../lib/gcc/arm-none-eabi/10.3.1/../../../../arm-none-eabi/lib/thumb/v7e-m/nofp\libg.a(lib_a-impure.o)
                              c:/progra~2/gnuarm~1/102021~1.10/bin/../lib/gcc/arm-none-eabi/10.3.1/../../../../arm-none-eabi/lib/thumb/v7e-m/nofp\libg.a(lib_a-exit.o) (_global_impure_ptr)
c:/progra~2/gnuarm~1/102021~1.10/bin/../lib/gcc/arm-none-eabi/10.3.1/../../../../arm-none-eabi/lib/thumb/v7e-m/nofp\libg.a(lib_a-init.o)
                              c:/progra~2/gnuarm~1/102021~1.10/bin/../lib/gcc/arm-none-eabi/10.3.1/../../../../arm-none-eabi/lib/thumb/v7e-m/nofp/crt0.o (__libc_init_array)
c:/progra~2/gnuarm~1/102021~1.10/bin/../lib/gcc/arm-none-eabi/10.3.1/../../../../arm-none-eabi/lib/thumb/v7e-m/nofp\libg.a(lib_a-memcpy.o)
                              c:/progra~2/gnuarm~1/102021~1.10/bin/../lib/gcc/arm-none-eabi/10.3.1/thumb/v7e-m/nofp\libgcc.a(unwind-arm.o) (memcpy)
[...]
Memory Configuration

Name             Origin             Length             Attributes
CCMRAM           0x10000000         0x00010000         xrw
RAM              0x20000000         0x00030000         xrw
FLASH            0x08000000         0x00200000         xr
*default*        0x00000000         0xffffffff

Linker script and memory map

LOAD c:/progra~2/gnuarm~1/102021~1.10/bin/../lib/gcc/arm-none-eabi/10.3.1/thumb/v7e-m/nofp/crti.o
LOAD c:/progra~2/gnuarm~1/102021~1.10/bin/../lib/gcc/arm-none-eabi/10.3.1/thumb/v7e-m/nofp/crtbegin.o
LOAD c:/progra~2/gnuarm~1/102021~1.10/bin/../lib/gcc/arm-none-eabi/10.3.1/../../../../arm-none-eabi/lib/thumb/v7e-m/nofp/crt0.o
LOAD CMakeFiles/Car.elf.dir/Core/Src/can.c.obj
LOAD CMakeFiles/Car.elf.dir/Core/Src/gpio.c.obj
LOAD CMakeFiles/Car.elf.dir/Core/Src/main.c.obj
LOAD CMakeFiles/Car.elf.dir/Core/Src/motor_control.cpp.obj
LOAD CMakeFiles/Car.elf.dir/Core/Src/start.cpp.obj
LOAD CMakeFiles/Car.elf.dir/Core/Src/stm32f4xx_hal_msp.c.obj
LOAD CMakeFiles/Car.elf.dir/Core/Src/stm32f4xx_it.c.obj
LOAD CMakeFiles/Car.elf.dir/Core/Src/syscalls.c.obj
LOAD CMakeFiles/Car.elf.dir/Core/Src/sysmem.c.obj
LOAD CMakeFiles/Car.elf.dir/Core/Src/system_stm32f4xx.c.obj
LOAD CMakeFiles/Car.elf.dir/Core/Src/tim.c.obj
LOAD CMakeFiles/Car.elf.dir/Core/Src/usart.c.obj
LOAD CMakeFiles/Car.elf.dir/Core/Startup/startup_stm32f427iihx.s.obj
LOAD CMakeFiles/Car.elf.dir/Drivers/STM32F4xx_HAL_Driver/Src/stm32f4xx_hal.c.obj
LOAD CMakeFiles/Car.elf.dir/Drivers/STM32F4xx_HAL_Driver/Src/stm32f4xx_hal_can.c.obj
LOAD CMakeFiles/Car.elf.dir/Drivers/STM32F4xx_HAL_Driver/Src/stm32f4xx_hal_cortex.c.obj
LOAD CMakeFiles/Car.elf.dir/Drivers/STM32F4xx_HAL_Driver/Src/stm32f4xx_hal_dma.c.obj
LOAD CMakeFiles/Car.elf.dir/Drivers/STM32F4xx_HAL_Driver/Src/stm32f4xx_hal_dma_ex.c.obj
LOAD CMakeFiles/Car.elf.dir/Drivers/STM32F4xx_HAL_Driver/Src/stm32f4xx_hal_exti.c.obj
LOAD CMakeFiles/Car.elf.dir/Drivers/STM32F4xx_HAL_Driver/Src/stm32f4xx_hal_flash.c.obj
LOAD CMakeFiles/Car.elf.dir/Drivers/STM32F4xx_HAL_Driver/Src/stm32f4xx_hal_flash_ex.c.obj
LOAD CMakeFiles/Car.elf.dir/Drivers/STM32F4xx_HAL_Driver/Src/stm32f4xx_hal_flash_ramfunc.c.obj
LOAD CMakeFiles/Car.elf.dir/Drivers/STM32F4xx_HAL_Driver/Src/stm32f4xx_hal_gpio.c.obj
LOAD CMakeFiles/Car.elf.dir/Drivers/STM32F4xx_HAL_Driver/Src/stm32f4xx_hal_pwr.c.obj
LOAD CMakeFiles/Car.elf.dir/Drivers/STM32F4xx_HAL_Driver/Src/stm32f4xx_hal_pwr_ex.c.obj
LOAD CMakeFiles/Car.elf.dir/Drivers/STM32F4xx_HAL_Driver/Src/stm32f4xx_hal_rcc.c.obj
LOAD CMakeFiles/Car.elf.dir/Drivers/STM32F4xx_HAL_Driver/Src/stm32f4xx_hal_rcc_ex.c.obj
LOAD CMakeFiles/Car.elf.dir/Drivers/STM32F4xx_HAL_Driver/Src/stm32f4xx_hal_tim.c.obj
LOAD CMakeFiles/Car.elf.dir/Drivers/STM32F4xx_HAL_Driver/Src/stm32f4xx_hal_tim_ex.c.obj
LOAD CMakeFiles/Car.elf.dir/Drivers/STM32F4xx_HAL_Driver/Src/stm32f4xx_hal_uart.c.obj
LOAD CMakeFiles/Car.elf.dir/UC/Caculate.c.obj
LOAD CMakeFiles/Car.elf.dir/UC/DJI.c.obj
LOAD CMakeFiles/Car.elf.dir/UC/uart_printf.c.obj
LOAD CMakeFiles/Car.elf.dir/UC/wtr_can.c.obj
LOAD CMakeFiles/Car.elf.dir/UC/wtr_uart.c.obj
LOAD c:/progra~2/gnuarm~1/102021~1.10/bin/../lib/gcc/arm-none-eabi/10.3.1/../../../../arm-none-eabi/lib/thumb/v7e-m/nofp\libstdc++.a
LOAD c:/progra~2/gnuarm~1/102021~1.10/bin/../lib/gcc/arm-none-eabi/10.3.1/../../../../arm-none-eabi/lib/thumb/v7e-m/nofp\libm.a
START GROUP
LOAD c:/progra~2/gnuarm~1/102021~1.10/bin/../lib/gcc/arm-none-eabi/10.3.1/thumb/v7e-m/nofp\libgcc.a
LOAD c:/progra~2/gnuarm~1/102021~1.10/bin/../lib/gcc/arm-none-eabi/10.3.1/../../../../arm-none-eabi/lib/thumb/v7e-m/nofp\libg.a
LOAD c:/progra~2/gnuarm~1/102021~1.10/bin/../lib/gcc/arm-none-eabi/10.3.1/../../../../arm-none-eabi/lib/thumb/v7e-m/nofp\libc.a
END GROUP
LOAD c:/progra~2/gnuarm~1/102021~1.10/bin/../lib/gcc/arm-none-eabi/10.3.1/thumb/v7e-m/nofp/crtend.o
LOAD c:/progra~2/gnuarm~1/102021~1.10/bin/../lib/gcc/arm-none-eabi/10.3.1/thumb/v7e-m/nofp/crtn.o
                0x20030000                _estack = (ORIGIN (RAM) + LENGTH (RAM))
                0x00000200                _Min_Heap_Size = 0x200
                0x00000400                _Min_Stack_Size = 0x400

.isr_vector     0x08000000      0x1ac
                0x08000000                . = ALIGN (0x4)
 *(.isr_vector)
 .isr_vector    0x08000000      0x1ac CMakeFiles/Car.elf.dir/Core/Startup/startup_stm32f427iihx.s.obj
                0x08000000                g_pfnVectors
                0x080001ac                . = ALIGN (0x4)

.text           0x080001ac     0x3fa4
                0x080001ac                . = ALIGN (0x4)
 *(.text)
 .text          0x080001ac       0x40 c:/progra~2/gnuarm~1/102021~1.10/bin/../lib/gcc/arm-none-eabi/10.3.1/thumb/v7e-m/nofp/crtbegin.o
 .text          0x080001ec      0x21c c:/progra~2/gnuarm~1/102021~1.10/bin/../lib/gcc/arm-none-eabi/10.3.1/thumb/v7e-m/nofp\libgcc.a(_arm_addsubsf3.o)
                0x080001ec                __aeabi_frsub
                0x080001f4                __subsf3
                0x080001f4                __aeabi_fsub
                0x080001f8                __aeabi_fadd
                0x080001f8                __addsf3
                0x08000358                __aeabi_ui2f
                0x08000358                __floatunsisf
                0x08000360                __aeabi_i2f
                0x08000360                __floatsisf
                0x0800037c                __aeabi_ul2f
                0x0800037c                __floatundisf
                0x0800038c                __aeabi_l2f
                0x0800038c                __floatdisf
 .text          0x08000408      0x2a0 c:/progra~2/gnuarm~1/102021~1.10/bin/../lib/gcc/arm-none-eabi/10.3.1/thumb/v7e-m/nofp\libgcc.a(_arm_muldivsf3.o)
                0x08000408                __mulsf3
                0x08000408                __aeabi_fmul
                0x08000570                __aeabi_fdiv
                0x08000570                __divsf3
 .text          0x080006a8       0xec c:/progra~2/gnuarm~1/102021~1.10/bin/../lib/gcc/arm-none-eabi/10.3.1/thumb/v7e-m/nofp\libgcc.a(_arm_cmpsf2.o)
                0x080006a8                __gesf2
                0x080006a8                __gtsf2
                0x080006b0                __lesf2
                0x080006b0                __ltsf2
                0x080006b8                __nesf2
                0x080006b8                __eqsf2
                0x080006b8                __cmpsf2
                0x08000718                __aeabi_cfrcmple
                0x08000720                __aeabi_cfcmpeq
                0x08000720                __aeabi_cfcmple
                0x08000730                __aeabi_fcmpeq
                0x08000744                __aeabi_fcmplt
                0x08000758                __aeabi_fcmple
                0x0800076c                __aeabi_fcmpge
                0x08000780                __aeabi_fcmpgt
 .text          0x08000794       0x30 c:/progra~2/gnuarm~1/102021~1.10/bin/../lib/gcc/arm-none-eabi/10.3.1/thumb/v7e-m/nofp\libgcc.a(_aeabi_uldivmod.o)
                0x08000794                __aeabi_uldivmod
 .text          0x080007c4      0x2d0 c:/progra~2/gnuarm~1/102021~1.10/bin/../lib/gcc/arm-none-eabi/10.3.1/thumb/v7e-m/nofp\libgcc.a(_udivmoddi4.o)
                0x080007c4                __udivmoddi4
 .text          0x08000a94      0x9d8 c:/progra~2/gnuarm~1/102021~1.10/bin/../lib/gcc/arm-none-eabi/10.3.1/thumb/v7e-m/nofp\libgcc.a(unwind-arm.o)
                0x08000d3c                _Unwind_GetCFA
                0x08000d40                __gnu_Unwind_RaiseException
                0x08000da8                __gnu_Unwind_ForcedUnwind
                0x08000db8                __gnu_Unwind_Resume
                0x08000dfc                __gnu_Unwind_Resume_or_Rethrow
                0x08000e0c                _Unwind_Complete
                0x08000e10                _Unwind_DeleteException
                0x08000e1c                _Unwind_VRS_Get
                0x08000e68                _Unwind_VRS_Set
                0x08000eb0                __gnu_Unwind_Backtrace
                0x080011dc                __aeabi_unwind_cpp_pr0
                0x080011e0                __aeabi_unwind_cpp_pr1
                0x080011e4                __aeabi_unwind_cpp_pr2
                0x080011e8                _Unwind_VRS_Pop
 .text          0x0800146c      0x1ac c:/progra~2/gnuarm~1/102021~1.10/bin/../lib/gcc/arm-none-eabi/10.3.1/thumb/v7e-m/nofp\libgcc.a(libunwind.o)
                0x0800146c                __restore_core_regs
                0x0800146c                restore_core_regs
                0x08001484                __gnu_Unwind_Restore_VFP
                0x0800148c                __gnu_Unwind_Save_VFP
                0x08001494                __gnu_Unwind_Restore_VFP_D
                0x0800149c                __gnu_Unwind_Save_VFP_D
                0x080014a4                __gnu_Unwind_Restore_VFP_D_16_to_31
                0x080014ac                __gnu_Unwind_Save_VFP_D_16_to_31
                0x080014b4                __gnu_Unwind_Restore_WMMXD
                0x080014f8                __gnu_Unwind_Save_WMMXD
                0x0800153c                __gnu_Unwind_Restore_WMMXC
                0x08001550                __gnu_Unwind_Save_WMMXC
                0x08001564                ___Unwind_RaiseException
                0x08001564                _Unwind_RaiseException
                0x08001588                _Unwind_Resume
                0x08001588                ___Unwind_Resume
                0x080015ac                _Unwind_Resume_or_Rethrow
                0x080015ac                ___Unwind_Resume_or_Rethrow
                0x080015d0                _Unwind_ForcedUnwind
                0x080015d0                ___Unwind_ForcedUnwind
                0x080015f4                ___Unwind_Backtrace
                0x080015f4                _Unwind_Backtrace
 .text          0x08001618      0x350 c:/progra~2/gnuarm~1/102021~1.10/bin/../lib/gcc/arm-none-eabi/10.3.1/thumb/v7e-m/nofp\libgcc.a(pr-support.o)
                0x08001670                __gnu_unwind_execute
                0x0800191c                __gnu_unwind_frame
                0x08001948                _Unwind_GetRegionStart
                0x08001954                _Unwind_GetLanguageSpecificData
 .text          0x08001968        0x4 c:/progra~2/gnuarm~1/102021~1.10/bin/../lib/gcc/arm-none-eabi/10.3.1/thumb/v7e-m/nofp\libgcc.a(_dvmd_tls.o)
                0x08001968                __aeabi_idiv0
                0x08001968                __aeabi_ldiv0
 .text          0x0800196c      0x134 c:/progra~2/gnuarm~1/102021~1.10/bin/../lib/gcc/arm-none-eabi/10.3.1/../../../../arm-none-eabi/lib/thumb/v7e-m/nofp\libg.a(lib_a-memcpy.o)
                0x0800196c                memcpy
 *(.text*)
 .text.MX_CAN1_Init
                0x08001aa0       0x3c CMakeFiles/Car.elf.dir/Core/Src/can.c.obj
                0x08001aa0                MX_CAN1_Init
 .text.HAL_CAN_MspInit
                0x08001adc       0x7c CMakeFiles/Car.elf.dir/Core/Src/can.c.obj
                0x08001adc                HAL_CAN_MspInit
 .text.MX_GPIO_Init
                0x08001b58       0xf4 CMakeFiles/Car.elf.dir/Core/Src/gpio.c.obj
                0x08001b58                MX_GPIO_Init
 .text.Error_Handler
                0x08001c4c        0x4 CMakeFiles/Car.elf.dir/Core/Src/main.c.obj
                0x08001c4c                Error_Handler
 .text.SystemClock_Config
                0x08001c50       0xb4 CMakeFiles/Car.elf.dir/Core/Src/main.c.obj
                0x08001c50                SystemClock_Config
 .text.main     0x08001d04       0x40 CMakeFiles/Car.elf.dir/Core/Src/main.c.obj
                0x08001d04                main
 .text.setup    0x08001d44       0x6c CMakeFiles/Car.elf.dir/Core/Src/start.cpp.obj
                0x08001d44                setup
 .text.loop     0x08001db0        0x2 CMakeFiles/Car.elf.dir/Core/Src/start.cpp.obj
                0x08001db0                loop
 *fill*         0x08001db2        0x2 
 .text.HAL_TIM_PeriodElapsedCallback
                0x08001db4       0x24 CMakeFiles/Car.elf.dir/Core/Src/start.cpp.obj
                0x08001db4                HAL_TIM_PeriodElapsedCallback
 .text.HAL_MspInit
                0x08001dd8       0x38 CMakeFiles/Car.elf.dir/Core/Src/stm32f4xx_hal_msp.c.obj
                0x08001dd8                HAL_MspInit
 .text.NMI_Handler
                0x08001e10        0x2 CMakeFiles/Car.elf.dir/Core/Src/stm32f4xx_it.c.obj
                0x08001e10                NMI_Handler
 .text.HardFault_Handler
                0x08001e12        0x2 CMakeFiles/Car.elf.dir/Core/Src/stm32f4xx_it.c.obj
                0x08001e12                HardFault_Handler
 .text.MemManage_Handler
                0x08001e14        0x2 CMakeFiles/Car.elf.dir/Core/Src/stm32f4xx_it.c.obj
                0x08001e14                MemManage_Handler
 .text.BusFault_Handler
                0x08001e16        0x2 CMakeFiles/Car.elf.dir/Core/Src/stm32f4xx_it.c.obj
                0x08001e16                BusFault_Handler
 .text.UsageFault_Handler
                0x08001e18        0x2 CMakeFiles/Car.elf.dir/Core/Src/stm32f4xx_it.c.obj
                0x08001e18                UsageFault_Handler
 .text.SVC_Handler
                0x08001e1a        0x2 CMakeFiles/Car.elf.dir/Core/Src/stm32f4xx_it.c.obj
                0x08001e1a                SVC_Handler
 .text.DebugMon_Handler
                0x08001e1c        0x2 CMakeFiles/Car.elf.dir/Core/Src/stm32f4xx_it.c.obj
                0x08001e1c                DebugMon_Handler
 .text.PendSV_Handler
                0x08001e1e        0x2 CMakeFiles/Car.elf.dir/Core/Src/stm32f4xx_it.c.obj
                0x08001e1e                PendSV_Handler
 .text.SysTick_Handler
                0x08001e20        0x8 CMakeFiles/Car.elf.dir/Core/Src/stm32f4xx_it.c.obj
                0x08001e20                SysTick_Handler
 .text.CAN1_RX0_IRQHandler
                0x08001e28       0x10 CMakeFiles/Car.elf.dir/Core/Src/stm32f4xx_it.c.obj
                0x08001e28                CAN1_RX0_IRQHandler
 .text.TIM1_UP_TIM10_IRQHandler
                0x08001e38       0x10 CMakeFiles/Car.elf.dir/Core/Src/stm32f4xx_it.c.obj
                0x08001e38                TIM1_UP_TIM10_IRQHandler
 .text._getpid  0x08001e48        0x4 CMakeFiles/Car.elf.dir/Core/Src/syscalls.c.obj
                0x08001e48                _getpid
 .text._kill    0x08001e4c       0x10 CMakeFiles/Car.elf.dir/Core/Src/syscalls.c.obj
                0x08001e4c                _kill
 .text._exit    0x08001e5c        0xc CMakeFiles/Car.elf.dir/Core/Src/syscalls.c.obj
                0x08001e5c                _exit
 .text.SystemInit
                0x08001e68        0x2 CMakeFiles/Car.elf.dir/Core/Src/system_stm32f4xx.c.obj
                0x08001e68                SystemInit
 *fill*         0x08001e6a        0x2 
 .text.HAL_TIM_Base_MspInit
                0x08001e6c       0x40 CMakeFiles/Car.elf.dir/Core/Src/tim.c.obj
                0x08001e6c                HAL_TIM_Base_MspInit
 .text.HAL_TIM_MspPostInit
                0x08001eac       0x5c CMakeFiles/Car.elf.dir/Core/Src/tim.c.obj
                0x08001eac                HAL_TIM_MspPostInit
 .text.MX_TIM1_Init
                0x08001f08       0xfc CMakeFiles/Car.elf.dir/Core/Src/tim.c.obj
                0x08001f08                MX_TIM1_Init
 .text.MX_USART1_UART_Init
                0x08002004       0x34 CMakeFiles/Car.elf.dir/Core/Src/usart.c.obj
                0x08002004                MX_USART1_UART_Init
 .text.HAL_UART_MspInit
                0x08002038       0x70 CMakeFiles/Car.elf.dir/Core/Src/usart.c.obj
                0x08002038                HAL_UART_MspInit
 .text.Reset_Handler
                0x080020a8       0x50 CMakeFiles/Car.elf.dir/Core/Startup/startup_stm32f427iihx.s.obj
                0x080020a8                Reset_Handler
 .text.Default_Handler
                0x080020f8        0x2 CMakeFiles/Car.elf.dir/Core/Startup/startup_stm32f427iihx.s.obj
                0x080020f8                RTC_Alarm_IRQHandler
                0x080020f8                HASH_RNG_IRQHandler
                0x080020f8                EXTI2_IRQHandler
                0x080020f8                TIM8_CC_IRQHandler
                0x080020f8                UART8_IRQHandler
                0x080020f8                SPI4_IRQHandler
                0x080020f8                TIM1_CC_IRQHandler
                0x080020f8                DMA2_Stream5_IRQHandler
                0x080020f8                DMA1_Stream5_IRQHandler
                0x080020f8                PVD_IRQHandler
                0x080020f8                SDIO_IRQHandler
                0x080020f8                TAMP_STAMP_IRQHandler
                0x080020f8                CAN2_RX1_IRQHandler
                0x080020f8                EXTI3_IRQHandler
                0x080020f8                TIM8_TRG_COM_TIM14_IRQHandler
                0x080020f8                TIM8_UP_TIM13_IRQHandler
                0x080020f8                I2C3_ER_IRQHandler
                0x080020f8                EXTI0_IRQHandler
                0x080020f8                I2C2_EV_IRQHandler
                0x080020f8                DMA1_Stream2_IRQHandler
                0x080020f8                FPU_IRQHandler
                0x080020f8                OTG_HS_WKUP_IRQHandler
                0x080020f8                CAN2_SCE_IRQHandler
                0x080020f8                DMA2_Stream2_IRQHandler
                0x080020f8                SPI1_IRQHandler
                0x080020f8                TIM6_DAC_IRQHandler
                0x080020f8                TIM1_BRK_TIM9_IRQHandler
                0x080020f8                DCMI_IRQHandler
                0x080020f8                CAN2_RX0_IRQHandler
                0x080020f8                DMA2_Stream3_IRQHandler
                0x080020f8                USART6_IRQHandler
                0x080020f8                USART3_IRQHandler
                0x080020f8                CAN1_RX1_IRQHandler
                0x080020f8                UART5_IRQHandler
                0x080020f8                DMA2_Stream0_IRQHandler
                0x080020f8                TIM4_IRQHandler
                0x080020f8                I2C1_EV_IRQHandler
                0x080020f8                DMA1_Stream6_IRQHandler
                0x080020f8                DMA1_Stream1_IRQHandler
                0x080020f8                UART4_IRQHandler
                0x080020f8                TIM3_IRQHandler
                0x080020f8                RCC_IRQHandler
                0x080020f8                TIM8_BRK_TIM12_IRQHandler
                0x080020f8                Default_Handler
                0x080020f8                EXTI15_10_IRQHandler
                0x080020f8                ADC_IRQHandler
                0x080020f8                DMA1_Stream7_IRQHandler
                0x080020f8                SPI5_IRQHandler
                0x080020f8                TIM7_IRQHandler
                0x080020f8                CAN2_TX_IRQHandler
                0x080020f8                TIM5_IRQHandler
                0x080020f8                DMA2_Stream7_IRQHandler
                0x080020f8                I2C3_EV_IRQHandler
                0x080020f8                EXTI9_5_IRQHandler
                0x080020f8                RTC_WKUP_IRQHandler
                0x080020f8                ETH_WKUP_IRQHandler
                0x080020f8                SPI2_IRQHandler
                0x080020f8                OTG_HS_EP1_IN_IRQHandler
                0x080020f8                DMA1_Stream0_IRQHandler
                0x080020f8                CAN1_TX_IRQHandler
                0x080020f8                EXTI4_IRQHandler
                0x080020f8                ETH_IRQHandler
                0x080020f8                OTG_HS_EP1_OUT_IRQHandler
                0x080020f8                WWDG_IRQHandler
                0x080020f8                SPI6_IRQHandler
                0x080020f8                TIM2_IRQHandler
                0x080020f8                OTG_FS_WKUP_IRQHandler
                0x080020f8                TIM1_TRG_COM_TIM11_IRQHandler
                0x080020f8                OTG_HS_IRQHandler
                0x080020f8                DMA2D_IRQHandler
                0x080020f8                EXTI1_IRQHandler
                0x080020f8                UART7_IRQHandler
                0x080020f8                USART2_IRQHandler
                0x080020f8                I2C2_ER_IRQHandler
                0x080020f8                DMA2_Stream1_IRQHandler
                0x080020f8                CAN1_SCE_IRQHandler
                0x080020f8                FLASH_IRQHandler
                0x080020f8                DMA2_Stream4_IRQHandler
                0x080020f8                USART1_IRQHandler
                0x080020f8                OTG_FS_IRQHandler
                0x080020f8                SPI3_IRQHandler
                0x080020f8                DMA1_Stream4_IRQHandler
                0x080020f8                I2C1_ER_IRQHandler
                0x080020f8                FMC_IRQHandler
                0x080020f8                DMA2_Stream6_IRQHandler
                0x080020f8                SAI1_IRQHandler
                0x080020f8                DMA1_Stream3_IRQHandler
 *fill*         0x080020fa        0x2 
 .text.HAL_InitTick
                0x080020fc       0x4c CMakeFiles/Car.elf.dir/Drivers/STM32F4xx_HAL_Driver/Src/stm32f4xx_hal.c.obj
                0x080020fc                HAL_InitTick
 .text.HAL_Init
                0x08002148       0x34 CMakeFiles/Car.elf.dir/Drivers/STM32F4xx_HAL_Driver/Src/stm32f4xx_hal.c.obj
                0x08002148                HAL_Init
 .text.HAL_IncTick
                0x0800217c       0x18 CMakeFiles/Car.elf.dir/Drivers/STM32F4xx_HAL_Driver/Src/stm32f4xx_hal.c.obj
                0x0800217c                HAL_IncTick
 .text.HAL_GetTick
                0x08002194        0xc CMakeFiles/Car.elf.dir/Drivers/STM32F4xx_HAL_Driver/Src/stm32f4xx_hal.c.obj
                0x08002194                HAL_GetTick
 .text.HAL_Delay
                0x080021a0       0x28 CMakeFiles/Car.elf.dir/Drivers/STM32F4xx_HAL_Driver/Src/stm32f4xx_hal.c.obj
                0x080021a0                HAL_Delay
 .text.HAL_CAN_Init
                0x080021c8      0x14c CMakeFiles/Car.elf.dir/Drivers/STM32F4xx_HAL_Driver/Src/stm32f4xx_hal_can.c.obj
                0x080021c8                HAL_CAN_Init
 .text.HAL_CAN_ConfigFilter
                0x08002314      0x13c CMakeFiles/Car.elf.dir/Drivers/STM32F4xx_HAL_Driver/Src/stm32f4xx_hal_can.c.obj
                0x08002314                HAL_CAN_ConfigFilter
 .text.HAL_CAN_Start
                0x08002450       0x5c CMakeFiles/Car.elf.dir/Drivers/STM32F4xx_HAL_Driver/Src/stm32f4xx_hal_can.c.obj
                0x08002450                HAL_CAN_Start
 .text.HAL_CAN_GetRxMessage
                0x080024ac      0x156 CMakeFiles/Car.elf.dir/Drivers/STM32F4xx_HAL_Driver/Src/stm32f4xx_hal_can.c.obj
                0x080024ac                HAL_CAN_GetRxMessage
 .text.HAL_CAN_ActivateNotification
                0x08002602       0x24 CMakeFiles/Car.elf.dir/Drivers/STM32F4xx_HAL_Driver/Src/stm32f4xx_hal_can.c.obj
                0x08002602                HAL_CAN_ActivateNotification
 .text.HAL_CAN_TxMailbox0CompleteCallback
                0x08002626        0x2 CMakeFiles/Car.elf.dir/Drivers/STM32F4xx_HAL_Driver/Src/stm32f4xx_hal_can.c.obj
                0x08002626                HAL_CAN_TxMailbox0CompleteCallback
 .text.HAL_CAN_TxMailbox1CompleteCallback
                0x08002628        0x2 CMakeFiles/Car.elf.dir/Drivers/STM32F4xx_HAL_Driver/Src/stm32f4xx_hal_can.c.obj
                0x08002628                HAL_CAN_TxMailbox1CompleteCallback
 .text.HAL_CAN_TxMailbox2CompleteCallback
                0x0800262a        0x2 CMakeFiles/Car.elf.dir/Drivers/STM32F4xx_HAL_Driver/Src/stm32f4xx_hal_can.c.obj
                0x0800262a                HAL_CAN_TxMailbox2CompleteCallback
 .text.HAL_CAN_TxMailbox0AbortCallback
                0x0800262c        0x2 CMakeFiles/Car.elf.dir/Drivers/STM32F4xx_HAL_Driver/Src/stm32f4xx_hal_can.c.obj
                0x0800262c                HAL_CAN_TxMailbox0AbortCallback
 .text.HAL_CAN_TxMailbox1AbortCallback
                0x0800262e        0x2 CMakeFiles/Car.elf.dir/Drivers/STM32F4xx_HAL_Driver/Src/stm32f4xx_hal_can.c.obj
                0x0800262e                HAL_CAN_TxMailbox1AbortCallback
 .text.HAL_CAN_TxMailbox2AbortCallback
                0x08002630        0x2 CMakeFiles/Car.elf.dir/Drivers/STM32F4xx_HAL_Driver/Src/stm32f4xx_hal_can.c.obj
                0x08002630                HAL_CAN_TxMailbox2AbortCallback
 .text.HAL_CAN_RxFifo0FullCallback
                0x08002632        0x2 CMakeFiles/Car.elf.dir/Drivers/STM32F4xx_HAL_Driver/Src/stm32f4xx_hal_can.c.obj
                0x08002632                HAL_CAN_RxFifo0FullCallback
 .text.HAL_CAN_RxFifo1MsgPendingCallback
                0x08002634        0x2 CMakeFiles/Car.elf.dir/Drivers/STM32F4xx_HAL_Driver/Src/stm32f4xx_hal_can.c.obj
                0x08002634                HAL_CAN_RxFifo1MsgPendingCallback
 .text.HAL_CAN_RxFifo1FullCallback
                0x08002636        0x2 CMakeFiles/Car.elf.dir/Drivers/STM32F4xx_HAL_Driver/Src/stm32f4xx_hal_can.c.obj
                0x08002636                HAL_CAN_RxFifo1FullCallback
 .text.HAL_CAN_SleepCallback
                0x08002638        0x2 CMakeFiles/Car.elf.dir/Drivers/STM32F4xx_HAL_Driver/Src/stm32f4xx_hal_can.c.obj
                0x08002638                HAL_CAN_SleepCallback
 .text.HAL_CAN_WakeUpFromRxMsgCallback
                0x0800263a        0x2 CMakeFiles/Car.elf.dir/Drivers/STM32F4xx_HAL_Driver/Src/stm32f4xx_hal_can.c.obj
                0x0800263a                HAL_CAN_WakeUpFromRxMsgCallback
 .text.HAL_CAN_ErrorCallback
                0x0800263c        0x2 CMakeFiles/Car.elf.dir/Drivers/STM32F4xx_HAL_Driver/Src/stm32f4xx_hal_can.c.obj
                0x0800263c                HAL_CAN_ErrorCallback
 .text.HAL_CAN_IRQHandler
                0x0800263e      0x24a CMakeFiles/Car.elf.dir/Drivers/STM32F4xx_HAL_Driver/Src/stm32f4xx_hal_can.c.obj
                0x0800263e                HAL_CAN_IRQHandler
 .text.HAL_NVIC_SetPriorityGrouping
                0x08002888       0x24 CMakeFiles/Car.elf.dir/Drivers/STM32F4xx_HAL_Driver/Src/stm32f4xx_hal_cortex.c.obj
                0x08002888                HAL_NVIC_SetPriorityGrouping
 .text.HAL_NVIC_SetPriority
                0x080028ac       0x70 CMakeFiles/Car.elf.dir/Drivers/STM32F4xx_HAL_Driver/Src/stm32f4xx_hal_cortex.c.obj
                0x080028ac                HAL_NVIC_SetPriority
 .text.HAL_NVIC_EnableIRQ
                0x0800291c       0x1c CMakeFiles/Car.elf.dir/Drivers/STM32F4xx_HAL_Driver/Src/stm32f4xx_hal_cortex.c.obj
                0x0800291c                HAL_NVIC_EnableIRQ
 .text.HAL_SYSTICK_Config
                0x08002938       0x28 CMakeFiles/Car.elf.dir/Drivers/STM32F4xx_HAL_Driver/Src/stm32f4xx_hal_cortex.c.obj
                0x08002938                HAL_SYSTICK_Config
 .text.HAL_GPIO_Init
                0x08002960      0x1fc CMakeFiles/Car.elf.dir/Drivers/STM32F4xx_HAL_Driver/Src/stm32f4xx_hal_gpio.c.obj
                0x08002960                HAL_GPIO_Init
 .text.HAL_GPIO_WritePin
                0x08002b5c        0xc CMakeFiles/Car.elf.dir/Drivers/STM32F4xx_HAL_Driver/Src/stm32f4xx_hal_gpio.c.obj
                0x08002b5c                HAL_GPIO_WritePin
 .text.HAL_GPIO_TogglePin
                0x08002b68       0x12 CMakeFiles/Car.elf.dir/Drivers/STM32F4xx_HAL_Driver/Src/stm32f4xx_hal_gpio.c.obj
                0x08002b68                HAL_GPIO_TogglePin
 *fill*         0x08002b7a        0x2 
 .text.HAL_PWREx_EnableOverDrive
                0x08002b7c       0x7c CMakeFiles/Car.elf.dir/Drivers/STM32F4xx_HAL_Driver/Src/stm32f4xx_hal_pwr_ex.c.obj
                0x08002b7c                HAL_PWREx_EnableOverDrive
 .text.HAL_RCC_OscConfig
                0x08002bf8      0x3f8 CMakeFiles/Car.elf.dir/Drivers/STM32F4xx_HAL_Driver/Src/stm32f4xx_hal_rcc.c.obj
                0x08002bf8                HAL_RCC_OscConfig
 .text.HAL_RCC_GetSysClockFreq
                0x08002ff0       0xa4 CMakeFiles/Car.elf.dir/Drivers/STM32F4xx_HAL_Driver/Src/stm32f4xx_hal_rcc.c.obj
                0x08002ff0                HAL_RCC_GetSysClockFreq
 .text.HAL_RCC_ClockConfig
                0x08003094      0x160 CMakeFiles/Car.elf.dir/Drivers/STM32F4xx_HAL_Driver/Src/stm32f4xx_hal_rcc.c.obj
                0x08003094                HAL_RCC_ClockConfig
 .text.HAL_RCC_GetHCLKFreq
                0x080031f4        0xc CMakeFiles/Car.elf.dir/Drivers/STM32F4xx_HAL_Driver/Src/stm32f4xx_hal_rcc.c.obj
                0x080031f4                HAL_RCC_GetHCLKFreq
 .text.HAL_RCC_GetPCLK1Freq
                0x08003200       0x20 CMakeFiles/Car.elf.dir/Drivers/STM32F4xx_HAL_Driver/Src/stm32f4xx_hal_rcc.c.obj
                0x08003200                HAL_RCC_GetPCLK1Freq
 .text.HAL_RCC_GetPCLK2Freq
                0x08003220       0x20 CMakeFiles/Car.elf.dir/Drivers/STM32F4xx_HAL_Driver/Src/stm32f4xx_hal_rcc.c.obj
                0x08003220                HAL_RCC_GetPCLK2Freq
 .text.TIM_OC1_SetConfig
                0x08003240       0x68 CMakeFiles/Car.elf.dir/Drivers/STM32F4xx_HAL_Driver/Src/stm32f4xx_hal_tim.c.obj
 .text.TIM_OC3_SetConfig
                0x080032a8       0x70 CMakeFiles/Car.elf.dir/Drivers/STM32F4xx_HAL_Driver/Src/stm32f4xx_hal_tim.c.obj
 .text.TIM_OC4_SetConfig
                0x08003318       0x50 CMakeFiles/Car.elf.dir/Drivers/STM32F4xx_HAL_Driver/Src/stm32f4xx_hal_tim.c.obj
 .text.TIM_TI1_ConfigInputStage
                0x08003368       0x24 CMakeFiles/Car.elf.dir/Drivers/STM32F4xx_HAL_Driver/Src/stm32f4xx_hal_tim.c.obj
 .text.TIM_TI2_ConfigInputStage
                0x0800338c       0x26 CMakeFiles/Car.elf.dir/Drivers/STM32F4xx_HAL_Driver/Src/stm32f4xx_hal_tim.c.obj
 .text.TIM_ITRx_SetConfig
                0x080033b2       0x10 CMakeFiles/Car.elf.dir/Drivers/STM32F4xx_HAL_Driver/Src/stm32f4xx_hal_tim.c.obj
 *fill*         0x080033c2        0x2 
 .text.HAL_TIM_Base_Start_IT
                0x080033c4       0x88 CMakeFiles/Car.elf.dir/Drivers/STM32F4xx_HAL_Driver/Src/stm32f4xx_hal_tim.c.obj
                0x080033c4                HAL_TIM_Base_Start_IT
 .text.HAL_TIM_PWM_MspInit
                0x0800344c        0x2 CMakeFiles/Car.elf.dir/Drivers/STM32F4xx_HAL_Driver/Src/stm32f4xx_hal_tim.c.obj
                0x0800344c                HAL_TIM_PWM_MspInit
 .text.HAL_TIM_OC_DelayElapsedCallback
                0x0800344e        0x2 CMakeFiles/Car.elf.dir/Drivers/STM32F4xx_HAL_Driver/Src/stm32f4xx_hal_tim.c.obj
                0x0800344e                HAL_TIM_OC_DelayElapsedCallback
 .text.HAL_TIM_IC_CaptureCallback
                0x08003450        0x2 CMakeFiles/Car.elf.dir/Drivers/STM32F4xx_HAL_Driver/Src/stm32f4xx_hal_tim.c.obj
                0x08003450                HAL_TIM_IC_CaptureCallback
 .text.HAL_TIM_PWM_PulseFinishedCallback
                0x08003452        0x2 CMakeFiles/Car.elf.dir/Drivers/STM32F4xx_HAL_Driver/Src/stm32f4xx_hal_tim.c.obj
                0x08003452                HAL_TIM_PWM_PulseFinishedCallback
 .text.HAL_TIM_TriggerCallback
                0x08003454        0x2 CMakeFiles/Car.elf.dir/Drivers/STM32F4xx_HAL_Driver/Src/stm32f4xx_hal_tim.c.obj
                0x08003454                HAL_TIM_TriggerCallback
 .text.HAL_TIM_IRQHandler
                0x08003456      0x17a CMakeFiles/Car.elf.dir/Drivers/STM32F4xx_HAL_Driver/Src/stm32f4xx_hal_tim.c.obj
                0x08003456                HAL_TIM_IRQHandler
 .text.TIM_Base_SetConfig
                0x080035d0       0xc8 CMakeFiles/Car.elf.dir/Drivers/STM32F4xx_HAL_Driver/Src/stm32f4xx_hal_tim.c.obj
                0x080035d0                TIM_Base_SetConfig
 .text.HAL_TIM_Base_Init
                0x08003698       0x58 CMakeFiles/Car.elf.dir/Drivers/STM32F4xx_HAL_Driver/Src/stm32f4xx_hal_tim.c.obj
                0x08003698                HAL_TIM_Base_Init
 .text.HAL_TIM_PWM_Init
                0x080036f0       0x58 CMakeFiles/Car.elf.dir/Drivers/STM32F4xx_HAL_Driver/Src/stm32f4xx_hal_tim.c.obj
                0x080036f0                HAL_TIM_PWM_Init
 .text.TIM_OC2_SetConfig
                0x08003748       0x70 CMakeFiles/Car.elf.dir/Drivers/STM32F4xx_HAL_Driver/Src/stm32f4xx_hal_tim.c.obj
                0x08003748                TIM_OC2_SetConfig
 .text.HAL_TIM_PWM_ConfigChannel
                0x080037b8       0xdc CMakeFiles/Car.elf.dir/Drivers/STM32F4xx_HAL_Driver/Src/stm32f4xx_hal_tim.c.obj
                0x080037b8                HAL_TIM_PWM_ConfigChannel
 .text.TIM_ETR_SetConfig
                0x08003894       0x18 CMakeFiles/Car.elf.dir/Drivers/STM32F4xx_HAL_Driver/Src/stm32f4xx_hal_tim.c.obj
                0x08003894                TIM_ETR_SetConfig
 .text.HAL_TIM_ConfigClockSource
                0x080038ac       0xfe CMakeFiles/Car.elf.dir/Drivers/STM32F4xx_HAL_Driver/Src/stm32f4xx_hal_tim.c.obj
                0x080038ac                HAL_TIM_ConfigClockSource
 *fill*         0x080039aa        0x2 
 .text.HAL_TIMEx_MasterConfigSynchronization
                0x080039ac       0x8c CMakeFiles/Car.elf.dir/Drivers/STM32F4xx_HAL_Driver/Src/stm32f4xx_hal_tim_ex.c.obj
                0x080039ac                HAL_TIMEx_MasterConfigSynchronization
 .text.HAL_TIMEx_ConfigBreakDeadTime
                0x08003a38       0x52 CMakeFiles/Car.elf.dir/Drivers/STM32F4xx_HAL_Driver/Src/stm32f4xx_hal_tim_ex.c.obj
                0x08003a38                HAL_TIMEx_ConfigBreakDeadTime
 .text.HAL_TIMEx_CommutCallback
                0x08003a8a        0x2 CMakeFiles/Car.elf.dir/Drivers/STM32F4xx_HAL_Driver/Src/stm32f4xx_hal_tim_ex.c.obj
                0x08003a8a                HAL_TIMEx_CommutCallback
 .text.HAL_TIMEx_BreakCallback
                0x08003a8c        0x2 CMakeFiles/Car.elf.dir/Drivers/STM32F4xx_HAL_Driver/Src/stm32f4xx_hal_tim_ex.c.obj
                0x08003a8c                HAL_TIMEx_BreakCallback
 *fill*         0x08003a8e        0x2 
 .text.UART_SetConfig
                0x08003a90      0x110 CMakeFiles/Car.elf.dir/Drivers/STM32F4xx_HAL_Driver/Src/stm32f4xx_hal_uart.c.obj
 .text.HAL_UART_Init
                0x08003ba0       0x5e CMakeFiles/Car.elf.dir/Drivers/STM32F4xx_HAL_Driver/Src/stm32f4xx_hal_uart.c.obj
                0x08003ba0                HAL_UART_Init
 *fill*         0x08003bfe        0x2 
 .text.DJI_Init
                0x08003c00       0xb0 CMakeFiles/Car.elf.dir/UC/DJI.c.obj
                0x08003c00                DJI_Init
 .text.DJI_Update
                0x08003cb0       0xe0 CMakeFiles/Car.elf.dir/UC/DJI.c.obj
                0x08003cb0                DJI_Update
 .text.get_dji_offset
                0x08003d90       0x2c CMakeFiles/Car.elf.dir/UC/DJI.c.obj
                0x08003d90                get_dji_offset
 .text.DJI_CanMsgDecode
                0x08003dbc       0x4c CMakeFiles/Car.elf.dir/UC/DJI.c.obj
                0x08003dbc                DJI_CanMsgDecode
 .text.CANFilterInit
                0x08003e08       0x52 CMakeFiles/Car.elf.dir/UC/wtr_can.c.obj
                0x08003e08                CANFilterInit
 *fill*         0x08003e5a        0x2 
 .text.CanDataDecode
                0x08003e5c       0x24 CMakeFiles/Car.elf.dir/UC/wtr_can.c.obj
                0x08003e5c                CanDataDecode
 .text.HAL_CAN_RxFifo0MsgPendingCallback
                0x08003e80       0x44 CMakeFiles/Car.elf.dir/UC/wtr_can.c.obj
                0x08003e80                HAL_CAN_RxFifo0MsgPendingCallback
 .text.abort    0x08003ec4       0x10 c:/progra~2/gnuarm~1/102021~1.10/bin/../lib/gcc/arm-none-eabi/10.3.1/../../../../arm-none-eabi/lib/thumb/v7e-m/nofp\libg.a(lib_a-abort.o)
                0x08003ec4                abort
 .text.__errno  0x08003ed4        0xc c:/progra~2/gnuarm~1/102021~1.10/bin/../lib/gcc/arm-none-eabi/10.3.1/../../../../arm-none-eabi/lib/thumb/v7e-m/nofp\libg.a(lib_a-errno.o)
                0x08003ed4                __errno
 .text.__libc_init_array
                0x08003ee0       0x48 c:/progra~2/gnuarm~1/102021~1.10/bin/../lib/gcc/arm-none-eabi/10.3.1/../../../../arm-none-eabi/lib/thumb/v7e-m/nofp\libg.a(lib_a-init.o)
                0x08003ee0                __libc_init_array
 .text.memset   0x08003f28       0xa4 c:/progra~2/gnuarm~1/102021~1.10/bin/../lib/gcc/arm-none-eabi/10.3.1/../../../../arm-none-eabi/lib/thumb/v7e-m/nofp\libg.a(lib_a-memset.o)
                0x08003f28                memset
 .text.raise    0x08003fcc       0x5c c:/progra~2/gnuarm~1/102021~1.10/bin/../lib/gcc/arm-none-eabi/10.3.1/../../../../arm-none-eabi/lib/thumb/v7e-m/nofp\libg.a(lib_a-signal.o)
                0x08003fcc                raise
 .text._kill_r  0x08004028       0x2c c:/progra~2/gnuarm~1/102021~1.10/bin/../lib/gcc/arm-none-eabi/10.3.1/../../../../arm-none-eabi/lib/thumb/v7e-m/nofp\libg.a(lib_a-signalr.o)
                0x08004028                _kill_r
 .text._getpid_r
                0x08004054        0x4 c:/progra~2/gnuarm~1/102021~1.10/bin/../lib/gcc/arm-none-eabi/10.3.1/../../../../arm-none-eabi/lib/thumb/v7e-m/nofp\libg.a(lib_a-signalr.o)
                0x08004054                _getpid_r
 .text.startup.register_fini
                0x08004058       0x14 c:/progra~2/gnuarm~1/102021~1.10/bin/../lib/gcc/arm-none-eabi/10.3.1/../../../../arm-none-eabi/lib/thumb/v7e-m/nofp\libg.a(lib_a-__call_atexit.o)
 .text.atexit   0x0800406c        0xc c:/progra~2/gnuarm~1/102021~1.10/bin/../lib/gcc/arm-none-eabi/10.3.1/../../../../arm-none-eabi/lib/thumb/v7e-m/nofp\libg.a(lib_a-atexit.o)
                0x0800406c                atexit
 .text.__libc_fini_array
                0x08004078       0x2c c:/progra~2/gnuarm~1/102021~1.10/bin/../lib/gcc/arm-none-eabi/10.3.1/../../../../arm-none-eabi/lib/thumb/v7e-m/nofp\libg.a(lib_a-fini.o)
                0x08004078                __libc_fini_array
 .text.__retarget_lock_acquire_recursive
                0x080040a4        0x4 c:/progra~2/gnuarm~1/102021~1.10/bin/../lib/gcc/arm-none-eabi/10.3.1/../../../../arm-none-eabi/lib/thumb/v7e-m/nofp\libg.a(lib_a-lock.o)
                0x080040a4                __retarget_lock_acquire_recursive
 .text.__retarget_lock_release_recursive
                0x080040a8        0x4 c:/progra~2/gnuarm~1/102021~1.10/bin/../lib/gcc/arm-none-eabi/10.3.1/../../../../arm-none-eabi/lib/thumb/v7e-m/nofp\libg.a(lib_a-lock.o)
                0x080040a8                __retarget_lock_release_recursive
 .text.__register_exitproc
                0x080040ac       0x8c c:/progra~2/gnuarm~1/102021~1.10/bin/../lib/gcc/arm-none-eabi/10.3.1/../../../../arm-none-eabi/lib/thumb/v7e-m/nofp\libg.a(lib_a-__atexit.o)
                0x080040ac                __register_exitproc
 *(.glue_7)
 .glue_7        0x08004138        0x0 linker stubs
 *(.glue_7t)
 .glue_7t       0x08004138        0x0 linker stubs
 *(.eh_frame)
 .eh_frame      0x08004138        0x0 c:/progra~2/gnuarm~1/102021~1.10/bin/../lib/gcc/arm-none-eabi/10.3.1/thumb/v7e-m/nofp/crtbegin.o
 *(.init)
 .init          0x08004138        0x4 c:/progra~2/gnuarm~1/102021~1.10/bin/../lib/gcc/arm-none-eabi/10.3.1/thumb/v7e-m/nofp/crti.o
                0x08004138                _init
 .init          0x0800413c        0x8 c:/progra~2/gnuarm~1/102021~1.10/bin/../lib/gcc/arm-none-eabi/10.3.1/thumb/v7e-m/nofp/crtn.o
 *(.fini)
 .fini          0x08004144        0x4 c:/progra~2/gnuarm~1/102021~1.10/bin/../lib/gcc/arm-none-eabi/10.3.1/thumb/v7e-m/nofp/crti.o
                0x08004144                _fini
 .fini          0x08004148        0x8 c:/progra~2/gnuarm~1/102021~1.10/bin/../lib/gcc/arm-none-eabi/10.3.1/thumb/v7e-m/nofp/crtn.o
                0x08004150                . = ALIGN (0x4)
                0x08004150                _etext = .

.vfp11_veneer   0x08004150        0x0
 .vfp11_veneer  0x08004150        0x0 linker stubs

.v4_bx          0x08004150        0x0
 .v4_bx         0x08004150        0x0 linker stubs

.iplt           0x08004150        0x0
 .iplt          0x08004150        0x0 c:/progra~2/gnuarm~1/102021~1.10/bin/../lib/gcc/arm-none-eabi/10.3.1/thumb/v7e-m/nofp/crtbegin.o

.rodata         0x08004150       0x1c
                0x08004150                . = ALIGN (0x4)
 *(.rodata)
 *(.rodata*)
 .rodata.AHBPrescTable
                0x08004150       0x10 CMakeFiles/Car.elf.dir/Core/Src/system_stm32f4xx.c.obj
                0x08004150                AHBPrescTable
 .rodata.APBPrescTable
                0x08004160        0x8 CMakeFiles/Car.elf.dir/Core/Src/system_stm32f4xx.c.obj
                0x08004160                APBPrescTable
 .rodata._global_impure_ptr
                0x08004168        0x4 c:/progra~2/gnuarm~1/102021~1.10/bin/../lib/gcc/arm-none-eabi/10.3.1/../../../../arm-none-eabi/lib/thumb/v7e-m/nofp\libg.a(lib_a-impure.o)
                0x08004168                _global_impure_ptr
                0x0800416c                . = ALIGN (0x4)

.ARM.extab      0x0800416c       0x24
                0x0800416c                . = ALIGN (0x4)
 *(.ARM.extab* .gnu.linkonce.armextab.*)
 .ARM.extab.text.HAL_TIM_PeriodElapsedCallback
                0x0800416c        0xc CMakeFiles/Car.elf.dir/Core/Src/start.cpp.obj
 .ARM.extab     0x08004178       0x18 c:/progra~2/gnuarm~1/102021~1.10/bin/../lib/gcc/arm-none-eabi/10.3.1/thumb/v7e-m/nofp\libgcc.a(pr-support.o)
                0x08004190                . = ALIGN (0x4)

.ARM            0x08004190       0xd8
                0x08004190                . = ALIGN (0x4)
                0x08004190                __exidx_start = .
 *(.ARM.exidx*)
 .ARM.exidx.text.setup
                0x08004248        0x8 CMakeFiles/Car.elf.dir/Core/Src/start.cpp.obj
 .ARM.exidx.text.loop
                0x08004250        0x8 CMakeFiles/Car.elf.dir/Core/Src/start.cpp.obj
 .ARM.exidx.text.HAL_TIM_PeriodElapsedCallback
                0x08004258       0x10 CMakeFiles/Car.elf.dir/Core/Src/start.cpp.obj
                                  0x8 (size before relaxing)
 .ARM.exidx     0x08004190        0x8 c:/progra~2/gnuarm~1/102021~1.10/bin/../lib/gcc/arm-none-eabi/10.3.1/thumb/v7e-m/nofp\libgcc.a(_udivmoddi4.o)
 .ARM.exidx     0x08004198       0x78 c:/progra~2/gnuarm~1/102021~1.10/bin/../lib/gcc/arm-none-eabi/10.3.1/thumb/v7e-m/nofp\libgcc.a(unwind-arm.o)
                                 0xd8 (size before relaxing)
 .ARM.exidx     0x08004210       0x38 c:/progra~2/gnuarm~1/102021~1.10/bin/../lib/gcc/arm-none-eabi/10.3.1/thumb/v7e-m/nofp\libgcc.a(pr-support.o)
                0x08004268                __exidx_end = .
                0x08004268                . = ALIGN (0x4)

.rel.dyn        0x08004268        0x0
 .rel.iplt      0x08004268        0x0 c:/progra~2/gnuarm~1/102021~1.10/bin/../lib/gcc/arm-none-eabi/10.3.1/thumb/v7e-m/nofp/crtbegin.o

.preinit_array  0x08004268        0x0
                0x08004268                . = ALIGN (0x4)
                0x08004268                PROVIDE (__preinit_array_start = .)
 *(.preinit_array*)
                0x08004268                PROVIDE (__preinit_array_end = .)
                0x08004268                . = ALIGN (0x4)

.init_array     0x08004268        0x8
                0x08004268                . = ALIGN (0x4)
                0x08004268                PROVIDE (__init_array_start = .)
 *(SORT_BY_NAME(.init_array.*))
 .init_array.00000
                0x08004268        0x4 c:/progra~2/gnuarm~1/102021~1.10/bin/../lib/gcc/arm-none-eabi/10.3.1/../../../../arm-none-eabi/lib/thumb/v7e-m/nofp\libg.a(lib_a-__call_atexit.o)
 *(.init_array*)
 .init_array    0x0800426c        0x4 c:/progra~2/gnuarm~1/102021~1.10/bin/../lib/gcc/arm-none-eabi/10.3.1/thumb/v7e-m/nofp/crtbegin.o
                0x08004270                PROVIDE (__init_array_end = .)
                0x08004270                . = ALIGN (0x4)

.fini_array     0x08004270        0x4
                0x08004270                . = ALIGN (0x4)
                0x08004270                PROVIDE (__fini_array_start = .)
 *(SORT_BY_NAME(.fini_array.*))
 *(.fini_array*)
 .fini_array    0x08004270        0x4 c:/progra~2/gnuarm~1/102021~1.10/bin/../lib/gcc/arm-none-eabi/10.3.1/thumb/v7e-m/nofp/crtbegin.o
                0x08004274                PROVIDE (__fini_array_end = .)
                0x08004274                . = ALIGN (0x4)
                0x08004274                _sidata = LOADADDR (.data)

.data           0x20000000      0x43c load address 0x08004274
                0x20000000                . = ALIGN (0x4)
                0x20000000                _sdata = .
 *(.data)
 *(.data*)
 .data.SystemCoreClock
                0x20000000        0x4 CMakeFiles/Car.elf.dir/Core/Src/system_stm32f4xx.c.obj
                0x20000000                SystemCoreClock
 .data.uwTickFreq
                0x20000004        0x1 CMakeFiles/Car.elf.dir/Drivers/STM32F4xx_HAL_Driver/Src/stm32f4xx_hal.c.obj
                0x20000004                uwTickFreq
 *fill*         0x20000005        0x3 
 .data.uwTickPrio
                0x20000008        0x4 CMakeFiles/Car.elf.dir/Drivers/STM32F4xx_HAL_Driver/Src/stm32f4xx_hal.c.obj
                0x20000008                uwTickPrio
 .data._impure_ptr
                0x2000000c        0x4 c:/progra~2/gnuarm~1/102021~1.10/bin/../lib/gcc/arm-none-eabi/10.3.1/../../../../arm-none-eabi/lib/thumb/v7e-m/nofp\libg.a(lib_a-impure.o)
                0x2000000c                _impure_ptr
 .data.impure_data
                0x20000010      0x428 c:/progra~2/gnuarm~1/102021~1.10/bin/../lib/gcc/arm-none-eabi/10.3.1/../../../../arm-none-eabi/lib/thumb/v7e-m/nofp\libg.a(lib_a-impure.o)
 .data.__atexit_recursive_mutex
                0x20000438        0x4 c:/progra~2/gnuarm~1/102021~1.10/bin/../lib/gcc/arm-none-eabi/10.3.1/../../../../arm-none-eabi/lib/thumb/v7e-m/nofp\libg.a(lib_a-__call_atexit.o)
                0x20000438                __atexit_recursive_mutex
 *(.RamFunc)
 *(.RamFunc*)
                0x2000043c                . = ALIGN (0x4)
                0x2000043c                _edata = .
                0x080046b0                _siccmram = LOADADDR (.ccmram)

.igot.plt       0x2000043c        0x0 load address 0x080046b0
 .igot.plt      0x2000043c        0x0 c:/progra~2/gnuarm~1/102021~1.10/bin/../lib/gcc/arm-none-eabi/10.3.1/thumb/v7e-m/nofp/crtbegin.o

.ccmram         0x10000000        0x0 load address 0x080046b0
                0x10000000                . = ALIGN (0x4)
                0x10000000                _sccmram = .
 *(.ccmram)
 *(.ccmram*)
                0x10000000                . = ALIGN (0x4)
                0x10000000                _eccmram = .
                0x10000000                . = ALIGN (0x4)

.bss            0x2000043c      0x564
                0x2000043c                _sbss = .
                0x2000043c                __bss_start__ = _sbss
 *(.bss)
 .bss           0x2000043c       0x1c c:/progra~2/gnuarm~1/102021~1.10/bin/../lib/gcc/arm-none-eabi/10.3.1/thumb/v7e-m/nofp/crtbegin.o
 *(.bss*)
 .bss.hcan1     0x20000458       0x28 CMakeFiles/Car.elf.dir/Core/Src/can.c.obj
                0x20000458                hcan1
 .bss.htim1     0x20000480       0x48 CMakeFiles/Car.elf.dir/Core/Src/tim.c.obj
                0x20000480                htim1
 .bss.huart1    0x200004c8       0x44 CMakeFiles/Car.elf.dir/Core/Src/usart.c.obj
                0x200004c8                huart1
 .bss.uwTick    0x2000050c        0x4 CMakeFiles/Car.elf.dir/Drivers/STM32F4xx_HAL_Driver/Src/stm32f4xx_hal.c.obj
                0x2000050c                uwTick
 .bss.hDJI      0x20000510      0x480 CMakeFiles/Car.elf.dir/UC/DJI.c.obj
                0x20000510                hDJI
 .bss.CanReceiveData
                0x20000990        0x8 CMakeFiles/Car.elf.dir/UC/wtr_can.c.obj
                0x20000990                CanReceiveData
 .bss.__lock___atexit_recursive_mutex
                0x20000998        0x1 c:/progra~2/gnuarm~1/102021~1.10/bin/../lib/gcc/arm-none-eabi/10.3.1/../../../../arm-none-eabi/lib/thumb/v7e-m/nofp\libg.a(lib_a-lock.o)
                0x20000998                __lock___atexit_recursive_mutex
 *fill*         0x20000999        0x3 
 .bss.errno     0x2000099c        0x4 c:/progra~2/gnuarm~1/102021~1.10/bin/../lib/gcc/arm-none-eabi/10.3.1/../../../../arm-none-eabi/lib/thumb/v7e-m/nofp\libg.a(lib_a-reent.o)
                0x2000099c                errno
 *(COMMON)
                0x200009a0                . = ALIGN (0x4)
                0x200009a0                _ebss = .
                0x200009a0                __bss_end__ = _ebss

._user_heap_stack
                0x200009a0      0x600
                0x200009a0                . = ALIGN (0x8)
                [!provide]                PROVIDE (end = .)
                0x200009a0                PROVIDE (_end = .)
                0x20000ba0                . = (. + _Min_Heap_Size)
 *fill*         0x200009a0      0x200 
                0x20000fa0                . = (. + _Min_Stack_Size)
 *fill*         0x20000ba0      0x400 
                0x20000fa0                . = ALIGN (0x8)

/DISCARD/
 libc.a(*)
 libm.a(*)
 libgcc.a(*)

.ARM.attributes
                0x00000000       0x2a
 *(.ARM.attributes)
 .ARM.attributes
                0x00000000       0x1e c:/progra~2/gnuarm~1/102021~1.10/bin/../lib/gcc/arm-none-eabi/10.3.1/thumb/v7e-m/nofp/crti.o
 .ARM.attributes
                0x0000001e       0x2e c:/progra~2/gnuarm~1/102021~1.10/bin/../lib/gcc/arm-none-eabi/10.3.1/thumb/v7e-m/nofp/crtbegin.o
 .ARM.attributes
                0x0000004c       0x2e CMakeFiles/Car.elf.dir/Core/Src/can.c.obj
 .ARM.attributes
                0x0000007a       0x2e CMakeFiles/Car.elf.dir/Core/Src/gpio.c.obj
 .ARM.attributes
                0x000000a8       0x2e CMakeFiles/Car.elf.dir/Core/Src/main.c.obj
 .ARM.attributes
                0x000000d6       0x2e CMakeFiles/Car.elf.dir/Core/Src/start.cpp.obj
 .ARM.attributes
                0x00000104       0x2e CMakeFiles/Car.elf.dir/Core/Src/stm32f4xx_hal_msp.c.obj
 .ARM.attributes
                0x00000132       0x2e CMakeFiles/Car.elf.dir/Core/Src/stm32f4xx_it.c.obj
 .ARM.attributes
                0x00000160       0x2e CMakeFiles/Car.elf.dir/Core/Src/syscalls.c.obj
 .ARM.attributes
                0x0000018e       0x2e CMakeFiles/Car.elf.dir/Core/Src/system_stm32f4xx.c.obj
 .ARM.attributes
                0x000001bc       0x2e CMakeFiles/Car.elf.dir/Core/Src/tim.c.obj
 .ARM.attributes
                0x000001ea       0x2e CMakeFiles/Car.elf.dir/Core/Src/usart.c.obj
 .ARM.attributes
                0x00000218       0x21 CMakeFiles/Car.elf.dir/Core/Startup/startup_stm32f427iihx.s.obj
 .ARM.attributes
                0x00000239       0x2e CMakeFiles/Car.elf.dir/Drivers/STM32F4xx_HAL_Driver/Src/stm32f4xx_hal.c.obj
 .ARM.attributes
                0x00000267       0x2e CMakeFiles/Car.elf.dir/Drivers/STM32F4xx_HAL_Driver/Src/stm32f4xx_hal_can.c.obj
 .ARM.attributes
                0x00000295       0x2e CMakeFiles/Car.elf.dir/Drivers/STM32F4xx_HAL_Driver/Src/stm32f4xx_hal_cortex.c.obj
 .ARM.attributes
                0x000002c3       0x2e CMakeFiles/Car.elf.dir/Drivers/STM32F4xx_HAL_Driver/Src/stm32f4xx_hal_gpio.c.obj
 .ARM.attributes
                0x000002f1       0x2e CMakeFiles/Car.elf.dir/Drivers/STM32F4xx_HAL_Driver/Src/stm32f4xx_hal_pwr_ex.c.obj
 .ARM.attributes
                0x0000031f       0x2e CMakeFiles/Car.elf.dir/Drivers/STM32F4xx_HAL_Driver/Src/stm32f4xx_hal_rcc.c.obj
 .ARM.attributes
                0x0000034d       0x2e CMakeFiles/Car.elf.dir/Drivers/STM32F4xx_HAL_Driver/Src/stm32f4xx_hal_tim.c.obj
 .ARM.attributes
                0x0000037b       0x2e CMakeFiles/Car.elf.dir/Drivers/STM32F4xx_HAL_Driver/Src/stm32f4xx_hal_tim_ex.c.obj
 .ARM.attributes
                0x000003a9       0x2e CMakeFiles/Car.elf.dir/Drivers/STM32F4xx_HAL_Driver/Src/stm32f4xx_hal_uart.c.obj
 .ARM.attributes
                0x000003d7       0x2e CMakeFiles/Car.elf.dir/UC/DJI.c.obj
 .ARM.attributes
                0x00000405       0x2e CMakeFiles/Car.elf.dir/UC/wtr_can.c.obj
 .ARM.attributes
                0x00000433       0x1e c:/progra~2/gnuarm~1/102021~1.10/bin/../lib/gcc/arm-none-eabi/10.3.1/thumb/v7e-m/nofp\libgcc.a(_arm_addsubsf3.o)
 .ARM.attributes
                0x00000451       0x1e c:/progra~2/gnuarm~1/102021~1.10/bin/../lib/gcc/arm-none-eabi/10.3.1/thumb/v7e-m/nofp\libgcc.a(_arm_muldivsf3.o)
 .ARM.attributes
                0x0000046f       0x1e c:/progra~2/gnuarm~1/102021~1.10/bin/../lib/gcc/arm-none-eabi/10.3.1/thumb/v7e-m/nofp\libgcc.a(_arm_cmpsf2.o)
 .ARM.attributes
                0x0000048d       0x1e c:/progra~2/gnuarm~1/102021~1.10/bin/../lib/gcc/arm-none-eabi/10.3.1/thumb/v7e-m/nofp\libgcc.a(_aeabi_uldivmod.o)
 .ARM.attributes
                0x000004ab       0x2e c:/progra~2/gnuarm~1/102021~1.10/bin/../lib/gcc/arm-none-eabi/10.3.1/thumb/v7e-m/nofp\libgcc.a(_udivmoddi4.o)
 .ARM.attributes
                0x000004d9       0x2e c:/progra~2/gnuarm~1/102021~1.10/bin/../lib/gcc/arm-none-eabi/10.3.1/thumb/v7e-m/nofp\libgcc.a(unwind-arm.o)
 .ARM.attributes
                0x00000507       0x1e c:/progra~2/gnuarm~1/102021~1.10/bin/../lib/gcc/arm-none-eabi/10.3.1/thumb/v7e-m/nofp\libgcc.a(libunwind.o)
 .ARM.attributes
                0x00000525       0x2e c:/progra~2/gnuarm~1/102021~1.10/bin/../lib/gcc/arm-none-eabi/10.3.1/thumb/v7e-m/nofp\libgcc.a(pr-support.o)
 .ARM.attributes
                0x00000553       0x1e c:/progra~2/gnuarm~1/102021~1.10/bin/../lib/gcc/arm-none-eabi/10.3.1/thumb/v7e-m/nofp\libgcc.a(_dvmd_tls.o)
 .ARM.attributes
                0x00000571       0x2e c:/progra~2/gnuarm~1/102021~1.10/bin/../lib/gcc/arm-none-eabi/10.3.1/../../../../arm-none-eabi/lib/thumb/v7e-m/nofp\libg.a(lib_a-abort.o)
 .ARM.attributes
                0x0000059f       0x2e c:/progra~2/gnuarm~1/102021~1.10/bin/../lib/gcc/arm-none-eabi/10.3.1/../../../../arm-none-eabi/lib/thumb/v7e-m/nofp\libg.a(lib_a-errno.o)
 .ARM.attributes
                0x000005cd       0x2e c:/progra~2/gnuarm~1/102021~1.10/bin/../lib/gcc/arm-none-eabi/10.3.1/../../../../arm-none-eabi/lib/thumb/v7e-m/nofp\libg.a(lib_a-impure.o)
 .ARM.attributes
                0x000005fb       0x2e c:/progra~2/gnuarm~1/102021~1.10/bin/../lib/gcc/arm-none-eabi/10.3.1/../../../../arm-none-eabi/lib/thumb/v7e-m/nofp\libg.a(lib_a-init.o)
 .ARM.attributes
                0x00000629       0x1c c:/progra~2/gnuarm~1/102021~1.10/bin/../lib/gcc/arm-none-eabi/10.3.1/../../../../arm-none-eabi/lib/thumb/v7e-m/nofp\libg.a(lib_a-memcpy.o)
 .ARM.attributes
                0x00000645       0x2e c:/progra~2/gnuarm~1/102021~1.10/bin/../lib/gcc/arm-none-eabi/10.3.1/../../../../arm-none-eabi/lib/thumb/v7e-m/nofp\libg.a(lib_a-memset.o)
 .ARM.attributes
                0x00000673       0x2e c:/progra~2/gnuarm~1/102021~1.10/bin/../lib/gcc/arm-none-eabi/10.3.1/../../../../arm-none-eabi/lib/thumb/v7e-m/nofp\libg.a(lib_a-signal.o)
 .ARM.attributes
                0x000006a1       0x2e c:/progra~2/gnuarm~1/102021~1.10/bin/../lib/gcc/arm-none-eabi/10.3.1/../../../../arm-none-eabi/lib/thumb/v7e-m/nofp\libg.a(lib_a-signalr.o)
 .ARM.attributes
                0x000006cf       0x2e c:/progra~2/gnuarm~1/102021~1.10/bin/../lib/gcc/arm-none-eabi/10.3.1/../../../../arm-none-eabi/lib/thumb/v7e-m/nofp\libg.a(lib_a-__call_atexit.o)
 .ARM.attributes
                0x000006fd       0x2e c:/progra~2/gnuarm~1/102021~1.10/bin/../lib/gcc/arm-none-eabi/10.3.1/../../../../arm-none-eabi/lib/thumb/v7e-m/nofp\libg.a(lib_a-atexit.o)
 .ARM.attributes
                0x0000072b       0x2e c:/progra~2/gnuarm~1/102021~1.10/bin/../lib/gcc/arm-none-eabi/10.3.1/../../../../arm-none-eabi/lib/thumb/v7e-m/nofp\libg.a(lib_a-fini.o)
 .ARM.attributes
                0x00000759       0x2e c:/progra~2/gnuarm~1/102021~1.10/bin/../lib/gcc/arm-none-eabi/10.3.1/../../../../arm-none-eabi/lib/thumb/v7e-m/nofp\libg.a(lib_a-lock.o)
 .ARM.attributes
                0x00000787       0x2e c:/progra~2/gnuarm~1/102021~1.10/bin/../lib/gcc/arm-none-eabi/10.3.1/../../../../arm-none-eabi/lib/thumb/v7e-m/nofp\libg.a(lib_a-reent.o)
 .ARM.attributes
                0x000007b5       0x2e c:/progra~2/gnuarm~1/102021~1.10/bin/../lib/gcc/arm-none-eabi/10.3.1/../../../../arm-none-eabi/lib/thumb/v7e-m/nofp\libg.a(lib_a-__atexit.o)
 .ARM.attributes
                0x000007e3       0x1e c:/progra~2/gnuarm~1/102021~1.10/bin/../lib/gcc/arm-none-eabi/10.3.1/thumb/v7e-m/nofp/crtn.o
OUTPUT(Car.elf elf32-littlearm)
LOAD linker stubs
LOAD c:/progra~2/gnuarm~1/102021~1.10/bin/../lib/gcc/arm-none-eabi/10.3.1/../../../../arm-none-eabi/lib/thumb/v7e-m/nofp\libc.a
LOAD c:/progra~2/gnuarm~1/102021~1.10/bin/../lib/gcc/arm-none-eabi/10.3.1/../../../../arm-none-eabi/lib/thumb/v7e-m/nofp\libm.a
LOAD c:/progra~2/gnuarm~1/102021~1.10/bin/../lib/gcc/arm-none-eabi/10.3.1/thumb/v7e-m/nofp\libgcc.a

.debug_info     0x00000000    0x1722b
 .debug_info    0x00000000      0xbc4 CMakeFiles/Car.elf.dir/Core/Src/can.c.obj
 .debug_info    0x00000bc4      0x527 CMakeFiles/Car.elf.dir/Core/Src/gpio.c.obj
 .debug_info    0x000010eb      0xc4b CMakeFiles/Car.elf.dir/Core/Src/main.c.obj
 .debug_info    0x00001d36     0x2ae7 CMakeFiles/Car.elf.dir/Core/Src/start.cpp.obj
 .debug_info    0x0000481d      0x2c0 CMakeFiles/Car.elf.dir/Core/Src/stm32f4xx_hal_msp.c.obj
 .debug_info    0x00004add      0xb60 CMakeFiles/Car.elf.dir/Core/Src/stm32f4xx_it.c.obj
 .debug_info    0x0000563d      0x7af CMakeFiles/Car.elf.dir/Core/Src/syscalls.c.obj
 .debug_info    0x00005dec      0x399 CMakeFiles/Car.elf.dir/Core/Src/system_stm32f4xx.c.obj
 .debug_info    0x00006185     0x10bf CMakeFiles/Car.elf.dir/Core/Src/tim.c.obj
 .debug_info    0x00007244      0x9e9 CMakeFiles/Car.elf.dir/Core/Src/usart.c.obj
 .debug_info    0x00007c2d       0x22 CMakeFiles/Car.elf.dir/Core/Startup/startup_stm32f427iihx.s.obj
 .debug_info    0x00007c4f      0xa5c CMakeFiles/Car.elf.dir/Drivers/STM32F4xx_HAL_Driver/Src/stm32f4xx_hal.c.obj
 .debug_info    0x000086ab     0x126e CMakeFiles/Car.elf.dir/Drivers/STM32F4xx_HAL_Driver/Src/stm32f4xx_hal_can.c.obj
 .debug_info    0x00009919     0x10c2 CMakeFiles/Car.elf.dir/Drivers/STM32F4xx_HAL_Driver/Src/stm32f4xx_hal_cortex.c.obj
 .debug_info    0x0000a9db      0x7cc CMakeFiles/Car.elf.dir/Drivers/STM32F4xx_HAL_Driver/Src/stm32f4xx_hal_gpio.c.obj
 .debug_info    0x0000b1a7      0x7bb CMakeFiles/Car.elf.dir/Drivers/STM32F4xx_HAL_Driver/Src/stm32f4xx_hal_pwr_ex.c.obj
 .debug_info    0x0000b962      0xb1f CMakeFiles/Car.elf.dir/Drivers/STM32F4xx_HAL_Driver/Src/stm32f4xx_hal_rcc.c.obj
 .debug_info    0x0000c481     0x3d5b CMakeFiles/Car.elf.dir/Drivers/STM32F4xx_HAL_Driver/Src/stm32f4xx_hal_tim.c.obj
 .debug_info    0x000101dc     0x1ade CMakeFiles/Car.elf.dir/Drivers/STM32F4xx_HAL_Driver/Src/stm32f4xx_hal_tim_ex.c.obj
 .debug_info    0x00011cba     0x424e CMakeFiles/Car.elf.dir/Drivers/STM32F4xx_HAL_Driver/Src/stm32f4xx_hal_uart.c.obj
 .debug_info    0x00015f08      0xb90 CMakeFiles/Car.elf.dir/UC/DJI.c.obj
 .debug_info    0x00016a98      0x793 CMakeFiles/Car.elf.dir/UC/wtr_can.c.obj

.debug_abbrev   0x00000000     0x2d2f
 .debug_abbrev  0x00000000      0x1f6 CMakeFiles/Car.elf.dir/Core/Src/can.c.obj
 .debug_abbrev  0x000001f6      0x14e CMakeFiles/Car.elf.dir/Core/Src/gpio.c.obj
 .debug_abbrev  0x00000344      0x228 CMakeFiles/Car.elf.dir/Core/Src/main.c.obj
 .debug_abbrev  0x0000056c      0x4e2 CMakeFiles/Car.elf.dir/Core/Src/start.cpp.obj
 .debug_abbrev  0x00000a4e       0xd1 CMakeFiles/Car.elf.dir/Core/Src/stm32f4xx_hal_msp.c.obj
 .debug_abbrev  0x00000b1f      0x1ce CMakeFiles/Car.elf.dir/Core/Src/stm32f4xx_it.c.obj
 .debug_abbrev  0x00000ced      0x1a3 CMakeFiles/Car.elf.dir/Core/Src/syscalls.c.obj
 .debug_abbrev  0x00000e90      0x119 CMakeFiles/Car.elf.dir/Core/Src/system_stm32f4xx.c.obj
 .debug_abbrev  0x00000fa9      0x200 CMakeFiles/Car.elf.dir/Core/Src/tim.c.obj
 .debug_abbrev  0x000011a9      0x1da CMakeFiles/Car.elf.dir/Core/Src/usart.c.obj
 .debug_abbrev  0x00001383       0x12 CMakeFiles/Car.elf.dir/Core/Startup/startup_stm32f427iihx.s.obj
 .debug_abbrev  0x00001395      0x206 CMakeFiles/Car.elf.dir/Drivers/STM32F4xx_HAL_Driver/Src/stm32f4xx_hal.c.obj
 .debug_abbrev  0x0000159b      0x267 CMakeFiles/Car.elf.dir/Drivers/STM32F4xx_HAL_Driver/Src/stm32f4xx_hal_can.c.obj
 .debug_abbrev  0x00001802      0x36a CMakeFiles/Car.elf.dir/Drivers/STM32F4xx_HAL_Driver/Src/stm32f4xx_hal_cortex.c.obj
 .debug_abbrev  0x00001b6c      0x1ef CMakeFiles/Car.elf.dir/Drivers/STM32F4xx_HAL_Driver/Src/stm32f4xx_hal_gpio.c.obj
 .debug_abbrev  0x00001d5b      0x1c0 CMakeFiles/Car.elf.dir/Drivers/STM32F4xx_HAL_Driver/Src/stm32f4xx_hal_pwr_ex.c.obj
 .debug_abbrev  0x00001f1b      0x28a CMakeFiles/Car.elf.dir/Drivers/STM32F4xx_HAL_Driver/Src/stm32f4xx_hal_rcc.c.obj
 .debug_abbrev  0x000021a5      0x22b CMakeFiles/Car.elf.dir/Drivers/STM32F4xx_HAL_Driver/Src/stm32f4xx_hal_tim.c.obj
 .debug_abbrev  0x000023d0      0x241 CMakeFiles/Car.elf.dir/Drivers/STM32F4xx_HAL_Driver/Src/stm32f4xx_hal_tim_ex.c.obj
 .debug_abbrev  0x00002611      0x2fd CMakeFiles/Car.elf.dir/Drivers/STM32F4xx_HAL_Driver/Src/stm32f4xx_hal_uart.c.obj
 .debug_abbrev  0x0000290e      0x21b CMakeFiles/Car.elf.dir/UC/DJI.c.obj
 .debug_abbrev  0x00002b29      0x206 CMakeFiles/Car.elf.dir/UC/wtr_can.c.obj

.debug_loc      0x00000000     0xe505
 .debug_loc     0x00000000       0x84 CMakeFiles/Car.elf.dir/Core/Src/can.c.obj
 .debug_loc     0x00000084       0x42 CMakeFiles/Car.elf.dir/Core/Src/start.cpp.obj
 .debug_loc     0x000000c6      0x3c5 CMakeFiles/Car.elf.dir/Core/Src/syscalls.c.obj
 .debug_loc     0x0000048b      0x158 CMakeFiles/Car.elf.dir/Core/Src/system_stm32f4xx.c.obj
 .debug_loc     0x000005e3       0xa9 CMakeFiles/Car.elf.dir/Core/Src/tim.c.obj
 .debug_loc     0x0000068c       0x84 CMakeFiles/Car.elf.dir/Core/Src/usart.c.obj
 .debug_loc     0x00000710      0x141 CMakeFiles/Car.elf.dir/Drivers/STM32F4xx_HAL_Driver/Src/stm32f4xx_hal.c.obj
 .debug_loc     0x00000851      0xde6 CMakeFiles/Car.elf.dir/Drivers/STM32F4xx_HAL_Driver/Src/stm32f4xx_hal_can.c.obj
 .debug_loc     0x00001637      0x744 CMakeFiles/Car.elf.dir/Drivers/STM32F4xx_HAL_Driver/Src/stm32f4xx_hal_cortex.c.obj
 .debug_loc     0x00001d7b      0x520 CMakeFiles/Car.elf.dir/Drivers/STM32F4xx_HAL_Driver/Src/stm32f4xx_hal_gpio.c.obj
 .debug_loc     0x0000229b      0x228 CMakeFiles/Car.elf.dir/Drivers/STM32F4xx_HAL_Driver/Src/stm32f4xx_hal_pwr_ex.c.obj
 .debug_loc     0x000024c3      0x58c CMakeFiles/Car.elf.dir/Drivers/STM32F4xx_HAL_Driver/Src/stm32f4xx_hal_rcc.c.obj
 .debug_loc     0x00002a4f     0x506c CMakeFiles/Car.elf.dir/Drivers/STM32F4xx_HAL_Driver/Src/stm32f4xx_hal_tim.c.obj
 .debug_loc     0x00007abb     0x1cd7 CMakeFiles/Car.elf.dir/Drivers/STM32F4xx_HAL_Driver/Src/stm32f4xx_hal_tim_ex.c.obj
 .debug_loc     0x00009792     0x49ab CMakeFiles/Car.elf.dir/Drivers/STM32F4xx_HAL_Driver/Src/stm32f4xx_hal_uart.c.obj
 .debug_loc     0x0000e13d      0x381 CMakeFiles/Car.elf.dir/UC/DJI.c.obj
 .debug_loc     0x0000e4be       0x47 CMakeFiles/Car.elf.dir/UC/wtr_can.c.obj

.debug_aranges  0x00000000      0xe70
 .debug_aranges
                0x00000000       0x30 CMakeFiles/Car.elf.dir/Core/Src/can.c.obj
 .debug_aranges
                0x00000030       0x20 CMakeFiles/Car.elf.dir/Core/Src/gpio.c.obj
 .debug_aranges
                0x00000050       0x30 CMakeFiles/Car.elf.dir/Core/Src/main.c.obj
 .debug_aranges
                0x00000080       0x30 CMakeFiles/Car.elf.dir/Core/Src/start.cpp.obj
 .debug_aranges
                0x000000b0       0x20 CMakeFiles/Car.elf.dir/Core/Src/stm32f4xx_hal_msp.c.obj
 .debug_aranges
                0x000000d0       0x70 CMakeFiles/Car.elf.dir/Core/Src/stm32f4xx_it.c.obj
 .debug_aranges
                0x00000140       0xa8 CMakeFiles/Car.elf.dir/Core/Src/syscalls.c.obj
 .debug_aranges
                0x000001e8       0x28 CMakeFiles/Car.elf.dir/Core/Src/system_stm32f4xx.c.obj
 .debug_aranges
                0x00000210       0x38 CMakeFiles/Car.elf.dir/Core/Src/tim.c.obj
 .debug_aranges
                0x00000248       0x30 CMakeFiles/Car.elf.dir/Core/Src/usart.c.obj
 .debug_aranges
                0x00000278       0x28 CMakeFiles/Car.elf.dir/Core/Startup/startup_stm32f427iihx.s.obj
 .debug_aranges
                0x000002a0      0x100 CMakeFiles/Car.elf.dir/Drivers/STM32F4xx_HAL_Driver/Src/stm32f4xx_hal.c.obj
 .debug_aranges
                0x000003a0      0x138 CMakeFiles/Car.elf.dir/Drivers/STM32F4xx_HAL_Driver/Src/stm32f4xx_hal_can.c.obj
 .debug_aranges
                0x000004d8       0xa8 CMakeFiles/Car.elf.dir/Drivers/STM32F4xx_HAL_Driver/Src/stm32f4xx_hal_cortex.c.obj
 .debug_aranges
                0x00000580       0x58 CMakeFiles/Car.elf.dir/Drivers/STM32F4xx_HAL_Driver/Src/stm32f4xx_hal_gpio.c.obj
 .debug_aranges
                0x000005d8       0x60 CMakeFiles/Car.elf.dir/Drivers/STM32F4xx_HAL_Driver/Src/stm32f4xx_hal_pwr_ex.c.obj
 .debug_aranges
                0x00000638       0x88 CMakeFiles/Car.elf.dir/Drivers/STM32F4xx_HAL_Driver/Src/stm32f4xx_hal_rcc.c.obj
 .debug_aranges
                0x000006c0      0x3d0 CMakeFiles/Car.elf.dir/Drivers/STM32F4xx_HAL_Driver/Src/stm32f4xx_hal_tim.c.obj
 .debug_aranges
                0x00000a90      0x168 CMakeFiles/Car.elf.dir/Drivers/STM32F4xx_HAL_Driver/Src/stm32f4xx_hal_tim_ex.c.obj
 .debug_aranges
                0x00000bf8      0x200 CMakeFiles/Car.elf.dir/Drivers/STM32F4xx_HAL_Driver/Src/stm32f4xx_hal_uart.c.obj
 .debug_aranges
                0x00000df8       0x48 CMakeFiles/Car.elf.dir/UC/DJI.c.obj
 .debug_aranges
                0x00000e40       0x30 CMakeFiles/Car.elf.dir/UC/wtr_can.c.obj

.debug_ranges   0x00000000      0xda8
 .debug_ranges  0x00000000       0x20 CMakeFiles/Car.elf.dir/Core/Src/can.c.obj
 .debug_ranges  0x00000020       0x10 CMakeFiles/Car.elf.dir/Core/Src/gpio.c.obj
 .debug_ranges  0x00000030       0x20 CMakeFiles/Car.elf.dir/Core/Src/main.c.obj
 .debug_ranges  0x00000050       0x20 CMakeFiles/Car.elf.dir/Core/Src/start.cpp.obj
 .debug_ranges  0x00000070       0x10 CMakeFiles/Car.elf.dir/Core/Src/stm32f4xx_hal_msp.c.obj
 .debug_ranges  0x00000080       0x60 CMakeFiles/Car.elf.dir/Core/Src/stm32f4xx_it.c.obj
 .debug_ranges  0x000000e0       0x98 CMakeFiles/Car.elf.dir/Core/Src/syscalls.c.obj
 .debug_ranges  0x00000178       0x18 CMakeFiles/Car.elf.dir/Core/Src/system_stm32f4xx.c.obj
 .debug_ranges  0x00000190       0x28 CMakeFiles/Car.elf.dir/Core/Src/tim.c.obj
 .debug_ranges  0x000001b8       0x20 CMakeFiles/Car.elf.dir/Core/Src/usart.c.obj
 .debug_ranges  0x000001d8       0x20 CMakeFiles/Car.elf.dir/Core/Startup/startup_stm32f427iihx.s.obj
 .debug_ranges  0x000001f8       0xf0 CMakeFiles/Car.elf.dir/Drivers/STM32F4xx_HAL_Driver/Src/stm32f4xx_hal.c.obj
 .debug_ranges  0x000002e8      0x128 CMakeFiles/Car.elf.dir/Drivers/STM32F4xx_HAL_Driver/Src/stm32f4xx_hal_can.c.obj
 .debug_ranges  0x00000410       0xf8 CMakeFiles/Car.elf.dir/Drivers/STM32F4xx_HAL_Driver/Src/stm32f4xx_hal_cortex.c.obj
 .debug_ranges  0x00000508       0x48 CMakeFiles/Car.elf.dir/Drivers/STM32F4xx_HAL_Driver/Src/stm32f4xx_hal_gpio.c.obj
 .debug_ranges  0x00000550       0x50 CMakeFiles/Car.elf.dir/Drivers/STM32F4xx_HAL_Driver/Src/stm32f4xx_hal_pwr_ex.c.obj
 .debug_ranges  0x000005a0       0x90 CMakeFiles/Car.elf.dir/Drivers/STM32F4xx_HAL_Driver/Src/stm32f4xx_hal_rcc.c.obj
 .debug_ranges  0x00000630      0x3c0 CMakeFiles/Car.elf.dir/Drivers/STM32F4xx_HAL_Driver/Src/stm32f4xx_hal_tim.c.obj
 .debug_ranges  0x000009f0      0x158 CMakeFiles/Car.elf.dir/Drivers/STM32F4xx_HAL_Driver/Src/stm32f4xx_hal_tim_ex.c.obj
 .debug_ranges  0x00000b48      0x208 CMakeFiles/Car.elf.dir/Drivers/STM32F4xx_HAL_Driver/Src/stm32f4xx_hal_uart.c.obj
 .debug_ranges  0x00000d50       0x38 CMakeFiles/Car.elf.dir/UC/DJI.c.obj
 .debug_ranges  0x00000d88       0x20 CMakeFiles/Car.elf.dir/UC/wtr_can.c.obj

.debug_line     0x00000000    0x11576
 .debug_line    0x00000000      0x3a5 CMakeFiles/Car.elf.dir/Core/Src/can.c.obj
 .debug_line    0x000003a5      0x268 CMakeFiles/Car.elf.dir/Core/Src/gpio.c.obj
 .debug_line    0x0000060d      0x4b6 CMakeFiles/Car.elf.dir/Core/Src/main.c.obj
 .debug_line    0x00000ac3      0x5dd CMakeFiles/Car.elf.dir/Core/Src/start.cpp.obj
 .debug_line    0x000010a0      0x19e CMakeFiles/Car.elf.dir/Core/Src/stm32f4xx_hal_msp.c.obj
 .debug_line    0x0000123e      0x386 CMakeFiles/Car.elf.dir/Core/Src/stm32f4xx_it.c.obj
 .debug_line    0x000015c4      0x3fd CMakeFiles/Car.elf.dir/Core/Src/syscalls.c.obj
 .debug_line    0x000019c1      0x267 CMakeFiles/Car.elf.dir/Core/Src/system_stm32f4xx.c.obj
 .debug_line    0x00001c28      0x4be CMakeFiles/Car.elf.dir/Core/Src/tim.c.obj
 .debug_line    0x000020e6      0x371 CMakeFiles/Car.elf.dir/Core/Src/usart.c.obj
 .debug_line    0x00002457       0xb9 CMakeFiles/Car.elf.dir/Core/Startup/startup_stm32f427iihx.s.obj
 .debug_line    0x00002510      0x649 CMakeFiles/Car.elf.dir/Drivers/STM32F4xx_HAL_Driver/Src/stm32f4xx_hal.c.obj
 .debug_line    0x00002b59     0x1189 CMakeFiles/Car.elf.dir/Drivers/STM32F4xx_HAL_Driver/Src/stm32f4xx_hal_can.c.obj
 .debug_line    0x00003ce2      0x824 CMakeFiles/Car.elf.dir/Drivers/STM32F4xx_HAL_Driver/Src/stm32f4xx_hal_cortex.c.obj
 .debug_line    0x00004506      0x76e CMakeFiles/Car.elf.dir/Drivers/STM32F4xx_HAL_Driver/Src/stm32f4xx_hal_gpio.c.obj
 .debug_line    0x00004c74      0x55e CMakeFiles/Car.elf.dir/Drivers/STM32F4xx_HAL_Driver/Src/stm32f4xx_hal_pwr_ex.c.obj
 .debug_line    0x000051d2      0xb87 CMakeFiles/Car.elf.dir/Drivers/STM32F4xx_HAL_Driver/Src/stm32f4xx_hal_rcc.c.obj
 .debug_line    0x00005d59     0x4b1a CMakeFiles/Car.elf.dir/Drivers/STM32F4xx_HAL_Driver/Src/stm32f4xx_hal_tim.c.obj
 .debug_line    0x0000a873     0x1d3e CMakeFiles/Car.elf.dir/Drivers/STM32F4xx_HAL_Driver/Src/stm32f4xx_hal_tim_ex.c.obj
 .debug_line    0x0000c5b1     0x469a CMakeFiles/Car.elf.dir/Drivers/STM32F4xx_HAL_Driver/Src/stm32f4xx_hal_uart.c.obj
 .debug_line    0x00010c4b      0x5db CMakeFiles/Car.elf.dir/UC/DJI.c.obj
 .debug_line    0x00011226      0x350 CMakeFiles/Car.elf.dir/UC/wtr_can.c.obj

.debug_str      0x00000000     0x591f
 .debug_str     0x00000000      0xb78 CMakeFiles/Car.elf.dir/Core/Src/can.c.obj
                                0xc09 (size before relaxing)
 .debug_str     0x00000b78       0x7f CMakeFiles/Car.elf.dir/Core/Src/gpio.c.obj
                                0x3d3 (size before relaxing)
 .debug_str     0x00000bf7      0x34b CMakeFiles/Car.elf.dir/Core/Src/main.c.obj
                                0x8e9 (size before relaxing)
 .debug_str     0x00000f42     0x1327 CMakeFiles/Car.elf.dir/Core/Src/start.cpp.obj
                               0x1887 (size before relaxing)
 .debug_str     0x00002269       0x5d CMakeFiles/Car.elf.dir/Core/Src/stm32f4xx_hal_msp.c.obj
                                0x322 (size before relaxing)
 .debug_str     0x000022c6      0x13b CMakeFiles/Car.elf.dir/Core/Src/stm32f4xx_it.c.obj
                                0xa84 (size before relaxing)
 .debug_str     0x00002401      0x21b CMakeFiles/Car.elf.dir/Core/Src/syscalls.c.obj
                                0x44d (size before relaxing)
 .debug_str     0x0000261c       0xb8 CMakeFiles/Car.elf.dir/Core/Src/system_stm32f4xx.c.obj
                                0x388 (size before relaxing)
 .debug_str     0x000026d4      0x2cd CMakeFiles/Car.elf.dir/Core/Src/tim.c.obj
                               0x113a (size before relaxing)
 .debug_str     0x000029a1      0x24b CMakeFiles/Car.elf.dir/Core/Src/usart.c.obj
                                0x863 (size before relaxing)
 .debug_str     0x00002bec       0x67 CMakeFiles/Car.elf.dir/Core/Startup/startup_stm32f427iihx.s.obj
                                 0xad (size before relaxing)
 .debug_str     0x00002c53      0x3af CMakeFiles/Car.elf.dir/Drivers/STM32F4xx_HAL_Driver/Src/stm32f4xx_hal.c.obj
                                0xc49 (size before relaxing)
 .debug_str     0x00003002      0x575 CMakeFiles/Car.elf.dir/Drivers/STM32F4xx_HAL_Driver/Src/stm32f4xx_hal_can.c.obj
                                0xa9f (size before relaxing)
 .debug_str     0x00003577      0x4b2 CMakeFiles/Car.elf.dir/Drivers/STM32F4xx_HAL_Driver/Src/stm32f4xx_hal_cortex.c.obj
                                0xccd (size before relaxing)
 .debug_str     0x00003a29      0x138 CMakeFiles/Car.elf.dir/Drivers/STM32F4xx_HAL_Driver/Src/stm32f4xx_hal_gpio.c.obj
                                0x547 (size before relaxing)
 .debug_str     0x00003b61      0x16f CMakeFiles/Car.elf.dir/Drivers/STM32F4xx_HAL_Driver/Src/stm32f4xx_hal_pwr_ex.c.obj
                                0x532 (size before relaxing)
 .debug_str     0x00003cd0      0x1ca CMakeFiles/Car.elf.dir/Drivers/STM32F4xx_HAL_Driver/Src/stm32f4xx_hal_rcc.c.obj
                                0x76d (size before relaxing)
 .debug_str     0x00003e9a      0xde6 CMakeFiles/Car.elf.dir/Drivers/STM32F4xx_HAL_Driver/Src/stm32f4xx_hal_tim.c.obj
                               0x170d (size before relaxing)
 .debug_str     0x00004c80      0x4a3 CMakeFiles/Car.elf.dir/Drivers/STM32F4xx_HAL_Driver/Src/stm32f4xx_hal_tim_ex.c.obj
                                0xf0e (size before relaxing)
 .debug_str     0x00005123      0x64c CMakeFiles/Car.elf.dir/Drivers/STM32F4xx_HAL_Driver/Src/stm32f4xx_hal_uart.c.obj
                                0xdad (size before relaxing)
 .debug_str     0x0000576f      0x149 CMakeFiles/Car.elf.dir/UC/DJI.c.obj
                                0x7b3 (size before relaxing)
 .debug_str     0x000058b8       0x67 CMakeFiles/Car.elf.dir/UC/wtr_can.c.obj
                                0x6a1 (size before relaxing)

.comment        0x00000000       0x49
 .comment       0x00000000       0x49 CMakeFiles/Car.elf.dir/Core/Src/can.c.obj
                                 0x4a (size before relaxing)
 .comment       0x00000049       0x4a CMakeFiles/Car.elf.dir/Core/Src/gpio.c.obj
 .comment       0x00000049       0x4a CMakeFiles/Car.elf.dir/Core/Src/main.c.obj
 .comment       0x00000049       0x4a CMakeFiles/Car.elf.dir/Core/Src/start.cpp.obj
 .comment       0x00000049       0x4a CMakeFiles/Car.elf.dir/Core/Src/stm32f4xx_hal_msp.c.obj
 .comment       0x00000049       0x4a CMakeFiles/Car.elf.dir/Core/Src/stm32f4xx_it.c.obj
 .comment       0x00000049       0x4a CMakeFiles/Car.elf.dir/Core/Src/syscalls.c.obj
 .comment       0x00000049       0x4a CMakeFiles/Car.elf.dir/Core/Src/system_stm32f4xx.c.obj
 .comment       0x00000049       0x4a CMakeFiles/Car.elf.dir/Core/Src/tim.c.obj
 .comment       0x00000049       0x4a CMakeFiles/Car.elf.dir/Core/Src/usart.c.obj
 .comment       0x00000049       0x4a CMakeFiles/Car.elf.dir/Drivers/STM32F4xx_HAL_Driver/Src/stm32f4xx_hal.c.obj
 .comment       0x00000049       0x4a CMakeFiles/Car.elf.dir/Drivers/STM32F4xx_HAL_Driver/Src/stm32f4xx_hal_can.c.obj
 .comment       0x00000049       0x4a CMakeFiles/Car.elf.dir/Drivers/STM32F4xx_HAL_Driver/Src/stm32f4xx_hal_cortex.c.obj
 .comment       0x00000049       0x4a CMakeFiles/Car.elf.dir/Drivers/STM32F4xx_HAL_Driver/Src/stm32f4xx_hal_gpio.c.obj
 .comment       0x00000049       0x4a CMakeFiles/Car.elf.dir/Drivers/STM32F4xx_HAL_Driver/Src/stm32f4xx_hal_pwr_ex.c.obj
 .comment       0x00000049       0x4a CMakeFiles/Car.elf.dir/Drivers/STM32F4xx_HAL_Driver/Src/stm32f4xx_hal_rcc.c.obj
 .comment       0x00000049       0x4a CMakeFiles/Car.elf.dir/Drivers/STM32F4xx_HAL_Driver/Src/stm32f4xx_hal_tim.c.obj
 .comment       0x00000049       0x4a CMakeFiles/Car.elf.dir/Drivers/STM32F4xx_HAL_Driver/Src/stm32f4xx_hal_tim_ex.c.obj
 .comment       0x00000049       0x4a CMakeFiles/Car.elf.dir/Drivers/STM32F4xx_HAL_Driver/Src/stm32f4xx_hal_uart.c.obj
 .comment       0x00000049       0x4a CMakeFiles/Car.elf.dir/UC/DJI.c.obj
 .comment       0x00000049       0x4a CMakeFiles/Car.elf.dir/UC/wtr_can.c.obj

.debug_frame    0x00000000     0x2dbc
 .debug_frame   0x00000000       0x60 CMakeFiles/Car.elf.dir/Core/Src/can.c.obj
 .debug_frame   0x00000060       0x34 CMakeFiles/Car.elf.dir/Core/Src/gpio.c.obj
 .debug_frame   0x00000094       0x58 CMakeFiles/Car.elf.dir/Core/Src/main.c.obj
 .debug_frame   0x000000ec       0x50 CMakeFiles/Car.elf.dir/Core/Src/start.cpp.obj
 .debug_frame   0x0000013c       0x28 CMakeFiles/Car.elf.dir/Core/Src/stm32f4xx_hal_msp.c.obj
 .debug_frame   0x00000164       0xd8 CMakeFiles/Car.elf.dir/Core/Src/stm32f4xx_it.c.obj
 .debug_frame   0x0000023c      0x190 CMakeFiles/Car.elf.dir/Core/Src/syscalls.c.obj
 .debug_frame   0x000003cc       0x30 CMakeFiles/Car.elf.dir/Core/Src/system_stm32f4xx.c.obj
 .debug_frame   0x000003fc       0x88 CMakeFiles/Car.elf.dir/Core/Src/tim.c.obj
 .debug_frame   0x00000484       0x60 CMakeFiles/Car.elf.dir/Core/Src/usart.c.obj
 .debug_frame   0x000004e4      0x20c CMakeFiles/Car.elf.dir/Drivers/STM32F4xx_HAL_Driver/Src/stm32f4xx_hal.c.obj
 .debug_frame   0x000006f0      0x2d0 CMakeFiles/Car.elf.dir/Drivers/STM32F4xx_HAL_Driver/Src/stm32f4xx_hal_can.c.obj
 .debug_frame   0x000009c0      0x148 CMakeFiles/Car.elf.dir/Drivers/STM32F4xx_HAL_Driver/Src/stm32f4xx_hal_cortex.c.obj
 .debug_frame   0x00000b08       0xd8 CMakeFiles/Car.elf.dir/Drivers/STM32F4xx_HAL_Driver/Src/stm32f4xx_hal_gpio.c.obj
 .debug_frame   0x00000be0       0xf4 CMakeFiles/Car.elf.dir/Drivers/STM32F4xx_HAL_Driver/Src/stm32f4xx_hal_pwr_ex.c.obj
 .debug_frame   0x00000cd4      0x16c CMakeFiles/Car.elf.dir/Drivers/STM32F4xx_HAL_Driver/Src/stm32f4xx_hal_rcc.c.obj
 .debug_frame   0x00000e40      0xb04 CMakeFiles/Car.elf.dir/Drivers/STM32F4xx_HAL_Driver/Src/stm32f4xx_hal_tim.c.obj
 .debug_frame   0x00001944      0x40c CMakeFiles/Car.elf.dir/Drivers/STM32F4xx_HAL_Driver/Src/stm32f4xx_hal_tim_ex.c.obj
 .debug_frame   0x00001d50      0x5cc CMakeFiles/Car.elf.dir/Drivers/STM32F4xx_HAL_Driver/Src/stm32f4xx_hal_uart.c.obj
 .debug_frame   0x0000231c       0xbc CMakeFiles/Car.elf.dir/UC/DJI.c.obj
 .debug_frame   0x000023d8       0x78 CMakeFiles/Car.elf.dir/UC/wtr_can.c.obj
 .debug_frame   0x00002450       0x4c c:/progra~2/gnuarm~1/102021~1.10/bin/../lib/gcc/arm-none-eabi/10.3.1/thumb/v7e-m/nofp\libgcc.a(_arm_addsubsf3.o)
 .debug_frame   0x0000249c       0x38 c:/progra~2/gnuarm~1/102021~1.10/bin/../lib/gcc/arm-none-eabi/10.3.1/thumb/v7e-m/nofp\libgcc.a(_arm_muldivsf3.o)
 .debug_frame   0x000024d4       0xc8 c:/progra~2/gnuarm~1/102021~1.10/bin/../lib/gcc/arm-none-eabi/10.3.1/thumb/v7e-m/nofp\libgcc.a(_arm_cmpsf2.o)
 .debug_frame   0x0000259c       0x2c c:/progra~2/gnuarm~1/102021~1.10/bin/../lib/gcc/arm-none-eabi/10.3.1/thumb/v7e-m/nofp\libgcc.a(_aeabi_uldivmod.o)
 .debug_frame   0x000025c8       0x34 c:/progra~2/gnuarm~1/102021~1.10/bin/../lib/gcc/arm-none-eabi/10.3.1/thumb/v7e-m/nofp\libgcc.a(_udivmoddi4.o)
 .debug_frame   0x000025fc      0x2d4 c:/progra~2/gnuarm~1/102021~1.10/bin/../lib/gcc/arm-none-eabi/10.3.1/thumb/v7e-m/nofp\libgcc.a(unwind-arm.o)
 .debug_frame   0x000028d0      0x104 c:/progra~2/gnuarm~1/102021~1.10/bin/../lib/gcc/arm-none-eabi/10.3.1/thumb/v7e-m/nofp\libgcc.a(pr-support.o)
 .debug_frame   0x000029d4       0x28 c:/progra~2/gnuarm~1/102021~1.10/bin/../lib/gcc/arm-none-eabi/10.3.1/../../../../arm-none-eabi/lib/thumb/v7e-m/nofp\libg.a(lib_a-abort.o)
 .debug_frame   0x000029fc       0x20 c:/progra~2/gnuarm~1/102021~1.10/bin/../lib/gcc/arm-none-eabi/10.3.1/../../../../arm-none-eabi/lib/thumb/v7e-m/nofp\libg.a(lib_a-errno.o)
 .debug_frame   0x00002a1c       0x2c c:/progra~2/gnuarm~1/102021~1.10/bin/../lib/gcc/arm-none-eabi/10.3.1/../../../../arm-none-eabi/lib/thumb/v7e-m/nofp\libg.a(lib_a-init.o)
 .debug_frame   0x00002a48       0x2c c:/progra~2/gnuarm~1/102021~1.10/bin/../lib/gcc/arm-none-eabi/10.3.1/../../../../arm-none-eabi/lib/thumb/v7e-m/nofp\libg.a(lib_a-memset.o)
 .debug_frame   0x00002a74      0x114 c:/progra~2/gnuarm~1/102021~1.10/bin/../lib/gcc/arm-none-eabi/10.3.1/../../../../arm-none-eabi/lib/thumb/v7e-m/nofp\libg.a(lib_a-signal.o)
 .debug_frame   0x00002b88       0x3c c:/progra~2/gnuarm~1/102021~1.10/bin/../lib/gcc/arm-none-eabi/10.3.1/../../../../arm-none-eabi/lib/thumb/v7e-m/nofp\libg.a(lib_a-signalr.o)
 .debug_frame   0x00002bc4       0x5c c:/progra~2/gnuarm~1/102021~1.10/bin/../lib/gcc/arm-none-eabi/10.3.1/../../../../arm-none-eabi/lib/thumb/v7e-m/nofp\libg.a(lib_a-__call_atexit.o)
 .debug_frame   0x00002c20       0x20 c:/progra~2/gnuarm~1/102021~1.10/bin/../lib/gcc/arm-none-eabi/10.3.1/../../../../arm-none-eabi/lib/thumb/v7e-m/nofp\libg.a(lib_a-atexit.o)
 .debug_frame   0x00002c40       0x34 c:/progra~2/gnuarm~1/102021~1.10/bin/../lib/gcc/arm-none-eabi/10.3.1/../../../../arm-none-eabi/lib/thumb/v7e-m/nofp\libg.a(lib_a-fini.o)
 .debug_frame   0x00002c74       0xb0 c:/progra~2/gnuarm~1/102021~1.10/bin/../lib/gcc/arm-none-eabi/10.3.1/../../../../arm-none-eabi/lib/thumb/v7e-m/nofp\libg.a(lib_a-lock.o)
 .debug_frame   0x00002d24       0x64 c:/progra~2/gnuarm~1/102021~1.10/bin/../lib/gcc/arm-none-eabi/10.3.1/../../../../arm-none-eabi/lib/thumb/v7e-m/nofp\libg.a(lib_a-reent.o)
 .debug_frame   0x00002d88       0x34 c:/progra~2/gnuarm~1/102021~1.10/bin/../lib/gcc/arm-none-eabi/10.3.1/../../../../arm-none-eabi/lib/thumb/v7e-m/nofp\libg.a(lib_a-__atexit.o)
