Component: Arm Compiler for Embedded 6.18 Tool: armlink [5e4cc100]

==============================================================================

Section Cross References

    startup_stm32f427xx.o(STACK) refers (Special) to heapauxi.o(.text) for __use_two_region_memory
    startup_stm32f427xx.o(HEAP) refers (Special) to heapauxi.o(.text) for __use_two_region_memory
    startup_stm32f427xx.o(RESET) refers (Special) to heapauxi.o(.text) for __use_two_region_memory
    startup_stm32f427xx.o(RESET) refers to startup_stm32f427xx.o(STACK) for __initial_sp
    startup_stm32f427xx.o(RESET) refers to startup_stm32f427xx.o(.text) for Reset_Handler
    startup_stm32f427xx.o(RESET) refers to stm32f4xx_it.o(.text.NMI_Handler) for NMI_Handler
    startup_stm32f427xx.o(RESET) refers to stm32f4xx_it.o(.text.HardFault_Handler) for HardFault_Handler
    startup_stm32f427xx.o(RESET) refers to stm32f4xx_it.o(.text.MemManage_Handler) for MemManage_Handler
    startup_stm32f427xx.o(RESET) refers to stm32f4xx_it.o(.text.BusFault_Handler) for BusFault_Handler
    startup_stm32f427xx.o(RESET) refers to stm32f4xx_it.o(.text.UsageFault_Handler) for UsageFault_Handler
    startup_stm32f427xx.o(RESET) refers to stm32f4xx_it.o(.text.SVC_Handler) for SVC_Handler
    startup_stm32f427xx.o(RESET) refers to stm32f4xx_it.o(.text.DebugMon_Handler) for DebugMon_Handler
    startup_stm32f427xx.o(RESET) refers to stm32f4xx_it.o(.text.PendSV_Handler) for PendSV_Handler
    startup_stm32f427xx.o(RESET) refers to stm32f4xx_it.o(.text.SysTick_Handler) for SysTick_Handler
    startup_stm32f427xx.o(RESET) refers to stm32f4xx_it.o(.text.CAN1_RX0_IRQHandler) for CAN1_RX0_IRQHandler
    startup_stm32f427xx.o(RESET) refers to stm32f4xx_it.o(.text.TIM1_BRK_TIM9_IRQHandler) for TIM1_BRK_TIM9_IRQHandler
    startup_stm32f427xx.o(RESET) refers to stm32f4xx_it.o(.text.TIM2_IRQHandler) for TIM2_IRQHandler
    startup_stm32f427xx.o(RESET) refers to stm32f4xx_it.o(.text.USART1_IRQHandler) for USART1_IRQHandler
    startup_stm32f427xx.o(RESET) refers to stm32f4xx_it.o(.text.EXTI15_10_IRQHandler) for EXTI15_10_IRQHandler
    startup_stm32f427xx.o(RESET) refers to stm32f4xx_it.o(.text.TIM8_UP_TIM13_IRQHandler) for TIM8_UP_TIM13_IRQHandler
    startup_stm32f427xx.o(RESET) refers to stm32f4xx_it.o(.text.DMA2_Stream1_IRQHandler) for DMA2_Stream1_IRQHandler
    startup_stm32f427xx.o(RESET) refers to stm32f4xx_it.o(.text.DMA2_Stream5_IRQHandler) for DMA2_Stream5_IRQHandler
    startup_stm32f427xx.o(RESET) refers to stm32f4xx_it.o(.text.DMA2_Stream6_IRQHandler) for DMA2_Stream6_IRQHandler
    startup_stm32f427xx.o(RESET) refers to stm32f4xx_it.o(.text.DMA2_Stream7_IRQHandler) for DMA2_Stream7_IRQHandler
    startup_stm32f427xx.o(RESET) refers to stm32f4xx_it.o(.text.USART6_IRQHandler) for USART6_IRQHandler
    startup_stm32f427xx.o(.text) refers (Special) to heapauxi.o(.text) for __use_two_region_memory
    startup_stm32f427xx.o(.text) refers to system_stm32f4xx.o(.text.SystemInit) for SystemInit
    startup_stm32f427xx.o(.text) refers to __main.o(!!!main) for __main
    startup_stm32f427xx.o(.text) refers to startup_stm32f427xx.o(HEAP) for Heap_Mem
    startup_stm32f427xx.o(.text) refers to startup_stm32f427xx.o(STACK) for Stack_Mem
    start.o(.text.setup) refers to stm32f4xx_hal_gpio.o(.text.HAL_GPIO_WritePin) for HAL_GPIO_WritePin
    start.o(.text.setup) refers to stm32f4xx_hal.o(.text.HAL_Delay) for HAL_Delay
    start.o(.text.setup) refers to start.o(.bss..L_MergedGlobals) for .L_MergedGlobals
    start.o(.text.setup) refers to string.cpp.o(.text._ZNSt3__212basic_stringIcNS_11char_traitsIcEENS_9allocatorIcEEE17__assign_externalEPKcj) for std::__2::basic_string<char, std::__2::char_traits<char>, std::__2::allocator<char> >::__assign_external(char const*, unsigned int)
    start.o(.text.setup) refers to tim.o(.bss.htim2) for htim2
    start.o(.text.setup) refers to string.cpp.o(.text._ZNSt3__29to_stringEj) for std::__2::to_string(unsigned int)
    start.o(.text.setup) refers to string.cpp.o(.text._ZNSt3__212basic_stringIcNS_11char_traitsIcEENS_9allocatorIcEEE6appendEPKcj) for std::__2::basic_string<char, std::__2::char_traits<char>, std::__2::allocator<char> >::append(char const*, unsigned int)
    start.o(.text.setup) refers to new.cpp.o(.text._ZdlPv) for operator delete(void*)
    start.o(.text.setup) refers to start.o(.rodata.str1.1) for .L.str.4
    start.o(.text.setup) refers to string.cpp.o(.text._ZNSt3__212basic_stringIcNS_11char_traitsIcEENS_9allocatorIcEEE6appendEPKc) for std::__2::basic_string<char, std::__2::char_traits<char>, std::__2::allocator<char> >::append(char const*)
    start.o(.text.setup) refers to string.cpp.o(.text._ZNSt3__29to_stringEm) for std::__2::to_string(unsigned long)
    start.o(.text.setup) refers to stm32f4xx_hal_rcc.o(.text.HAL_RCC_GetSysClockFreq) for HAL_RCC_GetSysClockFreq
    start.o(.text.setup) refers to usart.o(.bss.huart6) for huart6
[...]
    __main                                   0x080001ad   Thumb Code     8  __main.o(!!!main)
    __scatterload                            0x080001b5   Thumb Code     0  __scatter.o(!!!scatter)
    __scatterload_rt2                        0x080001b5   Thumb Code    44  __scatter.o(!!!scatter)
    __scatterload_rt2_thumb_only             0x080001b5   Thumb Code     0  __scatter.o(!!!scatter)
    __scatterload_null                       0x080001c3   Thumb Code     0  __scatter.o(!!!scatter)
    __scatterload_copy                       0x080001e9   Thumb Code    26  __scatter_copy.o(!!handler_copy)
    __scatterload_zeroinit                   0x08000205   Thumb Code    28  __scatter_zi.o(!!handler_zi)
    _printf_f                                0x08000221   Thumb Code     0  _printf_f.o(.ARM.Collect$$_printf_percent$$00000003)
    _printf_percent                          0x08000221   Thumb Code     0  _printf_percent.o(.ARM.Collect$$_printf_percent$$00000000)
    _printf_s                                0x08000227   Thumb Code     0  _printf_s.o(.ARM.Collect$$_printf_percent$$00000014)
    _printf_percent_end                      0x0800022d   Thumb Code     0  _printf_percent_end.o(.ARM.Collect$$_printf_percent$$00000017)
    __rt_lib_init                            0x08000231   Thumb Code     0  libinit.o(.ARM.Collect$$libinit$$00000000)
    __rt_lib_init_fp_1                       0x08000233   Thumb Code     0  libinit2.o(.ARM.Collect$$libinit$$00000001)
    __rt_lib_init_heap_2                     0x08000237   Thumb Code     0  libinit2.o(.ARM.Collect$$libinit$$00000007)
    __rt_lib_init_preinit_1                  0x08000237   Thumb Code     0  libinit2.o(.ARM.Collect$$libinit$$00000006)
    __rt_lib_init_relocate_pie_1             0x08000237   Thumb Code     0  libinit2.o(.ARM.Collect$$libinit$$00000004)
    __rt_lib_init_heap_1                     0x0800023f   Thumb Code     0  libinit2.o(.ARM.Collect$$libinit$$0000000C)
    __rt_lib_init_lc_common                  0x0800023f   Thumb Code     0  libinit2.o(.ARM.Collect$$libinit$$00000011)
    __rt_lib_init_rand_1                     0x0800023f   Thumb Code     0  libinit2.o(.ARM.Collect$$libinit$$00000010)
    __rt_lib_init_user_alloc_1               0x0800023f   Thumb Code     0  libinit2.o(.ARM.Collect$$libinit$$0000000E)
    __rt_lib_init_lc_collate_1               0x08000245   Thumb Code     0  libinit2.o(.ARM.Collect$$libinit$$00000013)
    __rt_lib_init_lc_ctype_1                 0x08000245   Thumb Code     0  libinit2.o(.ARM.Collect$$libinit$$00000015)
    __rt_lib_init_lc_monetary_1              0x08000245   Thumb Code     0  libinit2.o(.ARM.Collect$$libinit$$00000017)
    __rt_lib_init_lc_numeric_2               0x08000245   Thumb Code     0  libinit2.o(.ARM.Collect$$libinit$$00000018)
    __rt_lib_init_alloca_1                   0x0800024f   Thumb Code     0  libinit2.o(.ARM.Collect$$libinit$$00000030)
    __rt_lib_init_argv_1                     0x0800024f   Thumb Code     0  libinit2.o(.ARM.Collect$$libinit$$0000002E)
    __rt_lib_init_atexit_1                   0x0800024f   Thumb Code     0  libinit2.o(.ARM.Collect$$libinit$$0000001D)
    __rt_lib_init_clock_1                    0x0800024f   Thumb Code     0  libinit2.o(.ARM.Collect$$libinit$$00000023)
    __rt_lib_init_cpp_2                      0x0800024f   Thumb Code     0  libinit2.o(.ARM.Collect$$libinit$$00000033)
    __rt_lib_init_exceptions_1               0x0800024f   Thumb Code     0  libinit2.o(.ARM.Collect$$libinit$$00000032)
    __rt_lib_init_fp_trap_1                  0x0800024f   Thumb Code     0  libinit2.o(.ARM.Collect$$libinit$$00000021)
    __rt_lib_init_getenv_1                   0x0800024f   Thumb Code     0  libinit2.o(.ARM.Collect$$libinit$$00000025)
    __rt_lib_init_lc_numeric_1               0x0800024f   Thumb Code     0  libinit2.o(.ARM.Collect$$libinit$$00000019)
    __rt_lib_init_lc_time_1                  0x0800024f   Thumb Code     0  libinit2.o(.ARM.Collect$$libinit$$0000001B)
    __rt_lib_init_signal_1                   0x0800024f   Thumb Code     0  libinit2.o(.ARM.Collect$$libinit$$0000001F)
    __rt_lib_init_stdio_1                    0x0800024f   Thumb Code     0  libinit2.o(.ARM.Collect$$libinit$$00000027)
    __rt_lib_init_cpp_1                      0x08000253   Thumb Code     0  libinit2.o(.ARM.Collect$$libinit$$00000034)
    __rt_lib_init_return                     0x08000253   Thumb Code     0  libinit2.o(.ARM.Collect$$libinit$$00000035)
    __rt_lib_shutdown                        0x08000255   Thumb Code     0  libshutdown.o(.ARM.Collect$$libshutdown$$00000000)
    __rt_lib_shutdown_cpp_2                  0x08000257   Thumb Code     0  libshutdown2.o(.ARM.Collect$$libshutdown$$00000001)
    __rt_lib_shutdown_cpp_1                  0x0800025d   Thumb Code     0  libshutdown2.o(.ARM.Collect$$libshutdown$$00000002)
    __rt_lib_shutdown_fp_trap_1              0x0800025d   Thumb Code     0  libshutdown2.o(.ARM.Collect$$libshutdown$$00000007)
    __rt_lib_shutdown_heap_1                 0x0800025d   Thumb Code     0  libshutdown2.o(.ARM.Collect$$libshutdown$$0000000F)
    __rt_lib_shutdown_return                 0x0800025d   Thumb Code     0  libshutdown2.o(.ARM.Collect$$libshutdown$$00000010)
    __rt_lib_shutdown_signal_1               0x0800025d   Thumb Code     0  libshutdown2.o(.ARM.Collect$$libshutdown$$0000000A)
    __rt_lib_shutdown_stdio_1                0x0800025d   Thumb Code     0  libshutdown2.o(.ARM.Collect$$libshutdown$$00000004)
    __rt_lib_shutdown_user_alloc_1           0x0800025d   Thumb Code     0  libshutdown2.o(.ARM.Collect$$libshutdown$$0000000C)
    __rt_entry                               0x0800025f   Thumb Code     0  __rtentry.o(.ARM.Collect$$rtentry$$00000000)
    __rt_entry_presh_1                       0x0800025f   Thumb Code     0  __rtentry2.o(.ARM.Collect$$rtentry$$00000002)
    __rt_entry_sh                            0x0800025f   Thumb Code     0  __rtentry4.o(.ARM.Collect$$rtentry$$00000004)
    __rt_entry_li                            0x08000265   Thumb Code     0  __rtentry2.o(.ARM.Collect$$rtentry$$0000000A)
    __rt_entry_postsh_1                      0x08000265   Thumb Code     0  __rtentry2.o(.ARM.Collect$$rtentry$$00000009)
    __rt_entry_main                          0x08000269   Thumb Code     0  __rtentry2.o(.ARM.Collect$$rtentry$$0000000D)
    __rt_entry_postli_1                      0x08000269   Thumb Code     0  __rtentry2.o(.ARM.Collect$$rtentry$$0000000C)
    __rt_exit                                0x08000271   Thumb Code     0  rtexit.o(.ARM.Collect$$rtexit$$00000000)
    __rt_exit_ls                             0x08000273   Thumb Code     0  rtexit2.o(.ARM.Collect$$rtexit$$00000003)
    __rt_exit_prels_1                        0x08000273   Thumb Code     0  rtexit2.o(.ARM.Collect$$rtexit$$00000002)
    __rt_exit_exit                           0x08000277   Thumb Code     0  rtexit2.o(.ARM.Collect$$rtexit$$00000004)
    Reset_Handler                            0x0800027d   Thumb Code     8  startup_stm32f427xx.o(.text)
    ADC_IRQHandler                           0x08000297   Thumb Code     0  startup_stm32f427xx.o(.text)
    CAN1_RX1_IRQHandler                      0x08000297   Thumb Code     0  startup_stm32f427xx.o(.text)
    CAN1_SCE_IRQHandler                      0x08000297   Thumb Code     0  startup_stm32f427xx.o(.text)
    CAN1_TX_IRQHandler                       0x08000297   Thumb Code     0  startup_stm32f427xx.o(.text)
    CAN2_RX0_IRQHandler                      0x08000297   Thumb Code     0  startup_stm32f427xx.o(.text)
    CAN2_RX1_IRQHandler                      0x08000297   Thumb Code     0  startup_stm32f427xx.o(.text)
    CAN2_SCE_IRQHandler                      0x08000297   Thumb Code     0  startup_stm32f427xx.o(.text)
    CAN2_TX_IRQHandler                       0x08000297   Thumb Code     0  startup_stm32f427xx.o(.text)
    DCMI_IRQHandler                          0x08000297   Thumb Code     0  startup_stm32f427xx.o(.text)
    DMA1_Stream0_IRQHandler                  0x08000297   Thumb Code     0  startup_stm32f427xx.o(.text)
    DMA1_Stream1_IRQHandler                  0x08000297   Thumb Code     0  startup_stm32f427xx.o(.text)
    DMA1_Stream2_IRQHandler                  0x08000297   Thumb Code     0  startup_stm32f427xx.o(.text)
    DMA1_Stream3_IRQHandler                  0x08000297   Thumb Code     0  startup_stm32f427xx.o(.text)
    DMA1_Stream4_IRQHandler                  0x08000297   Thumb Code     0  startup_stm32f427xx.o(.text)
    DMA1_Stream5_IRQHandler                  0x08000297   Thumb Code     0  startup_stm32f427xx.o(.text)
    DMA1_Stream6_IRQHandler                  0x08000297   Thumb Code     0  startup_stm32f427xx.o(.text)
    DMA1_Stream7_IRQHandler                  0x08000297   Thumb Code     0  startup_stm32f427xx.o(.text)
    DMA2D_IRQHandler                         0x08000297   Thumb Code     0  startup_stm32f427xx.o(.text)
    DMA2_Stream0_IRQHandler                  0x08000297   Thumb Code     0  startup_stm32f427xx.o(.text)
    DMA2_Stream2_IRQHandler                  0x08000297   Thumb Code     0  startup_stm32f427xx.o(.text)
    DMA2_Stream3_IRQHandler                  0x08000297   Thumb Code     0  startup_stm32f427xx.o(.text)
    DMA2_Stream4_IRQHandler                  0x08000297   Thumb Code     0  startup_stm32f427xx.o(.text)
    ETH_IRQHandler                           0x08000297   Thumb Code     0  startup_stm32f427xx.o(.text)
    ETH_WKUP_IRQHandler                      0x08000297   Thumb Code     0  startup_stm32f427xx.o(.text)
    EXTI0_IRQHandler                         0x08000297   Thumb Code     0  startup_stm32f427xx.o(.text)
    EXTI1_IRQHandler                         0x08000297   Thumb Code     0  startup_stm32f427xx.o(.text)
    EXTI2_IRQHandler                         0x08000297   Thumb Code     0  startup_stm32f427xx.o(.text)
    EXTI3_IRQHandler                         0x08000297   Thumb Code     0  startup_stm32f427xx.o(.text)
    EXTI4_IRQHandler                         0x08000297   Thumb Code     0  startup_stm32f427xx.o(.text)
    EXTI9_5_IRQHandler                       0x08000297   Thumb Code     0  startup_stm32f427xx.o(.text)
    FLASH_IRQHandler                         0x08000297   Thumb Code     0  startup_stm32f427xx.o(.text)
    FMC_IRQHandler                           0x08000297   Thumb Code     0  startup_stm32f427xx.o(.text)
    FPU_IRQHandler                           0x08000297   Thumb Code     0  startup_stm32f427xx.o(.text)
    HASH_RNG_IRQHandler                      0x08000297   Thumb Code     0  startup_stm32f427xx.o(.text)
    I2C1_ER_IRQHandler                       0x08000297   Thumb Code     0  startup_stm32f427xx.o(.text)
    I2C1_EV_IRQHandler                       0x08000297   Thumb Code     0  startup_stm32f427xx.o(.text)
    I2C2_ER_IRQHandler                       0x08000297   Thumb Code     0  startup_stm32f427xx.o(.text)
    I2C2_EV_IRQHandler                       0x08000297   Thumb Code     0  startup_stm32f427xx.o(.text)
    I2C3_ER_IRQHandler                       0x08000297   Thumb Code     0  startup_stm32f427xx.o(.text)
    I2C3_EV_IRQHandler                       0x08000297   Thumb Code     0  startup_stm32f427xx.o(.text)
    OTG_FS_IRQHandler                        0x08000297   Thumb Code     0  startup_stm32f427xx.o(.text)
    OTG_FS_WKUP_IRQHandler                   0x08000297   Thumb Code     0  startup_stm32f427xx.o(.text)
    OTG_HS_EP1_IN_IRQHandler                 0x08000297   Thumb Code     0  startup_stm32f427xx.o(.text)
    OTG_HS_EP1_OUT_IRQHandler                0x08000297   Thumb Code     0  startup_stm32f427xx.o(.text)
    OTG_HS_IRQHandler                        0x08000297   Thumb Code     0  startup_stm32f427xx.o(.text)
    OTG_HS_WKUP_IRQHandler                   0x08000297   Thumb Code     0  startup_stm32f427xx.o(.text)
    PVD_IRQHandler                           0x08000297   Thumb Code     0  startup_stm32f427xx.o(.text)
    RCC_IRQHandler                           0x08000297   Thumb Code     0  startup_stm32f427xx.o(.text)
    RTC_Alarm_IRQHandler                     0x08000297   Thumb Code     0  startup_stm32f427xx.o(.text)
    RTC_WKUP_IRQHandler                      0x08000297   Thumb Code     0  startup_stm32f427xx.o(.text)
    SAI1_IRQHandler                          0x08000297   Thumb Code     0  startup_stm32f427xx.o(.text)
    SDIO_IRQHandler                          0x08000297   Thumb Code     0  startup_stm32f427xx.o(.text)
    SPI1_IRQHandler                          0x08000297   Thumb Code     0  startup_stm32f427xx.o(.text)
    SPI2_IRQHandler                          0x08000297   Thumb Code     0  startup_stm32f427xx.o(.text)
    SPI3_IRQHandler                          0x08000297   Thumb Code     0  startup_stm32f427xx.o(.text)
    SPI4_IRQHandler                          0x08000297   Thumb Code     0  startup_stm32f427xx.o(.text)
    SPI5_IRQHandler                          0x08000297   Thumb Code     0  startup_stm32f427xx.o(.text)
    SPI6_IRQHandler                          0x08000297   Thumb Code     0  startup_stm32f427xx.o(.text)
    TAMP_STAMP_IRQHandler                    0x08000297   Thumb Code     0  startup_stm32f427xx.o(.text)
    TIM1_CC_IRQHandler                       0x08000297   Thumb Code     0  startup_stm32f427xx.o(.text)
    TIM1_TRG_COM_TIM11_IRQHandler            0x08000297   Thumb Code     0  startup_stm32f427xx.o(.text)
    TIM1_UP_TIM10_IRQHandler                 0x08000297   Thumb Code     0  startup_stm32f427xx.o(.text)
    TIM3_IRQHandler                          0x08000297   Thumb Code     0  startup_stm32f427xx.o(.text)
    TIM4_IRQHandler                          0x08000297   Thumb Code     0  startup_stm32f427xx.o(.text)
    TIM5_IRQHandler                          0x08000297   Thumb Code     0  startup_stm32f427xx.o(.text)
    TIM6_DAC_IRQHandler                      0x08000297   Thumb Code     0  startup_stm32f427xx.o(.text)
    TIM7_IRQHandler                          0x08000297   Thumb Code     0  startup_stm32f427xx.o(.text)
    TIM8_BRK_TIM12_IRQHandler                0x08000297   Thumb Code     0  startup_stm32f427xx.o(.text)
    TIM8_CC_IRQHandler                       0x08000297   Thumb Code     0  startup_stm32f427xx.o(.text)
    TIM8_TRG_COM_TIM14_IRQHandler            0x08000297   Thumb Code     0  startup_stm32f427xx.o(.text)
    UART4_IRQHandler                         0x08000297   Thumb Code     0  startup_stm32f427xx.o(.text)
    UART5_IRQHandler                         0x08000297   Thumb Code     0  startup_stm32f427xx.o(.text)
    UART7_IRQHandler                         0x08000297   Thumb Code     0  startup_stm32f427xx.o(.text)
    UART8_IRQHandler                         0x08000297   Thumb Code     0  startup_stm32f427xx.o(.text)
    USART2_IRQHandler                        0x08000297   Thumb Code     0  startup_stm32f427xx.o(.text)
    USART3_IRQHandler                        0x08000297   Thumb Code     0  startup_stm32f427xx.o(.text)
    WWDG_IRQHandler                          0x08000297   Thumb Code     0  startup_stm32f427xx.o(.text)
    __user_initial_stackheap                 0x08000299   Thumb Code     0  startup_stm32f427xx.o(.text)
    __aeabi_uldivmod                         0x080002bd   Thumb Code     0  lludivv7m.o(.text)
    _ll_udiv                                 0x080002bd   Thumb Code   240  lludivv7m.o(.text)
    __cxa_atexit                             0x080003ad   Thumb Code    10  cxa_atexit.o(.text)
    __use_two_region_memory                  0x080003b7   Thumb Code     2  heapauxi.o(.text)
    __rt_heap_escrow                         0x080003b9   Thumb Code     2  heapauxi.o(.text)
    __rt_heap_expand                         0x080003bb   Thumb Code     2  heapauxi.o(.text)
    __cpp_initialize__aeabi_                 0x080003bd   Thumb Code    28  init_aeabi.o(.text)
    malloc                                   0x080003e1   Thumb Code    94  h1_alloc.o(.text)
    free                                     0x0800043f   Thumb Code    78  h1_free.o(.text)
    _printf_str                              0x0800048d   Thumb Code    82  _printf_str.o(.text)
    abort                                    0x080004df   Thumb Code    22  abort.o(.text)
    __aeabi_atexit                           0x080004f5   Thumb Code    46  aeabi_atexit.o(.text)
    strlen                                   0x08000523   Thumb Code    62  strlen.o(.text)
    __aeabi_memcpy                           0x08000561   Thumb Code     0  rt_memcpy_v6.o(.text)
    __rt_memcpy                              0x08000561   Thumb Code   138  rt_memcpy_v6.o(.text)
    _memcpy_lastbytes                        0x080005c7   Thumb Code     0  rt_memcpy_v6.o(.text)
    _sys_exit                                0x080005ed   Thumb Code     8  sys_exit.o(.text)
    __user_libspace                          0x080005f9   Thumb Code     8  libspace.o(.text)
    __user_perproc_libspace                  0x080005f9   Thumb Code     0  libspace.o(.text)
    __user_perthread_libspace                0x080005f9   Thumb Code     0  libspace.o(.text)
    __rt_heap_descriptor                     0x08000601   Thumb Code     8  rt_heap_descriptor_intlibspace.o(.text)
    __rt_ddtor_pointer_addr                  0x08000609   Thumb Code     8  rt_ddtor_pointer_addr_intlibspace.o(.text)
    __use_no_heap                            0x08000611   Thumb Code     2  hguard.o(.text)
    __heap$guard                             0x08000613   Thumb Code     2  hguard.o(.text)
    _terminate_user_alloc                    0x08000615   Thumb Code     2  init_alloc.o(.text)
    _init_user_alloc                         0x08000617   Thumb Code     2  init_alloc.o(.text)
    __Heap_Full                              0x08000619   Thumb Code    34  init_alloc.o(.text)
    __Heap_Broken                            0x0800063b   Thumb Code     6  init_alloc.o(.text)
    _init_alloc                              0x08000641   Thumb Code    94  init_alloc.o(.text)
    __Heap_Initialize                        0x0800069f   Thumb Code    10  h1_init.o(.text)
    __Heap_DescSize                          0x080006a9   Thumb Code     4  h1_init.o(.text)
    _printf_fp_dec_real                      0x0800085d   Thumb Code   620  _printf_fp_dec.o(.text)
    _printf_cs_common                        0x08000ac9   Thumb Code    20  _printf_char.o(.text)
    _printf_char                             0x08000add   Thumb Code    16  _printf_char.o(.text)
    _printf_string                           0x08000aed   Thumb Code     8  _printf_char.o(.text)
    __cxa_finalize                           0x08000af5   Thumb Code    66  cxa_finalize.o(.text)
    __rt_SIGABRT                             0x08000b37   Thumb Code    14  defsig_abrt_outer.o(.text)
    __aeabi_memcpy4                          0x08000b45   Thumb Code     0  rt_memcpy_w.o(.text)
    __aeabi_memcpy8                          0x08000b45   Thumb Code     0  rt_memcpy_w.o(.text)
    __rt_memcpy_w                            0x08000b45   Thumb Code   100  rt_memcpy_w.o(.text)
    _memcpy_lastbytes_aligned                0x08000b8d   Thumb Code     0  rt_memcpy_w.o(.text)
    __I$use$semihosting                      0x08000ba9   Thumb Code     0  use_no_semi.o(.text)
    __use_no_semihosting_swi                 0x08000ba9   Thumb Code     2  use_no_semi.o(.text)
    __semihosting_library_function           0x08000bab   Thumb Code     0  indicate_semi.o(.text)
    __user_setup_stackheap                   0x08000bab   Thumb Code    74  sys_stackheap_outer.o(.text)
    __rt_locale                              0x08000bf5   Thumb Code     8  rt_locale_intlibspace.o(.text)
    __Heap_ProvideMemory                     0x08000bfd   Thumb Code    52  h1_extend.o(.text)
    _maybe_terminate_alloc                   0x08000bfd   Thumb Code     0  maybetermalloc1.o(.text)
    _ll_udiv10                               0x08000c31   Thumb Code   138  lludiv10.o(.text)
    _printf_fp_infnan                        0x08000cbd   Thumb Code   112  _printf_fp_infnan.o(.text)
    _btod_etento                             0x08000d3d   Thumb Code   224  bigflt0.o(.text)
    exit                                     0x08000e21   Thumb Code    18  exit.o(.text)
    __sig_exit                               0x08000e33   Thumb Code    10  defsig_exit.o(.text)
    __rt_SIGABRT_inner                       0x08000e3d   Thumb Code    14  defsig_abrt_inner.o(.text)
    __rt_SIGRTMEM                            0x08000e6d   Thumb Code    14  defsig_rtmem_outer.o(.text)
    __default_signal_display                 0x08000e7b   Thumb Code    50  defsig_general.o(.text)
    __rt_SIGRTMEM_inner                      0x08000ead   Thumb Code    22  defsig_rtmem_inner.o(.text)
    strcmp                                   0x08000f01   Thumb Code   124  strcmpv7em.o(.text)
    _ttywrch                                 0x08000f7d   Thumb Code    14  sys_wrch.o(.text)
    BusFault_Handler                         0x08000f8d   Thumb Code     2  stm32f4xx_it.o(.text.BusFault_Handler)
    CAN1_RX0_IRQHandler                      0x08000f91   Thumb Code    12  stm32f4xx_it.o(.text.CAN1_RX0_IRQHandler)
    CANFilterInit                            0x08000f9d   Thumb Code    84  wtr_can.o(.text.CANFilterInit)
    CanTransmit_DJI_1234                     0x08000ff1   Thumb Code   108  dji.o(.text.CanTransmit_DJI_1234)
    DJI_CanMsgDecode                         0x0800105d   Thumb Code   280  dji.o(.text.DJI_CanMsgDecode)
    DJI_Init                                 0x08001175   Thumb Code   572  dji.o(.text.DJI_Init)
    DMA2_Stream1_IRQHandler                  0x080013b1   Thumb Code    12  stm32f4xx_it.o(.text.DMA2_Stream1_IRQHandler)
    DMA2_Stream5_IRQHandler                  0x080013bd   Thumb Code    12  stm32f4xx_it.o(.text.DMA2_Stream5_IRQHandler)
    DMA2_Stream6_IRQHandler                  0x080013c9   Thumb Code    12  stm32f4xx_it.o(.text.DMA2_Stream6_IRQHandler)
    DMA2_Stream7_IRQHandler                  0x080013d5   Thumb Code    12  stm32f4xx_it.o(.text.DMA2_Stream7_IRQHandler)
    DebugMon_Handler                         0x080013e1   Thumb Code     2  stm32f4xx_it.o(.text.DebugMon_Handler)
    EXTI15_10_IRQHandler                     0x080013e5   Thumb Code    22  stm32f4xx_it.o(.text.EXTI15_10_IRQHandler)
    Error_Handler                            0x080013fd   Thumb Code    10  main.o(.text.Error_Handler)
    HAL_CAN_ActivateNotification             0x08001409   Thumb Code    46  stm32f4xx_hal_can.o(.text.HAL_CAN_ActivateNotification)
    HAL_CAN_AddTxMessage                     0x08001439   Thumb Code   188  stm32f4xx_hal_can.o(.text.HAL_CAN_AddTxMessage)
    HAL_CAN_ConfigFilter                     0x080014f5   Thumb Code   222  stm32f4xx_hal_can.o(.text.HAL_CAN_ConfigFilter)
    HAL_CAN_ErrorCallback                    0x080015d5   Thumb Code     2  stm32f4xx_hal_can.o(.text.HAL_CAN_ErrorCallback)
    HAL_CAN_GetRxMessage                     0x080015d9   Thumb Code   286  stm32f4xx_hal_can.o(.text.HAL_CAN_GetRxMessage)
    HAL_CAN_GetTxMailboxesFreeLevel          0x080016f9   Thumb Code    40  stm32f4xx_hal_can.o(.text.HAL_CAN_GetTxMailboxesFreeLevel)
    HAL_CAN_IRQHandler                       0x08001721   Thumb Code   606  stm32f4xx_hal_can.o(.text.HAL_CAN_IRQHandler)
    HAL_CAN_Init                             0x08001981   Thumb Code   244  stm32f4xx_hal_can.o(.text.HAL_CAN_Init)
    HAL_CAN_MspInit                          0x08001a75   Thumb Code   120  can.o(.text.HAL_CAN_MspInit)
    HAL_CAN_RxFifo0FullCallback              0x08001aed   Thumb Code     2  stm32f4xx_hal_can.o(.text.HAL_CAN_RxFifo0FullCallback)
    HAL_CAN_RxFifo0MsgPendingCallback        0x08001af1   Thumb Code    72  wtr_can.o(.text.HAL_CAN_RxFifo0MsgPendingCallback)
    HAL_CAN_RxFifo1FullCallback              0x08001b39   Thumb Code     2  stm32f4xx_hal_can.o(.text.HAL_CAN_RxFifo1FullCallback)
    HAL_CAN_RxFifo1MsgPendingCallback        0x08001b3d   Thumb Code     2  stm32f4xx_hal_can.o(.text.HAL_CAN_RxFifo1MsgPendingCallback)
    HAL_CAN_SleepCallback                    0x08001b41   Thumb Code     2  stm32f4xx_hal_can.o(.text.HAL_CAN_SleepCallback)
    HAL_CAN_Start                            0x08001b45   Thumb Code    90  stm32f4xx_hal_can.o(.text.HAL_CAN_Start)
    HAL_CAN_TxMailbox0AbortCallback          0x08001ba1   Thumb Code     2  stm32f4xx_hal_can.o(.text.HAL_CAN_TxMailbox0AbortCallback)
    HAL_CAN_TxMailbox0CompleteCallback       0x08001ba5   Thumb Code     2  stm32f4xx_hal_can.o(.text.HAL_CAN_TxMailbox0CompleteCallback)
    HAL_CAN_TxMailbox1AbortCallback          0x08001ba9   Thumb Code     2  stm32f4xx_hal_can.o(.text.HAL_CAN_TxMailbox1AbortCallback)
    HAL_CAN_TxMailbox1CompleteCallback       0x08001bad   Thumb Code     2  stm32f4xx_hal_can.o(.text.HAL_CAN_TxMailbox1CompleteCallback)
    HAL_CAN_TxMailbox2AbortCallback          0x08001bb1   Thumb Code     2  stm32f4xx_hal_can.o(.text.HAL_CAN_TxMailbox2AbortCallback)
    HAL_CAN_TxMailbox2CompleteCallback       0x08001bb5   Thumb Code     2  stm32f4xx_hal_can.o(.text.HAL_CAN_TxMailbox2CompleteCallback)
    HAL_CAN_WakeUpFromRxMsgCallback          0x08001bb9   Thumb Code     2  stm32f4xx_hal_can.o(.text.HAL_CAN_WakeUpFromRxMsgCallback)
    HAL_DMA_Abort                            0x08001bbd   Thumb Code   146  stm32f4xx_hal_dma.o(.text.HAL_DMA_Abort)
    HAL_DMA_Abort_IT                         0x08001c51   Thumb Code    36  stm32f4xx_hal_dma.o(.text.HAL_DMA_Abort_IT)
    HAL_DMA_IRQHandler                       0x08001c75   Thumb Code   448  stm32f4xx_hal_dma.o(.text.HAL_DMA_IRQHandler)
    HAL_DMA_Init                             0x08001e35   Thumb Code   354  stm32f4xx_hal_dma.o(.text.HAL_DMA_Init)
    HAL_DMA_Start_IT                         0x08001f99   Thumb Code   158  stm32f4xx_hal_dma.o(.text.HAL_DMA_Start_IT)
    HAL_Delay                                0x08002039   Thumb Code    40  stm32f4xx_hal.o(.text.HAL_Delay)
    HAL_GPIO_EXTI_Callback                   0x08002061   Thumb Code    36  start.o(.text.HAL_GPIO_EXTI_Callback)
    HAL_GPIO_EXTI_IRQHandler                 0x08002085   Thumb Code    22  stm32f4xx_hal_gpio.o(.text.HAL_GPIO_EXTI_IRQHandler)
    HAL_GPIO_Init                            0x0800209d   Thumb Code   442  stm32f4xx_hal_gpio.o(.text.HAL_GPIO_Init)
    HAL_GPIO_ReadPin                         0x08002259   Thumb Code    10  stm32f4xx_hal_gpio.o(.text.HAL_GPIO_ReadPin)
    HAL_GPIO_WritePin                        0x08002265   Thumb Code    10  stm32f4xx_hal_gpio.o(.text.HAL_GPIO_WritePin)
    HAL_GetTick                              0x08002271   Thumb Code    12  stm32f4xx_hal.o(.text.HAL_GetTick)
    HAL_IncTick                              0x0800227d   Thumb Code    26  stm32f4xx_hal.o(.text.HAL_IncTick)
    HAL_Init                                 0x08002299   Thumb Code    54  stm32f4xx_hal.o(.text.HAL_Init)
    HAL_InitTick                             0x080022d1   Thumb Code    72  stm32f4xx_hal.o(.text.HAL_InitTick)
    HAL_MspInit                              0x08002319   Thumb Code    56  stm32f4xx_hal_msp.o(.text.HAL_MspInit)
    HAL_NVIC_EnableIRQ                       0x08002351   Thumb Code    32  stm32f4xx_hal_cortex.o(.text.HAL_NVIC_EnableIRQ)
    HAL_NVIC_SetPriority                     0x08002371   Thumb Code    86  stm32f4xx_hal_cortex.o(.text.HAL_NVIC_SetPriority)
    HAL_NVIC_SetPriorityGrouping             0x080023c9   Thumb Code    32  stm32f4xx_hal_cortex.o(.text.HAL_NVIC_SetPriorityGrouping)
    HAL_PWREx_EnableOverDrive                0x080023e9   Thumb Code   122  stm32f4xx_hal_pwr_ex.o(.text.HAL_PWREx_EnableOverDrive)
    HAL_RCC_ClockConfig                      0x08002465   Thumb Code   352  stm32f4xx_hal_rcc.o(.text.HAL_RCC_ClockConfig)
    HAL_RCC_GetPCLK1Freq                     0x080025c5   Thumb Code    38  stm32f4xx_hal_rcc.o(.text.HAL_RCC_GetPCLK1Freq)
    HAL_RCC_GetPCLK2Freq                     0x080025ed   Thumb Code    38  stm32f4xx_hal_rcc.o(.text.HAL_RCC_GetPCLK2Freq)
    HAL_RCC_GetSysClockFreq                  0x08002615   Thumb Code   106  stm32f4xx_hal_rcc.o(.text.HAL_RCC_GetSysClockFreq)
    HAL_RCC_OscConfig                        0x08002681   Thumb Code   888  stm32f4xx_hal_rcc.o(.text.HAL_RCC_OscConfig)
    HAL_SYSTICK_Config                       0x080029f9   Thumb Code    44  stm32f4xx_hal_cortex.o(.text.HAL_SYSTICK_Config)
    HAL_TIMEx_BreakCallback                  0x08002a25   Thumb Code     2  stm32f4xx_hal_tim_ex.o(.text.HAL_TIMEx_BreakCallback)
    HAL_TIMEx_CommutCallback                 0x08002a29   Thumb Code     2  stm32f4xx_hal_tim_ex.o(.text.HAL_TIMEx_CommutCallback)
    HAL_TIMEx_ConfigBreakDeadTime            0x08002a2d   Thumb Code    76  stm32f4xx_hal_tim_ex.o(.text.HAL_TIMEx_ConfigBreakDeadTime)
    HAL_TIMEx_MasterConfigSynchronization    0x08002a79   Thumb Code   182  stm32f4xx_hal_tim_ex.o(.text.HAL_TIMEx_MasterConfigSynchronization)
    HAL_TIM_Base_Init                        0x08002b31   Thumb Code    90  stm32f4xx_hal_tim.o(.text.HAL_TIM_Base_Init)
    HAL_TIM_Base_MspInit                     0x08002b8d   Thumb Code   170  tim.o(.text.HAL_TIM_Base_MspInit)
    HAL_TIM_Base_Start_IT                    0x08002c39   Thumb Code   170  stm32f4xx_hal_tim.o(.text.HAL_TIM_Base_Start_IT)
    HAL_TIM_ConfigClockSource                0x08002ce5   Thumb Code   412  stm32f4xx_hal_tim.o(.text.HAL_TIM_ConfigClockSource)
    HAL_TIM_IC_CaptureCallback               0x08002e81   Thumb Code     2  stm32f4xx_hal_tim.o(.text.HAL_TIM_IC_CaptureCallback)
    HAL_TIM_IRQHandler                       0x08002e85   Thumb Code   368  stm32f4xx_hal_tim.o(.text.HAL_TIM_IRQHandler)
    HAL_TIM_OC_DelayElapsedCallback          0x08002ff5   Thumb Code     2  stm32f4xx_hal_tim.o(.text.HAL_TIM_OC_DelayElapsedCallback)
    HAL_TIM_PWM_ConfigChannel                0x08002ff9   Thumb Code   546  stm32f4xx_hal_tim.o(.text.HAL_TIM_PWM_ConfigChannel)
    HAL_TIM_PWM_Init                         0x0800321d   Thumb Code    90  stm32f4xx_hal_tim.o(.text.HAL_TIM_PWM_Init)
    HAL_TIM_PWM_MspInit                      0x08003279   Thumb Code     2  stm32f4xx_hal_tim.o(.text.HAL_TIM_PWM_MspInit)
    HAL_TIM_PWM_PulseFinishedCallback        0x0800327d   Thumb Code     2  stm32f4xx_hal_tim.o(.text.HAL_TIM_PWM_PulseFinishedCallback)
    HAL_TIM_PeriodElapsedCallback            0x08003281   Thumb Code   284  start.o(.text.HAL_TIM_PeriodElapsedCallback)
    HAL_TIM_TriggerCallback                  0x080033a5   Thumb Code     2  stm32f4xx_hal_tim.o(.text.HAL_TIM_TriggerCallback)
    HAL_UARTEx_RxEventCallback               0x080033a9   Thumb Code     2  stm32f4xx_hal_uart.o(.text.HAL_UARTEx_RxEventCallback)
    HAL_UART_ErrorCallback                   0x080033ad   Thumb Code     2  stm32f4xx_hal_uart.o(.text.HAL_UART_ErrorCallback)
    HAL_UART_IRQHandler                      0x080033b1   Thumb Code  1368  stm32f4xx_hal_uart.o(.text.HAL_UART_IRQHandler)
    HAL_UART_Init                            0x08003909   Thumb Code    94  stm32f4xx_hal_uart.o(.text.HAL_UART_Init)
    HAL_UART_MspInit                         0x08003969   Thumb Code   480  usart.o(.text.HAL_UART_MspInit)
    HAL_UART_Receive_IT                      0x08003b49   Thumb Code    94  stm32f4xx_hal_uart.o(.text.HAL_UART_Receive_IT)
    HAL_UART_RxCpltCallback                  0x08003ba9   Thumb Code    22  start.o(.text.HAL_UART_RxCpltCallback)
    HAL_UART_Transmit_DMA                    0x08003bc1   Thumb Code   220  stm32f4xx_hal_uart.o(.text.HAL_UART_Transmit_DMA)
    HAL_UART_TxCpltCallback                  0x08003c9d   Thumb Code     2  stm32f4xx_hal_uart.o(.text.HAL_UART_TxCpltCallback)
    HAL_UART_TxHalfCpltCallback              0x08003ca1   Thumb Code     2  stm32f4xx_hal_uart.o(.text.HAL_UART_TxHalfCpltCallback)
    HardFault_Handler                        0x08003ca5   Thumb Code     2  stm32f4xx_it.o(.text.HardFault_Handler)
    MX_CAN1_Init                             0x08003ca9   Thumb Code    58  can.o(.text.MX_CAN1_Init)
    MX_DMA_Init                              0x08003ce5   Thumb Code   104  dma.o(.text.MX_DMA_Init)
    MX_GPIO_Init                             0x08003d4d   Thumb Code   464  gpio.o(.text.MX_GPIO_Init)
    MX_TIM2_Init                             0x08003f1d   Thumb Code   342  tim.o(.text.MX_TIM2_Init)
    MX_TIM8_Init                             0x08004075   Thumb Code   398  tim.o(.text.MX_TIM8_Init)
    MX_TIM9_Init                             0x08004205   Thumb Code    92  tim.o(.text.MX_TIM9_Init)
    MX_USART1_UART_Init                      0x08004261   Thumb Code    66  usart.o(.text.MX_USART1_UART_Init)
    MX_USART6_UART_Init                      0x080042a5   Thumb Code    60  usart.o(.text.MX_USART6_UART_Init)
    MemManage_Handler                        0x080042e1   Thumb Code     2  stm32f4xx_it.o(.text.MemManage_Handler)
    NMI_Handler                              0x080042e5   Thumb Code     2  stm32f4xx_it.o(.text.NMI_Handler)
    PendSV_Handler                           0x080042e9   Thumb Code     2  stm32f4xx_it.o(.text.PendSV_Handler)
    SVC_Handler                              0x080042ed   Thumb Code     2  stm32f4xx_it.o(.text.SVC_Handler)
    SysTick_Handler                          0x080042f1   Thumb Code     4  stm32f4xx_it.o(.text.SysTick_Handler)
    SystemClock_Config                       0x080042f5   Thumb Code   196  main.o(.text.SystemClock_Config)
    SystemInit                               0x080043b9   Thumb Code    18  system_stm32f4xx.o(.text.SystemInit)
    TIM1_BRK_TIM9_IRQHandler                 0x080043cd   Thumb Code    12  stm32f4xx_it.o(.text.TIM1_BRK_TIM9_IRQHandler)
    TIM2_IRQHandler                          0x080043d9   Thumb Code    12  stm32f4xx_it.o(.text.TIM2_IRQHandler)
    TIM8_UP_TIM13_IRQHandler                 0x080043e5   Thumb Code    12  stm32f4xx_it.o(.text.TIM8_UP_TIM13_IRQHandler)
    TIM_Base_SetConfig                       0x080043f1   Thumb Code   316  stm32f4xx_hal_tim.o(.text.TIM_Base_SetConfig)
    UART1Decode                              0x08004531   Thumb Code   136  wtr_uart.o(.text.UART1Decode)
    USART1_IRQHandler                        0x080049dd   Thumb Code    12  stm32f4xx_it.o(.text.USART1_IRQHandler)
    USART6_IRQHandler                        0x080049e9   Thumb Code    12  stm32f4xx_it.o(.text.USART6_IRQHandler)
    UsageFault_Handler                       0x080049f5   Thumb Code     2  stm32f4xx_it.o(.text.UsageFault_Handler)
    Pid::calculate(float, float)             0x08004ac1   Thumb Code   338  motor_control.o(.text._ZN3Pid9calculateEff)
    Motor::GPIO_EXTI_Callback(unsigned short) 0x08004c19   Thumb Code   200  motor_control.o(.text._ZN5Motor18GPIO_EXTI_CallbackEt)
    Motor::TIM_PeriodElapsedCallback()       0x08004ce1   Thumb Code    72  motor_control.o(.text._ZN5Motor25TIM_PeriodElapsedCallbackEv)
    Motor::run()                             0x08004d29   Thumb Code   336  motor_control.o(.text._ZN5Motor3runEv)
    Motor::Motor(TIM_HandleTypeDef*, unsigned int, GPIO_TypeDef*, unsigned short, GPIO_TypeDef*, unsigned short, GPIO_TypeDef*, unsigned short, GPIO_TypeDef*, unsigned short, bool) 0x08004e79   Thumb Code   154  motor_control.o(.text._ZN5MotorC2EP17TIM_HandleTypeDefjP12GPIO_TypeDeftS3_tS3_tS3_tb)
    Motor::Motor__sub_object(TIM_HandleTypeDef*, unsigned int, GPIO_TypeDef*, unsigned short, GPIO_TypeDef*, unsigned short, GPIO_TypeDef*, unsigned short, GPIO_TypeDef*, unsigned short, bool) 0x08004e79   Thumb Code   154  motor_control.o(.text._ZN5MotorC2EP17TIM_HandleTypeDefjP12GPIO_TypeDeftS3_tS3_tS3_tb)
    std::__2::basic_string<char, std::__2::char_traits<char>, std::__2::allocator<char> >::__grow_by_and_replace(unsigned int, unsigned int, unsigned int, unsigned int, unsigned int, unsigned int, char const*) 0x08004f13   Thumb Code   200  string.cpp.o(.text._ZNSt3__212basic_stringIcNS_11char_traitsIcEENS_9allocatorIcEEE21__grow_by_and_replaceEjjjjjjPKc)
    std::__2::basic_string<char, std::__2::char_traits<char>, std::__2::allocator<char> >::append(char const*) 0x08004fdb   Thumb Code    26  string.cpp.o(.text._ZNSt3__212basic_stringIcNS_11char_traitsIcEENS_9allocatorIcEEE6appendEPKc)
    std::__2::basic_string<char, std::__2::char_traits<char>, std::__2::allocator<char> >::append(char const*, unsigned int) 0x08004ff5   Thumb Code   114  string.cpp.o(.text._ZNSt3__212basic_stringIcNS_11char_traitsIcEENS_9allocatorIcEEE6appendEPKcj)
    std::__2::basic_string<char, std::__2::char_traits<char>, std::__2::allocator<char> >::~basic_string() 0x08005067   Thumb Code    30  string.cpp.o(.text._ZNSt3__212basic_stringIcNS_11char_traitsIcEENS_9allocatorIcEEED2Ev)
    std::__2::basic_string<char, std::__2::char_traits<char>, std::__2::allocator<char> >::~basic_string__sub_object() 0x08005067   Thumb Code    30  string.cpp.o(.text._ZNSt3__212basic_stringIcNS_11char_traitsIcEENS_9allocatorIcEEED2Ev)
    std::__2::__itoa::__u32toa(unsigned int, char*) 0x08005085   Thumb Code   698  charconv.cpp.o(.text._ZNSt3__26__itoa8__u32toaEjPc)
    std::__2::to_string(int)                 0x0800533f   Thumb Code   178  string.cpp.o(.text._ZNSt3__29to_stringEi)
    std::get_new_handler()                   0x080053f1   Thumb Code    12  cxa_handlers.cpp.o(.text._ZSt15get_new_handlerv)
    operator delete(void*)                   0x080053fd   Thumb Code     4  new.cpp.o(.text._ZdlPv)
    operator delete(void*, unsigned int)     0x08005401   Thumb Code     4  new.cpp.o(.text._ZdlPvj)
    operator new(unsigned int)               0x08005405   Thumb Code    38  new.cpp.o(.text._Znwj)
    main                                     0x0800542d   Thumb Code    46  main.o(.text.main)
    positionServo                            0x0800545d   Thumb Code   308  caculate.o(.text.positionServo)
    test                                     0x08005591   Thumb Code   330  start.o(.text.test)
    _btod_d2e                                0x080056db   Thumb Code    62  btod.o(CL$$btod_d2e)
    _d2e_denorm_low                          0x08005719   Thumb Code    70  btod.o(CL$$btod_d2e_denorm_low)
    _d2e_norm_op1                            0x0800575f   Thumb Code    96  btod.o(CL$$btod_d2e_norm_op1)
    __btod_div_common                        0x080057c1   Thumb Code   696  btod.o(CL$$btod_div_common)
    _e2e                                     0x08005af9   Thumb Code   220  btod.o(CL$$btod_e2e)
    _btod_ediv                               0x08005bd5   Thumb Code    42  btod.o(CL$$btod_ediv)
    _btod_emul                               0x08005bff   Thumb Code    42  btod.o(CL$$btod_emul)
    __btod_mult_common                       0x08005c29   Thumb Code   580  btod.o(CL$$btod_mult_common)
    __ARM_fpclassify                         0x08005e6d   Thumb Code    48  fpclassify.o(i.__ARM_fpclassify)
    _get_lc_numeric                          0x08005e9d   Thumb Code    44  lc_numeric_c.o(locale$$code)
    __aeabi_d2f                              0x08005ec9   Thumb Code     0  d2f.o(x$fpl$d2f)
    _d2f                                     0x08005ec9   Thumb Code    98  d2f.o(x$fpl$d2f)
    __aeabi_dadd                             0x08005f2d   Thumb Code     0  daddsub_clz.o(x$fpl$dadd)
    _dadd                                    0x08005f2d   Thumb Code   332  daddsub_clz.o(x$fpl$dadd)
    __aeabi_ddiv                             0x0800607d   Thumb Code     0  ddiv.o(x$fpl$ddiv)
    _ddiv                                    0x0800607d   Thumb Code   556  ddiv.o(x$fpl$ddiv)
    __aeabi_i2d                              0x08006331   Thumb Code     0  dflt_clz.o(x$fpl$dflt)
    _dflt                                    0x08006331   Thumb Code    46  dflt_clz.o(x$fpl$dflt)
    __aeabi_ui2d                             0x0800635f   Thumb Code     0  dflt_clz.o(x$fpl$dfltu)
    _dfltu                                   0x0800635f   Thumb Code    38  dflt_clz.o(x$fpl$dfltu)
    __aeabi_dmul                             0x08006385   Thumb Code     0  dmul.o(x$fpl$dmul)
    _dmul                                    0x08006385   Thumb Code   332  dmul.o(x$fpl$dmul)
    __fpl_dnaninf                            0x080064d9   Thumb Code   156  dnaninf.o(x$fpl$dnaninf)
    __fpl_dretinf                            0x08006575   Thumb Code    12  dretinf.o(x$fpl$dretinf)
    __aeabi_dsub                             0x08006581   Thumb Code     0  daddsub_clz.o(x$fpl$dsub)
    _dsub                                    0x08006581   Thumb Code   472  daddsub_clz.o(x$fpl$dsub)
    __aeabi_f2d                              0x0800675d   Thumb Code     0  f2d.o(x$fpl$f2d)
    _f2d                                     0x0800675d   Thumb Code    86  f2d.o(x$fpl$f2d)
    __fpl_fnaninf                            0x080067b3   Thumb Code   140  fnaninf.o(x$fpl$fnaninf)
    _fp_init                                 0x0800683f   Thumb Code    26  fpinit.o(x$fpl$fpinit)
    __fplib_config_fpu_vfp                   0x08006857   Thumb Code     0  fpinit.o(x$fpl$fpinit)
    __fplib_config_pureend_doubles           0x08006857   Thumb Code     0  fpinit.o(x$fpl$fpinit)
    __fpl_fretinf                            0x08006859   Thumb Code    10  fretinf.o(x$fpl$fretinf)
    _printf_fp_dec                           0x08006863   Thumb Code     4  printf1.o(x$fpl$printf1)
    __I$use$fp                               0x08006866   Number         0  usenofp.o(x$fpl$usenofp)
    AHBPrescTable                            0x080068fc   Data          16  system_stm32f4xx.o(.rodata.AHBPrescTable)
    APBPrescTable                            0x0800690c   Data           8  system_stm32f4xx.o(.rodata.APBPrescTable)
    std::__2::__DIGIT_TABLE                  0x08006914   Data         200  charconv.cpp.o(.rodata._ZNSt3__213__DIGIT_TABLEE)
    Region$$Table$$Base                      0x08006a0c   Number         0  anon$$obj.o(Region$$Table)
    Region$$Table$$Limit                     0x08006a2c   Number         0  anon$$obj.o(Region$$Table)
    SHT$$INIT_ARRAY$$Base                    0x08006a48   Number         0  start.o(.init_array)
    SHT$$INIT_ARRAY$$Limit                   0x08006a4c   Number         0  init_aeabi.o(.init_array)
    uwTickFreq                               0x20000000   Data           1  stm32f4xx_hal.o(.data..L_MergedGlobals)
    uwTickPrio                               0x20000004   Data           4  stm32f4xx_hal.o(.data..L_MergedGlobals)
    SystemCoreClock                          0x20000008   Data           4  system_stm32f4xx.o(.data.SystemCoreClock)
    angMax                                   0x20000010   Data           8  wtr_uart.o(.data.angMax)
    __libspace_start                         0x20000018   Data          96  libspace.o(.bss)
    __temporary_stack_top$libspace           0x20000078   Data           0  libspace.o(.bss)
    s                                        0x20000078   Data           4  start.o(.bss..L_MergedGlobals)
    compensate_val                           0x2000007c   Data           4  start.o(.bss..L_MergedGlobals)
    str                                      0x20000080   Data          12  start.o(.bss..L_MergedGlobals)
    pid_compensate                           0x2000008c   Data          44  start.o(.bss..L_MergedGlobals)
    rx_buffer                                0x200000b8   Data          18  usart.o(.bss..L_MergedGlobals)
    huart1                                   0x200000cc   Data          68  usart.o(.bss..L_MergedGlobals)
    posRef                                   0x20000110   Data           8  wtr_uart.o(.bss..L_MergedGlobals)
    Raw_Data                                 0x20000118   Data          12  wtr_uart.o(.bss..L_MergedGlobals)
    JoyStickReceiveData                      0x20000124   Data          18  wtr_uart.o(.bss..L_MergedGlobals)
    CanReceiveData                           0x20000136   Data           8  wtr_can.o(.bss.CanReceiveData)
    __cxa_new_handler                        0x20000144   Data           4  cxa_default_handlers.cpp.o(.bss.__cxa_new_handler)
    debug                                    0x20000148   Data          80  motor_control.o(.bss.debug)
    hDJI                                     0x20000198   Data        1152  dji.o(.bss.hDJI)
    hcan1                                    0x20000618   Data          40  can.o(.bss.hcan1)
    hdma_usart1_rx                           0x20000640   Data          96  usart.o(.bss.hdma_usart1_rx)
    hdma_usart1_tx                           0x200006a0   Data          96  usart.o(.bss.hdma_usart1_tx)
    hdma_usart6_rx                           0x20000700   Data          96  usart.o(.bss.hdma_usart6_rx)
    hdma_usart6_tx                           0x20000760   Data          96  usart.o(.bss.hdma_usart6_tx)
    htim2                                    0x200007c0   Data          72  tim.o(.bss.htim2)
    htim8                                    0x20000808   Data          72  tim.o(.bss.htim8)
    htim9                                    0x20000850   Data          72  tim.o(.bss.htim9)
    huart6                                   0x20000898   Data          68  usart.o(.bss.huart6)
    ml                                       0x200008e0   Data         176  start.o(.bss.ml)
    mr                                       0x20000990   Data         176  start.o(.bss.mr)
    uwTick                                   0x20000a40   Data           4  stm32f4xx_hal.o(.bss.uwTick)



==============================================================================

Memory Map of the image

  Image Entry point : 0x080001ad

  Load Region LR_IROM1 (Base: 0x08000000, Size: 0x00006a68, Max: 0x00200000, ABSOLUTE)

    Execution Region ER_IROM1 (Exec base: 0x08000000, Load base: 0x08000000, Size: 0x00006a4c, Max: 0x00200000, ABSOLUTE)

    Exec Addr    Load Addr    Size         Type   Attr      Idx    E Section Name        Object

    0x08000000   0x08000000   0x000001ac   Data   RO            3    RESET               startup_stm32f427xx.o
    0x080001ac   0x080001ac   0x00000008   Code   RO         1227  * !!!main             c_w.l(__main.o)
    0x080001b4   0x080001b4   0x00000034   Code   RO         2384    !!!scatter          c_w.l(__scatter.o)
    0x080001e8   0x080001e8   0x0000001a   Code   RO         2386    !!handler_copy      c_w.l(__scatter_copy.o)
    0x08000202   0x08000202   0x00000002   PAD
    0x08000204   0x08000204   0x0000001c   Code   RO         2388    !!handler_zi        c_w.l(__scatter_zi.o)
    0x08000220   0x08000220   0x00000000   Code   RO         1700    .ARM.Collect$$_printf_percent$$00000000  c_w.l(_printf_percent.o)
    0x08000220   0x08000220   0x00000006   Code   RO         1699    .ARM.Collect$$_printf_percent$$00000003  c_w.l(_printf_f.o)
    0x08000226   0x08000226   0x00000006   Code   RO         1698    .ARM.Collect$$_printf_percent$$00000014  c_w.l(_printf_s.o)
    0x0800022c   0x0800022c   0x00000004   Code   RO         1975    .ARM.Collect$$_printf_percent$$00000017  c_w.l(_printf_percent_end.o)
    0x08000230   0x08000230   0x00000002   Code   RO         2202    .ARM.Collect$$libinit$$00000000  c_w.l(libinit.o)
    0x08000232   0x08000232   0x00000004   Code   RO         1755    .ARM.Collect$$libinit$$00000001  c_w.l(libinit2.o)
    0x08000236   0x08000236   0x00000000   Code   RO         1758    .ARM.Collect$$libinit$$00000004  c_w.l(libinit2.o)
    0x08000236   0x08000236   0x00000000   Code   RO         1760    .ARM.Collect$$libinit$$00000006  c_w.l(libinit2.o)
    0x08000236   0x08000236   0x00000008   Code   RO         1761    .ARM.Collect$$libinit$$00000007  c_w.l(libinit2.o)
    0x0800023e   0x0800023e   0x00000000   Code   RO         1763    .ARM.Collect$$libinit$$0000000C  c_w.l(libinit2.o)
    0x0800023e   0x0800023e   0x00000000   Code   RO         1765    .ARM.Collect$$libinit$$0000000E  c_w.l(libinit2.o)
    0x0800023e   0x0800023e   0x00000000   Code   RO         1767    .ARM.Collect$$libinit$$00000010  c_w.l(libinit2.o)
    0x0800023e   0x0800023e   0x00000006   Code   RO         1768    .ARM.Collect$$libinit$$00000011  c_w.l(libinit2.o)
    0x08000244   0x08000244   0x00000000   Code   RO         1770    .ARM.Collect$$libinit$$00000013  c_w.l(libinit2.o)
    0x08000244   0x08000244   0x00000000   Code   RO         1772    .ARM.Collect$$libinit$$00000015  c_w.l(libinit2.o)
    0x08000244   0x08000244   0x00000000   Code   RO         1774    .ARM.Collect$$libinit$$00000017  c_w.l(libinit2.o)
    0x08000244   0x08000244   0x0000000a   Code   RO         1775    .ARM.Collect$$libinit$$00000018  c_w.l(libinit2.o)
    0x0800024e   0x0800024e   0x00000000   Code   RO         1776    .ARM.Collect$$libinit$$00000019  c_w.l(libinit2.o)
    0x0800024e   0x0800024e   0x00000000   Code   RO         1778    .ARM.Collect$$libinit$$0000001B  c_w.l(libinit2.o)
    0x0800024e   0x0800024e   0x00000000   Code   RO         1780    .ARM.Collect$$libinit$$0000001D  c_w.l(libinit2.o)
    0x0800024e   0x0800024e   0x00000000   Code   RO         1782    .ARM.Collect$$libinit$$0000001F  c_w.l(libinit2.o)
    0x0800024e   0x0800024e   0x00000000   Code   RO         1784    .ARM.Collect$$libinit$$00000021  c_w.l(libinit2.o)
    0x0800024e   0x0800024e   0x00000000   Code   RO         1786    .ARM.Collect$$libinit$$00000023  c_w.l(libinit2.o)
    0x0800024e   0x0800024e   0x00000000   Code   RO         1788    .ARM.Collect$$libinit$$00000025  c_w.l(libinit2.o)
    0x0800024e   0x0800024e   0x00000000   Code   RO         1790    .ARM.Collect$$libinit$$00000027  c_w.l(libinit2.o)
    0x0800024e   0x0800024e   0x00000000   Code   RO         1794    .ARM.Collect$$libinit$$0000002E  c_w.l(libinit2.o)
    0x0800024e   0x0800024e   0x00000000   Code   RO         1796    .ARM.Collect$$libinit$$00000030  c_w.l(libinit2.o)
    0x0800024e   0x0800024e   0x00000000   Code   RO         1798    .ARM.Collect$$libinit$$00000032  c_w.l(libinit2.o)
    0x0800024e   0x0800024e   0x00000004   Code   RO         1799    .ARM.Collect$$libinit$$00000033  c_w.l(libinit2.o)
    0x08000252   0x08000252   0x00000000   Code   RO         1800    .ARM.Collect$$libinit$$00000034  c_w.l(libinit2.o)
    0x08000252   0x08000252   0x00000002   Code   RO         1801    .ARM.Collect$$libinit$$00000035  c_w.l(libinit2.o)
    0x08000254   0x08000254   0x00000002   Code   RO         2337    .ARM.Collect$$libshutdown$$00000000  c_w.l(libshutdown.o)
    0x08000256   0x08000256   0x00000006   Code   RO         2203    .ARM.Collect$$libshutdown$$00000001  c_w.l(libshutdown2.o)
    0x0800025c   0x0800025c   0x00000000   Code   RO         2204    .ARM.Collect$$libshutdown$$00000002  c_w.l(libshutdown2.o)
    0x0800025c   0x0800025c   0x00000000   Code   RO         2206    .ARM.Collect$$libshutdown$$00000004  c_w.l(libshutdown2.o)
    0x0800025c   0x0800025c   0x00000000   Code   RO         2209    .ARM.Collect$$libshutdown$$00000007  c_w.l(libshutdown2.o)
    0x0800025c   0x0800025c   0x00000000   Code   RO         2212    .ARM.Collect$$libshutdown$$0000000A  c_w.l(libshutdown2.o)
    0x0800025c   0x0800025c   0x00000000   Code   RO         2214    .ARM.Collect$$libshutdown$$0000000C  c_w.l(libshutdown2.o)
    0x0800025c   0x0800025c   0x00000000   Code   RO         2217    .ARM.Collect$$libshutdown$$0000000F  c_w.l(libshutdown2.o)
    0x0800025c   0x0800025c   0x00000002   Code   RO         2218    .ARM.Collect$$libshutdown$$00000010  c_w.l(libshutdown2.o)
    0x0800025e   0x0800025e   0x00000000   Code   RO         1586    .ARM.Collect$$rtentry$$00000000  c_w.l(__rtentry.o)
    0x0800025e   0x0800025e   0x00000000   Code   RO         1911    .ARM.Collect$$rtentry$$00000002  c_w.l(__rtentry2.o)
    0x0800025e   0x0800025e   0x00000006   Code   RO         1923    .ARM.Collect$$rtentry$$00000004  c_w.l(__rtentry4.o)
    0x08000264   0x08000264   0x00000000   Code   RO         1913    .ARM.Collect$$rtentry$$00000009  c_w.l(__rtentry2.o)
    0x08000264   0x08000264   0x00000004   Code   RO         1914    .ARM.Collect$$rtentry$$0000000A  c_w.l(__rtentry2.o)
    0x08000268   0x08000268   0x00000000   Code   RO         1916    .ARM.Collect$$rtentry$$0000000C  c_w.l(__rtentry2.o)
    0x08000268   0x08000268   0x00000008   Code   RO         1917    .ARM.Collect$$rtentry$$0000000D  c_w.l(__rtentry2.o)
    0x08000270   0x08000270   0x00000002   Code   RO         2229    .ARM.Collect$$rtexit$$00000000  c_w.l(rtexit.o)
    0x08000272   0x08000272   0x00000000   Code   RO         2264    .ARM.Collect$$rtexit$$00000002  c_w.l(rtexit2.o)
    0x08000272   0x08000272   0x00000004   Code   RO         2265    .ARM.Collect$$rtexit$$00000003  c_w.l(rtexit2.o)
    0x08000276   0x08000276   0x00000006   Code   RO         2266    .ARM.Collect$$rtexit$$00000004  c_w.l(rtexit2.o)
    0x0800027c   0x0800027c   0x00000040   Code   RO            4    .text               startup_stm32f427xx.o
    0x080002bc   0x080002bc   0x000000f0   Code   RO         1217    .text               c_w.l(lludivv7m.o)
    0x080003ac   0x080003ac   0x0000000a   Code   RO         1222    .text               c_w.l(cxa_atexit.o)
    0x080003b6   0x080003b6   0x00000006   Code   RO         1225    .text               c_w.l(heapauxi.o)
    0x080003bc   0x080003bc   0x00000024   Code   RO         1232    .text               c_w.l(init_aeabi.o)
    0x080003e0   0x080003e0   0x0000005e   Code   RO         1600    .text               c_w.l(h1_alloc.o)
    0x0800043e   0x0800043e   0x0000004e   Code   RO         1602    .text               c_w.l(h1_free.o)
    0x0800048c   0x0800048c   0x00000052   Code   RO         1676    .text               c_w.l(_printf_str.o)
    0x080004de   0x080004de   0x00000016   Code   RO         1723    .text               c_w.l(abort.o)
    0x080004f4   0x080004f4   0x0000002e   Code   RO         1728    .text               c_w.l(aeabi_atexit.o)
    0x08000522   0x08000522   0x0000003e   Code   RO         1733    .text               c_w.l(strlen.o)
    0x08000560   0x08000560   0x0000008a   Code   RO         1749    .text               c_w.l(rt_memcpy_v6.o)
    0x080005ea   0x080005ea   0x00000002   PAD
    0x080005ec   0x080005ec   0x0000000c   Code   RO         1901    .text               c_w.l(sys_exit.o)
    0x080005f8   0x080005f8   0x00000008   Code   RO         1905    .text               c_w.l(libspace.o)
    0x08000600   0x08000600   0x00000008   Code   RO         1932    .text               c_w.l(rt_heap_descriptor_intlibspace.o)
    0x08000608   0x08000608   0x00000008   Code   RO         1937    .text               c_w.l(rt_ddtor_pointer_addr_intlibspace.o)
    0x08000610   0x08000610   0x00000004   Code   RO         1939    .text               c_w.l(hguard.o)
    0x08000614   0x08000614   0x0000008a   Code   RO         1941    .text               c_w.l(init_alloc.o)
    0x0800069e   0x0800069e   0x0000000e   Code   RO         1945    .text               c_w.l(h1_init.o)
    0x080006ac   0x080006ac   0x0000041c   Code   RO         1959    .text               c_w.l(_printf_fp_dec.o)
    0x08000ac8   0x08000ac8   0x0000002c   Code   RO         1967    .text               c_w.l(_printf_char.o)
    0x08000af4   0x08000af4   0x00000042   Code   RO         2000    .text               c_w.l(cxa_finalize.o)
    0x08000b36   0x08000b36   0x0000000e   Code   RO         2003    .text               c_w.l(defsig_abrt_outer.o)
    0x08000b44   0x08000b44   0x00000064   Code   RO         2011    .text               c_w.l(rt_memcpy_w.o)
    0x08000ba8   0x08000ba8   0x00000002   Code   RO         2078    .text               c_w.l(use_no_semi.o)
    0x08000baa   0x08000baa   0x00000000   Code   RO         2080    .text               c_w.l(indicate_semi.o)
    0x08000baa   0x08000baa   0x0000004a   Code   RO         2081    .text               c_w.l(sys_stackheap_outer.o)
    0x08000bf4   0x08000bf4   0x00000008   Code   RO         2088    .text               c_w.l(rt_locale_intlibspace.o)
    0x08000bfc   0x08000bfc   0x00000000   Code   RO         2092    .text               c_w.l(maybetermalloc1.o)
    0x08000bfc   0x08000bfc   0x00000034   Code   RO         2094    .text               c_w.l(h1_extend.o)
    0x08000c30   0x08000c30   0x0000008a   Code   RO         2098    .text               c_w.l(lludiv10.o)
    0x08000cba   0x08000cba   0x00000002   PAD
    0x08000cbc   0x08000cbc   0x00000080   Code   RO         2104    .text               c_w.l(_printf_fp_infnan.o)
    0x08000d3c   0x08000d3c   0x000000e4   Code   RO         2118    .text               c_w.l(bigflt0.o)
    0x08000e20   0x08000e20   0x00000012   Code   RO         2172    .text               c_w.l(exit.o)
    0x08000e32   0x08000e32   0x0000000a   Code   RO         2174    .text               c_w.l(defsig_exit.o)
    0x08000e3c   0x08000e3c   0x00000030   Code   RO         2176    .text               c_w.l(defsig_abrt_inner.o)
    0x08000e6c   0x08000e6c   0x0000000e   Code   RO         2186    .text               c_w.l(defsig_rtmem_outer.o)
    0x08000e7a   0x08000e7a   0x00000032   Code   RO         2247    .text               c_w.l(defsig_general.o)
    0x08000eac   0x08000eac   0x00000050   Code   RO         2253    .text               c_w.l(defsig_rtmem_inner.o)
    0x08000efc   0x08000efc   0x00000004   PAD
    0x08000f00   0x08000f00   0x0000007c   Code   RO         2255    .text               c_w.l(strcmpv7em.o)
    0x08000f7c   0x08000f7c   0x0000000e   Code   RO         2259    .text               c_w.l(sys_wrch.o)
    0x08000f8a   0x08000f8a   0x00000002   PAD
    0x08000f8c   0x08000f8c   0x00000002   Code   RO          167    .text.BusFault_Handler  stm32f4xx_it.o
    0x08000f8e   0x08000f8e   0x00000002   PAD
    0x08000f90   0x08000f90   0x0000000c   Code   RO          179    .text.CAN1_RX0_IRQHandler  stm32f4xx_it.o
    0x08000f9c   0x08000f9c   0x00000054   Code   RO         1191    .text.CANFilterInit  wtr_can.o
    0x08000ff0   0x08000ff0   0x0000006c   Code   RO         1155    .text.CanTransmit_DJI_1234  dji.o
    0x0800105c   0x0800105c   0x00000118   Code   RO         1163    .text.DJI_CanMsgDecode  dji.o
    0x08001174   0x08001174   0x0000023c   Code   RO         1153    .text.DJI_Init      dji.o
    0x080013b0   0x080013b0   0x0000000c   Code   RO          191    .text.DMA2_Stream1_IRQHandler  stm32f4xx_it.o
    0x080013bc   0x080013bc   0x0000000c   Code   RO          193    .text.DMA2_Stream5_IRQHandler  stm32f4xx_it.o
    0x080013c8   0x080013c8   0x0000000c   Code   RO          195    .text.DMA2_Stream6_IRQHandler  stm32f4xx_it.o
    0x080013d4   0x080013d4   0x0000000c   Code   RO          197    .text.DMA2_Stream7_IRQHandler  stm32f4xx_it.o
    0x080013e0   0x080013e0   0x00000002   Code   RO          173    .text.DebugMon_Handler  stm32f4xx_it.o
    0x080013e2   0x080013e2   0x00000002   PAD
    0x080013e4   0x080013e4   0x00000016   Code   RO          187    .text.EXTI15_10_IRQHandler  stm32f4xx_it.o
    0x080013fa   0x080013fa   0x00000002   PAD
    0x080013fc   0x080013fc   0x0000000a   Code   RO           71    .text.Error_Handler  main.o
    0x08001406   0x08001406   0x00000002   PAD
    0x08001408   0x08001408   0x0000002e   Code   RO          250    .text.HAL_CAN_ActivateNotification  stm32f4xx_hal_can.o
    0x08001436   0x08001436   0x00000002   PAD
    0x08001438   0x08001438   0x000000bc   Code   RO          236    .text.HAL_CAN_AddTxMessage  stm32f4xx_hal_can.o
    0x080014f4   0x080014f4   0x000000de   Code   RO          226    .text.HAL_CAN_ConfigFilter  stm32f4xx_hal_can.o
    0x080015d2   0x080015d2   0x00000002   PAD
    0x080015d4   0x080015d4   0x00000002   Code   RO          280    .text.HAL_CAN_ErrorCallback  stm32f4xx_hal_can.o
    0x080015d6   0x080015d6   0x00000002   PAD
    0x080015d8   0x080015d8   0x0000011e   Code   RO          246    .text.HAL_CAN_GetRxMessage  stm32f4xx_hal_can.o
    0x080016f6   0x080016f6   0x00000002   PAD
    0x080016f8   0x080016f8   0x00000028   Code   RO          240    .text.HAL_CAN_GetTxMailboxesFreeLevel  stm32f4xx_hal_can.o
    0x08001720   0x08001720   0x0000025e   Code   RO          254    .text.HAL_CAN_IRQHandler  stm32f4xx_hal_can.o
    0x0800197e   0x0800197e   0x00000002   PAD
    0x08001980   0x08001980   0x000000f4   Code   RO          216    .text.HAL_CAN_Init  stm32f4xx_hal_can.o
    0x08001a74   0x08001a74   0x00000078   Code   RO           92    .text.HAL_CAN_MspInit  can.o
    0x08001aec   0x08001aec   0x00000002   Code   RO          268    .text.HAL_CAN_RxFifo0FullCallback  stm32f4xx_hal_can.o
    0x08001aee   0x08001aee   0x00000002   PAD
    0x08001af0   0x08001af0   0x00000048   Code   RO         1195    .text.HAL_CAN_RxFifo0MsgPendingCallback  wtr_can.o
    0x08001b38   0x08001b38   0x00000002   Code   RO          272    .text.HAL_CAN_RxFifo1FullCallback  stm32f4xx_hal_can.o
    0x08001b3a   0x08001b3a   0x00000002   PAD
    0x08001b3c   0x08001b3c   0x00000002   Code   RO          274    .text.HAL_CAN_RxFifo1MsgPendingCallback  stm32f4xx_hal_can.o
    0x08001b3e   0x08001b3e   0x00000002   PAD
    0x08001b40   0x08001b40   0x00000002   Code   RO          276    .text.HAL_CAN_SleepCallback  stm32f4xx_hal_can.o
    0x08001b42   0x08001b42   0x00000002   PAD
    0x08001b44   0x08001b44   0x0000005a   Code   RO          228    .text.HAL_CAN_Start  stm32f4xx_hal_can.o
    0x08001b9e   0x08001b9e   0x00000002   PAD
    0x08001ba0   0x08001ba0   0x00000002   Code   RO          258    .text.HAL_CAN_TxMailbox0AbortCallback  stm32f4xx_hal_can.o
    0x08001ba2   0x08001ba2   0x00000002   PAD
    0x08001ba4   0x08001ba4   0x00000002   Code   RO          256    .text.HAL_CAN_TxMailbox0CompleteCallback  stm32f4xx_hal_can.o
    0x08001ba6   0x08001ba6   0x00000002   PAD
    0x08001ba8   0x08001ba8   0x00000002   Code   RO          262    .text.HAL_CAN_TxMailbox1AbortCallback  stm32f4xx_hal_can.o
    0x08001baa   0x08001baa   0x00000002   PAD
    0x08001bac   0x08001bac   0x00000002   Code   RO          260    .text.HAL_CAN_TxMailbox1CompleteCallback  stm32f4xx_hal_can.o
    0x08001bae   0x08001bae   0x00000002   PAD
    0x08001bb0   0x08001bb0   0x00000002   Code   RO          266    .text.HAL_CAN_TxMailbox2AbortCallback  stm32f4xx_hal_can.o
    0x08001bb2   0x08001bb2   0x00000002   PAD
    0x08001bb4   0x08001bb4   0x00000002   Code   RO          264    .text.HAL_CAN_TxMailbox2CompleteCallback  stm32f4xx_hal_can.o
    0x08001bb6   0x08001bb6   0x00000002   PAD
    0x08001bb8   0x08001bb8   0x00000002   Code   RO          278    .text.HAL_CAN_WakeUpFromRxMsgCallback  stm32f4xx_hal_can.o
    0x08001bba   0x08001bba   0x00000002   PAD
    0x08001bbc   0x08001bbc   0x00000092   Code   RO          466    .text.HAL_DMA_Abort  stm32f4xx_hal_dma.o
    0x08001c4e   0x08001c4e   0x00000002   PAD
    0x08001c50   0x08001c50   0x00000024   Code   RO          468    .text.HAL_DMA_Abort_IT  stm32f4xx_hal_dma.o
    0x08001c74   0x08001c74   0x000001c0   Code   RO          472    .text.HAL_DMA_IRQHandler  stm32f4xx_hal_dma.o
    0x08001e34   0x08001e34   0x00000162   Code   RO          458    .text.HAL_DMA_Init  stm32f4xx_hal_dma.o
    0x08001f96   0x08001f96   0x00000002   PAD
    0x08001f98   0x08001f98   0x0000009e   Code   RO          464    .text.HAL_DMA_Start_IT  stm32f4xx_hal_dma.o
    0x08002036   0x08002036   0x00000002   PAD
    0x08002038   0x08002038   0x00000028   Code   RO          625    .text.HAL_Delay     stm32f4xx_hal.o
    0x08002060   0x08002060   0x00000024   Code   RO           17    .text.HAL_GPIO_EXTI_Callback  start.o
    0x08002084   0x08002084   0x00000016   Code   RO          432    .text.HAL_GPIO_EXTI_IRQHandler  stm32f4xx_hal_gpio.o
    0x0800209a   0x0800209a   0x00000002   PAD
    0x0800209c   0x0800209c   0x000001ba   Code   RO          420    .text.HAL_GPIO_Init  stm32f4xx_hal_gpio.o
    0x08002256   0x08002256   0x00000002   PAD
    0x08002258   0x08002258   0x0000000a   Code   RO          424    .text.HAL_GPIO_ReadPin  stm32f4xx_hal_gpio.o
    0x08002262   0x08002262   0x00000002   PAD
    0x08002264   0x08002264   0x0000000a   Code   RO          426    .text.HAL_GPIO_WritePin  stm32f4xx_hal_gpio.o
    0x0800226e   0x0800226e   0x00000002   PAD
    0x08002270   0x08002270   0x0000000c   Code   RO          617    .text.HAL_GetTick   stm32f4xx_hal.o
    0x0800227c   0x0800227c   0x0000001a   Code   RO          615    .text.HAL_IncTick   stm32f4xx_hal.o
    0x08002296   0x08002296   0x00000002   PAD
    0x08002298   0x08002298   0x00000036   Code   RO          605    .text.HAL_Init      stm32f4xx_hal.o
    0x080022ce   0x080022ce   0x00000002   PAD
    0x080022d0   0x080022d0   0x00000048   Code   RO          607    .text.HAL_InitTick  stm32f4xx_hal.o
    0x08002318   0x08002318   0x00000038   Code   RO          208    .text.HAL_MspInit   stm32f4xx_hal_msp.o
    0x08002350   0x08002350   0x00000020   Code   RO          563    .text.HAL_NVIC_EnableIRQ  stm32f4xx_hal_cortex.o
    0x08002370   0x08002370   0x00000056   Code   RO          561    .text.HAL_NVIC_SetPriority  stm32f4xx_hal_cortex.o
    0x080023c6   0x080023c6   0x00000002   PAD
    0x080023c8   0x080023c8   0x00000020   Code   RO          559    .text.HAL_NVIC_SetPriorityGrouping  stm32f4xx_hal_cortex.o
    0x080023e8   0x080023e8   0x0000007a   Code   RO          545    .text.HAL_PWREx_EnableOverDrive  stm32f4xx_hal_pwr_ex.o
    0x08002462   0x08002462   0x00000002   PAD
    0x08002464   0x08002464   0x00000160   Code   RO          300    .text.HAL_RCC_ClockConfig  stm32f4xx_hal_rcc.o
    0x080025c4   0x080025c4   0x00000026   Code   RO          312    .text.HAL_RCC_GetPCLK1Freq  stm32f4xx_hal_rcc.o
    0x080025ea   0x080025ea   0x00000002   PAD
    0x080025ec   0x080025ec   0x00000026   Code   RO          314    .text.HAL_RCC_GetPCLK2Freq  stm32f4xx_hal_rcc.o
    0x08002612   0x08002612   0x00000002   PAD
    0x08002614   0x08002614   0x0000006a   Code   RO          302    .text.HAL_RCC_GetSysClockFreq  stm32f4xx_hal_rcc.o
    0x0800267e   0x0800267e   0x00000002   PAD
    0x08002680   0x08002680   0x00000378   Code   RO          298    .text.HAL_RCC_OscConfig  stm32f4xx_hal_rcc.o
    0x080029f8   0x080029f8   0x0000002c   Code   RO          571    .text.HAL_SYSTICK_Config  stm32f4xx_hal_cortex.o
    0x08002a24   0x08002a24   0x00000002   Code   RO         1004    .text.HAL_TIMEx_BreakCallback  stm32f4xx_hal_tim_ex.o
    0x08002a26   0x08002a26   0x00000002   PAD
    0x08002a28   0x08002a28   0x00000002   Code   RO         1000    .text.HAL_TIMEx_CommutCallback  stm32f4xx_hal_tim_ex.o
    0x08002a2a   0x08002a2a   0x00000002   PAD
    0x08002a2c   0x08002a2c   0x0000004c   Code   RO          996    .text.HAL_TIMEx_ConfigBreakDeadTime  stm32f4xx_hal_tim_ex.o
    0x08002a78   0x08002a78   0x000000b6   Code   RO          994    .text.HAL_TIMEx_MasterConfigSynchronization  stm32f4xx_hal_tim_ex.o
    0x08002b2e   0x08002b2e   0x00000002   PAD
    0x08002b30   0x08002b30   0x0000005a   Code   RO          699    .text.HAL_TIM_Base_Init  stm32f4xx_hal_tim.o
    0x08002b8a   0x08002b8a   0x00000002   PAD
    0x08002b8c   0x08002b8c   0x000000aa   Code   RO          122    .text.HAL_TIM_Base_MspInit  tim.o
    0x08002c36   0x08002c36   0x00000002   PAD
    0x08002c38   0x08002c38   0x000000aa   Code   RO          713    .text.HAL_TIM_Base_Start_IT  stm32f4xx_hal_tim.o
    0x08002ce2   0x08002ce2   0x00000002   PAD
    0x08002ce4   0x08002ce4   0x0000019c   Code   RO          879    .text.HAL_TIM_ConfigClockSource  stm32f4xx_hal_tim.o
    0x08002e80   0x08002e80   0x00000002   Code   RO          835    .text.HAL_TIM_IC_CaptureCallback  stm32f4xx_hal_tim.o
    0x08002e82   0x08002e82   0x00000002   PAD
    0x08002e84   0x08002e84   0x00000170   Code   RO          833    .text.HAL_TIM_IRQHandler  stm32f4xx_hal_tim.o
    0x08002ff4   0x08002ff4   0x00000002   Code   RO          837    .text.HAL_TIM_OC_DelayElapsedCallback  stm32f4xx_hal_tim.o
    0x08002ff6   0x08002ff6   0x00000002   PAD
    0x08002ff8   0x08002ff8   0x00000222   Code   RO          853    .text.HAL_TIM_PWM_ConfigChannel  stm32f4xx_hal_tim.o
    0x0800321a   0x0800321a   0x00000002   PAD
    0x0800321c   0x0800321c   0x0000005a   Code   RO          753    .text.HAL_TIM_PWM_Init  stm32f4xx_hal_tim.o
    0x08003276   0x08003276   0x00000002   PAD
    0x08003278   0x08003278   0x00000002   Code   RO          755    .text.HAL_TIM_PWM_MspInit  stm32f4xx_hal_tim.o
    0x0800327a   0x0800327a   0x00000002   PAD
    0x0800327c   0x0800327c   0x00000002   Code   RO          839    .text.HAL_TIM_PWM_PulseFinishedCallback  stm32f4xx_hal_tim.o
    0x0800327e   0x0800327e   0x00000002   PAD
    0x08003280   0x08003280   0x00000124   Code   RO           15    .text.HAL_TIM_PeriodElapsedCallback  start.o
    0x080033a4   0x080033a4   0x00000002   Code   RO          843    .text.HAL_TIM_TriggerCallback  stm32f4xx_hal_tim.o
    0x080033a6   0x080033a6   0x00000002   PAD
    0x080033a8   0x080033a8   0x00000002   Code   RO         1102    .text.HAL_UARTEx_RxEventCallback  stm32f4xx_hal_uart.o
    0x080033aa   0x080033aa   0x00000002   PAD
    0x080033ac   0x080033ac   0x00000002   Code   RO         1100    .text.HAL_UART_ErrorCallback  stm32f4xx_hal_uart.o
    0x080033ae   0x080033ae   0x00000002   PAD
    0x080033b0   0x080033b0   0x00000558   Code   RO         1094    .text.HAL_UART_IRQHandler  stm32f4xx_hal_uart.o
    0x08003908   0x08003908   0x0000005e   Code   RO         1018    .text.HAL_UART_Init  stm32f4xx_hal_uart.o
    0x08003966   0x08003966   0x00000002   PAD
    0x08003968   0x08003968   0x000001e0   Code   RO          141    .text.HAL_UART_MspInit  usart.o
    0x08003b48   0x08003b48   0x0000005e   Code   RO         1040    .text.HAL_UART_Receive_IT  stm32f4xx_hal_uart.o
    0x08003ba6   0x08003ba6   0x00000002   PAD
    0x08003ba8   0x08003ba8   0x00000016   Code   RO           19    .text.HAL_UART_RxCpltCallback  start.o
    0x08003bbe   0x08003bbe   0x00000002   PAD
    0x08003bc0   0x08003bc0   0x000000dc   Code   RO         1044    .text.HAL_UART_Transmit_DMA  stm32f4xx_hal_uart.o
    0x08003c9c   0x08003c9c   0x00000002   Code   RO         1104    .text.HAL_UART_TxCpltCallback  stm32f4xx_hal_uart.o
    0x08003c9e   0x08003c9e   0x00000002   PAD
    0x08003ca0   0x08003ca0   0x00000002   Code   RO         1106    .text.HAL_UART_TxHalfCpltCallback  stm32f4xx_hal_uart.o
    0x08003ca2   0x08003ca2   0x00000002   PAD
    0x08003ca4   0x08003ca4   0x00000002   Code   RO          163    .text.HardFault_Handler  stm32f4xx_it.o
    0x08003ca6   0x08003ca6   0x00000002   PAD
    0x08003ca8   0x08003ca8   0x0000003a   Code   RO           90    .text.MX_CAN1_Init  can.o
    0x08003ce2   0x08003ce2   0x00000002   PAD
    0x08003ce4   0x08003ce4   0x00000068   Code   RO          105    .text.MX_DMA_Init   dma.o
    0x08003d4c   0x08003d4c   0x000001d0   Code   RO           81    .text.MX_GPIO_Init  gpio.o
    0x08003f1c   0x08003f1c   0x00000156   Code   RO          114    .text.MX_TIM2_Init  tim.o
    0x08004072   0x08004072   0x00000002   PAD
    0x08004074   0x08004074   0x0000018e   Code   RO          118    .text.MX_TIM8_Init  tim.o
    0x08004202   0x08004202   0x00000002   PAD
    0x08004204   0x08004204   0x0000005c   Code   RO          120    .text.MX_TIM9_Init  tim.o
    0x08004260   0x08004260   0x00000042   Code   RO          137    .text.MX_USART1_UART_Init  usart.o
    0x080042a2   0x080042a2   0x00000002   PAD
    0x080042a4   0x080042a4   0x0000003c   Code   RO          139    .text.MX_USART6_UART_Init  usart.o
    0x080042e0   0x080042e0   0x00000002   Code   RO          165    .text.MemManage_Handler  stm32f4xx_it.o
    0x080042e2   0x080042e2   0x00000002   PAD
    0x080042e4   0x080042e4   0x00000002   Code   RO          161    .text.NMI_Handler   stm32f4xx_it.o
    0x080042e6   0x080042e6   0x00000002   PAD
    0x080042e8   0x080042e8   0x00000002   Code   RO          175    .text.PendSV_Handler  stm32f4xx_it.o
    0x080042ea   0x080042ea   0x00000002   PAD
    0x080042ec   0x080042ec   0x00000002   Code   RO          171    .text.SVC_Handler   stm32f4xx_it.o
    0x080042ee   0x080042ee   0x00000002   PAD
    0x080042f0   0x080042f0   0x00000004   Code   RO          177    .text.SysTick_Handler  stm32f4xx_it.o
    0x080042f4   0x080042f4   0x000000c4   Code   RO           69    .text.SystemClock_Config  main.o
    0x080043b8   0x080043b8   0x00000012   Code   RO         1138    .text.SystemInit    system_stm32f4xx.o
    0x080043ca   0x080043ca   0x00000002   PAD
    0x080043cc   0x080043cc   0x0000000c   Code   RO          181    .text.TIM1_BRK_TIM9_IRQHandler  stm32f4xx_it.o
    0x080043d8   0x080043d8   0x0000000c   Code   RO          183    .text.TIM2_IRQHandler  stm32f4xx_it.o
    0x080043e4   0x080043e4   0x0000000c   Code   RO          189    .text.TIM8_UP_TIM13_IRQHandler  stm32f4xx_it.o
    0x080043f0   0x080043f0   0x0000013c   Code   RO          703    .text.TIM_Base_SetConfig  stm32f4xx_hal_tim.o
    0x0800452c   0x0800452c   0x00000004   PAD
    0x08004530   0x08004530   0x00000088   Code   RO         1206    .text.UART1Decode   wtr_uart.o
    0x080045b8   0x080045b8   0x0000000c   Code   RO         1098    .text.UART_DMAAbortOnError  stm32f4xx_hal_uart.o
    0x080045c4   0x080045c4   0x0000017c   Code   RO         1050    .text.UART_DMAError  stm32f4xx_hal_uart.o
    0x08004740   0x08004740   0x000000b0   Code   RO         1046    .text.UART_DMATransmitCplt  stm32f4xx_hal_uart.o
    0x080047f0   0x080047f0   0x00000006   Code   RO         1048    .text.UART_DMATxHalfCplt  stm32f4xx_hal_uart.o
    0x080047f6   0x080047f6   0x00000002   PAD
    0x080047f8   0x080047f8   0x000000fe   Code   RO         1096    .text.UART_Receive_IT  stm32f4xx_hal_uart.o
    0x080048f6   0x080048f6   0x00000002   PAD
    0x080048f8   0x080048f8   0x000000e2   Code   RO         1022    .text.UART_SetConfig  stm32f4xx_hal_uart.o
    0x080049da   0x080049da   0x00000002   PAD
    0x080049dc   0x080049dc   0x0000000c   Code   RO          185    .text.USART1_IRQHandler  stm32f4xx_it.o
    0x080049e8   0x080049e8   0x0000000c   Code   RO          199    .text.USART6_IRQHandler  stm32f4xx_it.o
    0x080049f4   0x080049f4   0x00000002   Code   RO          169    .text.UsageFault_Handler  stm32f4xx_it.o
    0x080049f6   0x080049f6   0x00000002   PAD
    0x080049f8   0x080049f8   0x000000c6   Code   RO           21    .text._GLOBAL__sub_I_start.cpp  start.o
    0x08004abe   0x08004abe   0x00000002   PAD
    0x08004ac0   0x08004ac0   0x00000152   Code   RO           40    .text._ZN3Pid9calculateEff  motor_control.o
    0x08004c12   0x08004c12   0x00000006   PAD
    0x08004c18   0x08004c18   0x000000c8   Code   RO           52    .text._ZN5Motor18GPIO_EXTI_CallbackEt  motor_control.o
    0x08004ce0   0x08004ce0   0x00000048   Code   RO           48    .text._ZN5Motor25TIM_PeriodElapsedCallbackEv  motor_control.o
    0x08004d28   0x08004d28   0x00000150   Code   RO           50    .text._ZN5Motor3runEv  motor_control.o
    0x08004e78   0x08004e78   0x0000009a   Code   RO           44    .text._ZN5MotorC2EP17TIM_HandleTypeDefjP12GPIO_TypeDeftS3_tS3_tS3_tb  motor_control.o
    0x08004f12   0x08004f12   0x000000c8   Code   RO         1392    .text._ZNSt3__212basic_stringIcNS_11char_traitsIcEENS_9allocatorIcEEE21__grow_by_and_replaceEjjjjjjPKc  libcpp_w.l(string.cpp.o)
    0x08004fda   0x08004fda   0x0000001a   Code   RO         1474    .text._ZNSt3__212basic_stringIcNS_11char_traitsIcEENS_9allocatorIcEEE6appendEPKc  libcpp_w.l(string.cpp.o)
    0x08004ff4   0x08004ff4   0x00000072   Code   RO         1430    .text._ZNSt3__212basic_stringIcNS_11char_traitsIcEENS_9allocatorIcEEE6appendEPKcj  libcpp_w.l(string.cpp.o)
    0x08005066   0x08005066   0x0000001e   Code   RO         1402    .text._ZNSt3__212basic_stringIcNS_11char_traitsIcEENS_9allocatorIcEEED2Ev  libcpp_w.l(string.cpp.o)
    0x08005084   0x08005084   0x000002ba   Code   RO         1818    .text._ZNSt3__26__itoa8__u32toaEjPc  libcpp_w.l(charconv.cpp.o)
    0x0800533e   0x0800533e   0x000000b2   Code   RO         1343    .text._ZNSt3__29to_stringEi  libcpp_w.l(string.cpp.o)
    0x080053f0   0x080053f0   0x0000000c   Code   RO         1862    .text._ZSt15get_new_handlerv  libcppabi_w.l(cxa_handlers.cpp.o)
    0x080053fc   0x080053fc   0x00000004   Code   RO         1272    .text._ZdlPv        libcpp_w.l(new.cpp.o)
    0x08005400   0x08005400   0x00000004   Code   RO         1276    .text._ZdlPvj       libcpp_w.l(new.cpp.o)
    0x08005404   0x08005404   0x00000026   Code   RO         1264    .text._Znwj         libcpp_w.l(new.cpp.o)
    0x0800542a   0x0800542a   0x00000002   PAD
    0x0800542c   0x0800542c   0x0000002e   Code   RO           67    .text.main          main.o
    0x0800545a   0x0800545a   0x00000002   PAD
    0x0800545c   0x0800545c   0x00000134   Code   RO         1179    .text.positionServo  caculate.o
    0x08005590   0x08005590   0x0000014a   Code   RO           13    .text.test          start.o
    0x080056da   0x080056da   0x0000003e   Code   RO         2121    CL$$btod_d2e        c_w.l(btod.o)
    0x08005718   0x08005718   0x00000046   Code   RO         2123    CL$$btod_d2e_denorm_low  c_w.l(btod.o)
    0x0800575e   0x0800575e   0x00000060   Code   RO         2122    CL$$btod_d2e_norm_op1  c_w.l(btod.o)
    0x080057be   0x080057be   0x00000002   PAD
    0x080057c0   0x080057c0   0x00000338   Code   RO         2131    CL$$btod_div_common  c_w.l(btod.o)
    0x08005af8   0x08005af8   0x000000dc   Code   RO         2128    CL$$btod_e2e        c_w.l(btod.o)
    0x08005bd4   0x08005bd4   0x0000002a   Code   RO         2125    CL$$btod_ediv       c_w.l(btod.o)
    0x08005bfe   0x08005bfe   0x0000002a   Code   RO         2124    CL$$btod_emul       c_w.l(btod.o)
    0x08005c28   0x08005c28   0x00000244   Code   RO         2130    CL$$btod_mult_common  c_w.l(btod.o)
    0x08005e6c   0x08005e6c   0x00000030   Code   RO         2223    i.__ARM_fpclassify  m_wm.l(fpclassify.o)
    0x08005e9c   0x08005e9c   0x0000002c   Code   RO         2170    locale$$code        c_w.l(lc_numeric_c.o)
    0x08005ec8   0x08005ec8   0x00000062   Code   RO         1235    x$fpl$d2f           fz_wm.l(d2f.o)
    0x08005f2a   0x08005f2a   0x00000002   PAD
    0x08005f2c   0x08005f2c   0x00000150   Code   RO         1237    x$fpl$dadd          fz_wm.l(daddsub_clz.o)
    0x0800607c   0x0800607c   0x000002b4   Code   RO         1244    x$fpl$ddiv          fz_wm.l(ddiv.o)
    0x08006330   0x08006330   0x0000002e   Code   RO         1252    x$fpl$dflt          fz_wm.l(dflt_clz.o)
    0x0800635e   0x0800635e   0x00000026   Code   RO         1251    x$fpl$dfltu         fz_wm.l(dflt_clz.o)
    0x08006384   0x08006384   0x00000154   Code   RO         1257    x$fpl$dmul          fz_wm.l(dmul.o)
    0x080064d8   0x080064d8   0x0000009c   Code   RO         1806    x$fpl$dnaninf       fz_wm.l(dnaninf.o)
    0x08006574   0x08006574   0x0000000c   Code   RO         1808    x$fpl$dretinf       fz_wm.l(dretinf.o)
    0x08006580   0x08006580   0x000001dc   Code   RO         1239    x$fpl$dsub          fz_wm.l(daddsub_clz.o)
    0x0800675c   0x0800675c   0x00000056   Code   RO         1259    x$fpl$f2d           fz_wm.l(f2d.o)
    0x080067b2   0x080067b2   0x0000008c   Code   RO         1810    x$fpl$fnaninf       fz_wm.l(fnaninf.o)
    0x0800683e   0x0800683e   0x0000001a   Code   RO         2023    x$fpl$fpinit        fz_wm.l(fpinit.o)
    0x08006858   0x08006858   0x0000000a   Code   RO         1812    x$fpl$fretinf       fz_wm.l(fretinf.o)
    0x08006862   0x08006862   0x00000004   Code   RO         1814    x$fpl$printf1       fz_wm.l(printf1.o)
    0x08006866   0x08006866   0x00000000   Code   RO         1816    x$fpl$usenofp       fz_wm.l(usenofp.o)
    0x08006866   0x08006866   0x00000002   PAD
    0x08006868   0x08006868   0x00000094   Data   RO         2119    .constdata          c_w.l(bigflt0.o)
    0x080068fc   0x080068fc   0x00000010   Data   RO         1143    .rodata.AHBPrescTable  system_stm32f4xx.o
    0x0800690c   0x0800690c   0x00000008   Data   RO         1144    .rodata.APBPrescTable  system_stm32f4xx.o
    0x08006914   0x08006914   0x000000c8   Data   RO         1843    .rodata._ZNSt3__213__DIGIT_TABLEE  libcpp_w.l(charconv.cpp.o)
    0x080069dc   0x080069dc   0x00000028   Data   RO         1387    .rodata._ZNSt3__26__itoaL10__pow10_32E  libcpp_w.l(string.cpp.o)
    0x08006a04   0x08006a04   0x00000008   Data   RO          482    .rodata.cst8        stm32f4xx_hal_dma.o
    0x08006a0c   0x08006a0c   0x00000020   Data   RO         2383    Region$$Table       anon$$obj.o
    0x08006a2c   0x08006a2c   0x0000001c   Data   RO         2169    locale$$data        c_w.l(lc_numeric_c.o)
    0x08006a48   0x08006a48   0x00000004   Data   RO           26    .init_array         start.o
    0x08006a4c   0x08006a48   0x00000000   Data   RO         1230    .init_array         c_w.l(init_aeabi.o)


    Execution Region RW_IRAM2 (Exec base: 0x10000000, Load base: 0x08006a68, Size: 0x00000000, Max: 0x00010000, ABSOLUTE)

    **** No section assigned to this execution region ****


    Execution Region RW_IRAM1 (Exec base: 0x20000000, Load base: 0x08006a50, Size: 0x00001048, Max: 0x00030000, ABSOLUTE)

    Exec Addr    Load Addr    Size         Type   Attr      Idx    E Section Name        Object

    0x20000000   0x08006a50   0x00000008   Data   RW          664    .data..L_MergedGlobals  stm32f4xx_hal.o
    0x20000008   0x08006a58   0x00000004   Data   RW         1142    .data.SystemCoreClock  system_stm32f4xx.o
    0x2000000c   0x08006a5c   0x00000004   PAD
    0x20000010   0x08006a60   0x00000008   Data   RW         1208    .data.angMax        wtr_uart.o
    0x20000018        -       0x00000060   Zero   RW         1906    .bss                c_w.l(libspace.o)
    0x20000078        -       0x00000040   Zero   RW           27    .bss..L_MergedGlobals  start.o
    0x200000b8        -       0x00000058   Zero   RW          152    .bss..L_MergedGlobals  usart.o
    0x20000110        -       0x00000026   Zero   RW         1209    .bss..L_MergedGlobals  wtr_uart.o
    0x20000136        -       0x00000008   Zero   RW         1197    .bss.CanReceiveData  wtr_can.o
    0x2000013e   0x08006a68   0x00000002   PAD
    0x20000140        -       0x00000004   Zero   RW         1166    .bss.TxMailbox      dji.o
    0x20000144        -       0x00000004   Zero   RW         2065    .bss.__cxa_new_handler  libcppabi_w.l(cxa_default_handlers.cpp.o)
    0x20000148        -       0x00000050   Zero   RW           58    .bss.debug          motor_control.o
    0x20000198        -       0x00000480   Zero   RW         1165    .bss.hDJI           dji.o
    0x20000618        -       0x00000028   Zero   RW           96    .bss.hcan1          can.o
    0x20000640        -       0x00000060   Zero   RW          148    .bss.hdma_usart1_rx  usart.o
    0x200006a0        -       0x00000060   Zero   RW          149    .bss.hdma_usart1_tx  usart.o
    0x20000700        -       0x00000060   Zero   RW          150    .bss.hdma_usart6_rx  usart.o
    0x20000760        -       0x00000060   Zero   RW          151    .bss.hdma_usart6_tx  usart.o
    0x200007c0        -       0x00000048   Zero   RW          126    .bss.htim2          tim.o
    0x20000808        -       0x00000048   Zero   RW          127    .bss.htim8          tim.o
    0x20000850        -       0x00000048   Zero   RW          128    .bss.htim9          tim.o
    0x20000898        -       0x00000044   Zero   RW          147    .bss.huart6         usart.o
    0x200008dc   0x08006a68   0x00000004   PAD
    0x200008e0        -       0x000000b0   Zero   RW           23    .bss.ml             start.o
    0x20000990        -       0x000000b0   Zero   RW           24    .bss.mr             start.o
    0x20000a40        -       0x00000004   Zero   RW          663    .bss.uwTick         stm32f4xx_hal.o
    0x20000a44   0x08006a68   0x00000004   PAD
    0x20000a48        -       0x00000200   Zero   RW            2    HEAP                startup_stm32f427xx.o
    0x20000c48        -       0x00000400   Zero   RW            1    STACK               startup_stm32f427xx.o


==============================================================================

Image component sizes


      Code (inc. data)   RO Data    RW Data    ZI Data      Debug   Object Name

       308          0          0          0          0       2586   caculate.o
       178          0          0          0         40       6416   can.o
       960         20          0          0       1156       6378   dji.o
       104          0          0          0          0       3647   dma.o
       464          0          0          0          0       4435   gpio.o
       252          0          0          0          0       2797   main.o
      1100         24          0          0         80      10247   motor_control.o
       878          8          4          0        416      68808   start.o
        64         26        428          0       1536        852   startup_stm32f427xx.o
       204          0          0          8          4       7665   stm32f4xx_hal.o
      1746          6          0          0          0      13759   stm32f4xx_hal_can.o
       194          0          0          0          0      10625   stm32f4xx_hal_cortex.o
      1142          6          8          0          0      10589   stm32f4xx_hal_dma.o
       484          0          0          0          0       5338   stm32f4xx_hal_gpio.o
        56          0          0          0          0       1507   stm32f4xx_hal_msp.o
       122          0          0          0          0       4590   stm32f4xx_hal_pwr_ex.o
      1422          0          0          0          0       7403   stm32f4xx_hal_rcc.o
      2002          4          0          0          0      55020   stm32f4xx_hal_tim.o
       262          0          0          0          0      21247   stm32f4xx_hal_tim_ex.o
      2838          0          0          0          0      31999   stm32f4xx_hal_uart.o
       162          0          0          0          0       8341   stm32f4xx_it.o
        18          0         24          4          0       2683   system_stm32f4xx.o
      1002          0          0          0        216       9701   tim.o
       606          0          0          0        540       7741   usart.o
       156          0          0          0          8       3950   wtr_can.o
       136          8          0          8         38       1063   wtr_uart.o

    ----------------------------------------------------------------------
     17012        102        496         24       4044     309387   Object Totals
         0          0         32          0          0          0   (incl. Generated)
       152          0          0          4         10          0   (incl. Padding)

    ----------------------------------------------------------------------

      Code (inc. data)   RO Data    RW Data    ZI Data      Debug   Library Member Name

         8          0          0          0          0         68   __main.o
         0          0          0          0          0          0   __rtentry.o
        12          0          0          0          0          0   __rtentry2.o
         6          0          0          0          0          0   __rtentry4.o
        52          8          0          0          0          0   __scatter.o
        26          0          0          0          0          0   __scatter_copy.o
        28          0          0          0          0          0   __scatter_zi.o
        44          0          0          0          0        108   _printf_char.o
         6          0          0          0          0          0   _printf_f.o
      1052          0          0          0          0        148   _printf_fp_dec.o
       128         16          0          0          0         84   _printf_fp_infnan.o
         0          0          0          0          0          0   _printf_percent.o
         4          0          0          0          0          0   _printf_percent_end.o
         6          0          0          0          0          0   _printf_s.o
        82          0          0          0          0         80   _printf_str.o
        22          0          0          0          0         80   abort.o
        46          0          0          0          0         84   aeabi_atexit.o
       228          4        148          0          0         96   bigflt0.o
      1936        128          0          0          0        668   btod.o
        10          0          0          0          0         68   cxa_atexit.o
        66          0          0          0          0         84   cxa_finalize.o
        48         34          0          0          0         76   defsig_abrt_inner.o
        14          0          0          0          0         80   defsig_abrt_outer.o
        10          0          0          0          0         68   defsig_exit.o
        50          0          0          0          0         88   defsig_general.o
        80         58          0          0          0         76   defsig_rtmem_inner.o
        14          0          0          0          0         80   defsig_rtmem_outer.o
        18          0          0          0          0         80   exit.o
        94          0          0          0          0         80   h1_alloc.o
        52          0          0          0          0         68   h1_extend.o
        78          0          0          0          0         80   h1_free.o
        14          0          0          0          0         84   h1_init.o
         6          0          0          0          0        152   heapauxi.o
         4          0          0          0          0        136   hguard.o
         0          0          0          0          0          0   indicate_semi.o
        36          8          0          0          0         80   init_aeabi.o
       138          0          0          0          0        168   init_alloc.o
        44         10         28          0          0         76   lc_numeric_c.o
         2          0          0          0          0          0   libinit.o
        34          0          0          0          0          0   libinit2.o
         2          0          0          0          0          0   libshutdown.o
         8          0          0          0          0          0   libshutdown2.o
         8          4          0          0         96         68   libspace.o
       138          0          0          0          0         80   lludiv10.o
       240          0          0          0          0        100   lludivv7m.o
         0          0          0          0          0          0   maybetermalloc1.o
         8          4          0          0          0         68   rt_ddtor_pointer_addr_intlibspace.o
         8          4          0          0          0         68   rt_heap_descriptor_intlibspace.o
         8          4          0          0          0         68   rt_locale_intlibspace.o
       138          0          0          0          0         68   rt_memcpy_v6.o
       100          0          0          0          0         80   rt_memcpy_w.o
         2          0          0          0          0          0   rtexit.o
        10          0          0          0          0          0   rtexit2.o
       124          0          0          0          0         88   strcmpv7em.o
        62          0          0          0          0         76   strlen.o
        12          4          0          0          0         68   sys_exit.o
        74          0          0          0          0         80   sys_stackheap_outer.o
        14          0          0          0          0         76   sys_wrch.o
         2          0          0          0          0         68   use_no_semi.o
        98          4          0          0          0        140   d2f.o
       812         16          0          0          0        392   daddsub_clz.o
       692        140          0          0          0        264   ddiv.o
        84          0          0          0          0        232   dflt_clz.o
       340         12          0          0          0        152   dmul.o
       156          4          0          0          0        140   dnaninf.o
        12          0          0          0          0        116   dretinf.o
        86          4          0          0          0        132   f2d.o
       140          4          0          0          0        132   fnaninf.o
        26          0          0          0          0        116   fpinit.o
        10          0          0          0          0        116   fretinf.o
         4          0          0          0          0        116   printf1.o
         0          0          0          0          0          0   usenofp.o
       698          0        200          0          0        424   charconv.cpp.o
        46          0          0          0          0        380   new.cpp.o
       548          0         40          0          0       4372   string.cpp.o
         0          0          0          0          4          0   cxa_default_handlers.cpp.o
        12          0          0          0          0        132   cxa_handlers.cpp.o
        48          0          0          0          0        124   fpclassify.o

    ----------------------------------------------------------------------
      9288        474        416          0        100      11576   Library Totals
        20          4          0          0          0          0   (incl. Padding)

    ----------------------------------------------------------------------

      Code (inc. data)   RO Data    RW Data    ZI Data      Debug   Library Name

      5456        286        176          0         96       4096   c_w.l
      2460        184          0          0          0       2048   fz_wm.l
      1292          0        240          0          0       5176   libcpp_w.l
        12          0          0          0          4        132   libcppabi_w.l
        48          0          0          0          0        124   m_wm.l

    ----------------------------------------------------------------------
      9288        474        416          0        100      11576   Library Totals

    ----------------------------------------------------------------------

==============================================================================


      Code (inc. data)   RO Data    RW Data    ZI Data      Debug   

     26300        576        912         24       4144     316763   Grand Totals
     26300        576        912         24       4144     316763   ELF Image Totals
     26300        576        912         24          0          0   ROM Totals

==============================================================================

    Total RO  Size (Code + RO Data)                27212 (  26.57kB)
    Total RW  Size (RW Data + ZI Data)              4168 (   4.07kB)
    Total ROM Size (Code + RO Data + RW Data)      27236 (  26.60kB)

==============================================================================

