<html>
<body>
<pre>
<h1>µVision3 Build Log</h1>
<h2>Project:</h2>
D:\stm32workspace\STM32FASTDOME\project\RVMDK\Project.uv2
Project File Date:  04/16/2009

<h2>Output:</h2>
Build target 'STM3210E-EVAL'
compiling fastdome.c...
compiling stepmotor.c...
linking...
Program Size: Code=125520 RO-data=79844 RW-data=8232 ZI-data=9336  
".\Obj\STM3210E-EVAL.axf" - 0 Error(s), 0 Warning(s).
Load "D:\\stm32workspace\\STM32FASTDOME\\project\\RVMDK\\Obj\\STM3210E-EVAL.AXF" 
Erase Done.
Programming Done.
Verify OK.
Build target 'STM3210E-EVAL'
compiling fastdome.c...
..\usersrc\fastdome.c(517): warning:  #223-D: function "do_DAC_pan" declared implicitly
..\usersrc\fastdome.c(517): error:  #20: identifier "panCurrentA" is undefined
..\usersrc\fastdome.c(517): error:  #20: identifier "panCurrentB" is undefined
..\usersrc\fastdome.c(531): warning:  #223-D: function "do_DAC_tilt" declared implicitly
..\usersrc\fastdome.c(531): error:  #20: identifier "tiltCurrentA" is undefined
..\usersrc\fastdome.c(531): error:  #20: identifier "tiltCurrentB" is undefined
Target not created
Build target 'STM3210E-EVAL'
compiling main.c...
compiling Dlg_AlarmGeneral.c...
compiling Dlg_AlarmIndividual.c...
compiling Dlg_AuxOutput.c...
compiling Dlg_ClrAll.c...
compiling Dlg_DomeSet.c...
compiling Dlg_DomeSetCamera.c...
compiling Dlg_DomeSetMotion.c...
compiling Dlg_DomeSetParam.c...
compiling Dlg_LineSync.c...
compiling Dlg_Main.c...
compiling Dlg_Password.c...
compiling Dlg_Patrol.c...
compiling Dlg_Pattern.c...
compiling Dlg_SysInfo.c...
compiling Dlg_Preset.c...
compiling Dlg_SysInfoDisp.c...
compiling Dlg_TimeTask.c...
compiling Dlg_Wind.c...
compiling Dlg_Zone.c...
compiling Dome_Draw.c...
compiling Dome_Gui.c...
compiling Dome_Param.c...
compiling OSD.c...
compiling rtc.c...
..\usersrc\rtc.c(181): error:  #20: identifier "tiltCounter" is undefined
..\usersrc\rtc.c(186): error:  #20: identifier "panCounter" is undefined
compiling fastdome.c...
..\usersrc\fastdome.c(517): warning:  #223-D: function "do_DAC_pan" declared implicitly
..\usersrc\fastdome.c(517): error:  #20: identifier "panCurrentA" is undefined
..\usersrc\fastdome.c(517): error:  #20: identifier "panCurrentB" is undefined
..\usersrc\fastdome.c(531): warning:  #223-D: function "do_DAC_tilt" declared implicitly
..\usersrc\fastdome.c(531): error:  #20: identifier "tiltCurrentA" is undefined
..\usersrc\fastdome.c(531): error:  #20: identifier "tiltCurrentB" is undefined
compiling alarm.c...
compiling Dome_Camera.c...
compiling autoActing.c...
compiling stepmotor.c...
compiling Dlg_Diagnostic.c...
Target not created
Build target 'STM3210E-EVAL'
compiling rtc.c...
compiling fastdome.c...
..\usersrc\fastdome.c(517): warning:  #223-D: function "do_DAC_pan" declared implicitly
..\usersrc\fastdome.c(517): error:  #20: identifier "panCurrentA" is undefined
..\usersrc\fastdome.c(517): error:  #20: identifier "panCurrentB" is undefined
..\usersrc\fastdome.c(531): warning:  #223-D: function "do_DAC_tilt" declared implicitly
..\usersrc\fastdome.c(531): error:  #20: identifier "tiltCurrentA" is undefined
..\usersrc\fastdome.c(531): error:  #20: identifier "tiltCurrentB" is undefined
Target not created
Build target 'STM3210E-EVAL'
compiling fastdome.c...
..\usersrc\fastdome.c(519): warning:  #223-D: function "do_DAC_pan" declared implicitly
..\usersrc\fastdome.c(533): warning:  #223-D: function "do_DAC_tilt" declared implicitly
linking...
Program Size: Code=125612 RO-data=79840 RW-data=8232 ZI-data=9336  
".\Obj\STM3210E-EVAL.axf" - 0 Error(s), 2 Warning(s).
Build target 'STM3210E-EVAL'
compiling fastdome.c...
..\usersrc\fastdome.c(518): warning:  #223-D: function "do_DAC_pan" declared implicitly
..\usersrc\fastdome.c(532): warning:  #223-D: function "do_DAC_tilt" declared implicitly
linking...
Program Size: Code=125612 RO-data=79840 RW-data=8232 ZI-data=9336  
".\Obj\STM3210E-EVAL.axf" - 0 Error(s), 2 Warning(s).
Build target 'STM3210E-EVAL'
linking...
Program Size: Code=125612 RO-data=79840 RW-data=8232 ZI-data=9336  
".\Obj\STM3210E-EVAL.axf" - 0 Error(s), 0 Warning(s).
Build target 'STM3210E-EVAL'
compiling stm32f10x_it.c...
compiling main.c...
compiling systime.c...
compiling Dlg_AlarmGeneral.c...
compiling Dlg_AlarmIndividual.c...
compiling Dlg_AuxOutput.c...
compiling Dlg_ClrAll.c...
compiling Dlg_DomeSet.c...
compiling Dlg_DomeSetCamera.c...
compiling Dlg_DomeSetMotion.c...
compiling Dlg_DomeSetParam.c...
compiling Dlg_LineSync.c...
compiling Dlg_Main.c...
compiling Dlg_Password.c...
compiling Dlg_Patrol.c...
compiling Dlg_Pattern.c...
compiling Dlg_SysInfo.c...
compiling Dlg_Preset.c...
compiling Dlg_SysInfoDisp.c...
compiling Dlg_TimeTask.c...
compiling Dlg_Wind.c...
compiling Dlg_Zone.c...
compiling Dome_Draw.c...
compiling Dome_Gui.c...
compiling Dome_Item.c...
compiling Dome_Param.c...
compiling gpio.c...
compiling iic.c...
compiling OSD.c...
compiling protocol.c...
compiling rs485comm.c...
compiling rtc.c...
compiling fastdome.c...
..\usersrc\fastdome.c(518): warning:  #223-D: function "do_DAC_pan" declared implicitly
..\usersrc\fastdome.c(532): warning:  #223-D: function "do_DAC_tilt" declared implicitly
compiling temperature.c...
compiling alarm.c...
compiling Dome_Camera.c...
compiling usertime.c...
compiling autoActing.c...
compiling stepmotor.c...
compiling dac.c...
compiling Dome_Input.c...
compiling Dome_InputItem.c...
compiling Dlg_Diagnostic.c...
compiling stm32f10x_adc.c...
compiling stm32f10x_bkp.c...
compiling stm32f10x_can.c...
compiling stm32f10x_crc.c...
compiling stm32f10x_dac.c...
compiling stm32f10x_dbgmcu.c...
compiling stm32f10x_dma.c...
compiling stm32f10x_exti.c...
compiling stm32f10x_flash.c...
compiling stm32f10x_fsmc.c...
compiling stm32f10x_gpio.c...
compiling stm32f10x_i2c.c...
compiling stm32f10x_iwdg.c...
compiling stm32f10x_lib.c...
compiling stm32f10x_nvic.c...
compiling stm32f10x_pwr.c...
compiling stm32f10x_rcc.c...
compiling stm32f10x_rtc.c...
compiling stm32f10x_sdio.c...
compiling stm32f10x_spi.c...
compiling stm32f10x_systick.c...
compiling stm32f10x_tim.c...
compiling stm32f10x_usart.c...
compiling stm32f10x_wwdg.c...
linking...
Program Size: Code=125612 RO-data=79840 RW-data=8232 ZI-data=9336  
".\Obj\STM3210E-EVAL.axf" - 0 Error(s), 2 Warning(s).
Build target 'STM3210E-EVAL'
compiling fastdome.c...
..\usersrc\fastdome.c(533): warning:  #223-D: function "do_DAC_tilt" declared implicitly
linking...
Program Size: Code=125612 RO-data=79840 RW-data=8232 ZI-data=9336  
".\Obj\STM3210E-EVAL.axf" - 0 Error(s), 1 Warning(s).
Build target 'STM3210E-EVAL'
compiling stepmotor.c...
..\usersrc\stepmotor.c(2525): warning:  #223-D: function "do_DAC_pan" declared implicitly
..\usersrc\stepmotor.c(4089): warning:  #223-D: function "do_DAC_tilt" declared implicitly
..\usersrc\stepmotor.c(4100): error:  #159: declaration is incompatible with previous "do_DAC_tilt" (declared at line 4089)
Target not created
Build target 'STM3210E-EVAL'
compiling main.c...
compiling Dlg_AlarmGeneral.c...
compiling Dlg_AlarmIndividual.c...
compiling Dlg_AuxOutput.c...
compiling Dlg_ClrAll.c...
compiling Dlg_DomeSet.c...
compiling Dlg_DomeSetCamera.c...
compiling Dlg_DomeSetMotion.c...
compiling Dlg_DomeSetParam.c...
compiling Dlg_LineSync.c...
compiling Dlg_Main.c...
compiling Dlg_Password.c...
compiling Dlg_Patrol.c...
compiling Dlg_Pattern.c...
compiling Dlg_SysInfo.c...
compiling Dlg_Preset.c...
compiling Dlg_SysInfoDisp.c...
compiling Dlg_TimeTask.c...
compiling Dlg_Wind.c...
compiling Dlg_Zone.c...
compiling Dome_Draw.c...
compiling Dome_Gui.c...
compiling Dome_Param.c...
compiling OSD.c...
compiling rtc.c...
compiling fastdome.c...
compiling alarm.c...
compiling Dome_Camera.c...
compiling autoActing.c...
compiling stepmotor.c...
..\usersrc\stepmotor.c(2525): warning:  #223-D: function "do_DAC_pan" declared implicitly
compiling Dlg_Diagnostic.c...
linking...
Program Size: Code=125612 RO-data=79840 RW-data=8232 ZI-data=9336  
".\Obj\STM3210E-EVAL.axf" - 0 Error(s), 1 Warning(s).
Build target 'STM3210E-EVAL'
compiling stepmotor.c...
linking...
Program Size: Code=125612 RO-data=79840 RW-data=8232 ZI-data=9336  
".\Obj\STM3210E-EVAL.axf" - 0 Error(s), 0 Warning(s).
Build target 'STM3210E-EVAL'
linking...
Program Size: Code=125612 RO-data=79840 RW-data=8232 ZI-data=9336  
".\Obj\STM3210E-EVAL.axf" - 0 Error(s), 0 Warning(s).
Build target 'STM3210E-EVAL'
linking...
Program Size: Code=125612 RO-data=79840 RW-data=8232 ZI-data=9336  
".\Obj\STM3210E-EVAL.axf" - 0 Error(s), 0 Warning(s).
Load "D:\\stm32workspace\\STM32FASTDOME\\project\\RVMDK\\Obj\\STM3210E-EVAL.AXF" 
Erase Done.
Programming Done.
Verify OK.
