<!doctype html public "-//w3c//dtd html 4.0 transitional//en">
<html><head>
<title>Static Call Graph - [.\Obj\STM3210E-EVAL.axf]</title></head>
<body><HR>
<H1>Static Call Graph for image .\Obj\STM3210E-EVAL.axf</H1><HR>
<BR><P>#&#060CALLGRAPH&#062# ARM Linker, RVCT3.1 [Build 942]: Last Updated: Mon Apr 20 11:19:39 2009
<BR><P>
<H3>Maximum Stack Usage =        584 bytes + Unknown(Cycles, Untraceable Function Pointers)</H3><H3>
Call chain for Maximum Stack Depth:</H3>
main &rArr; fastdomemain &rArr; doMessage &rArr; Spot_ZoomIn &rArr; Get_Zoomin_speed &rArr; __aeabi_dmul &rArr; _double_epilogue &rArr; _double_round
<P>
<H3>
Mutually Recursive functions
</H3> <LI><a href="#[d38780]">BusFaultException</a>&nbsp;&nbsp;&nbsp;&rArr;&nbsp;&nbsp;&nbsp;<a href="#[d38780]">BusFaultException</a><BR>
 <LI><a href="#[d380c0]">HardFaultException</a>&nbsp;&nbsp;&nbsp;&rArr;&nbsp;&nbsp;&nbsp;<a href="#[d380c0]">HardFaultException</a><BR>
 <LI><a href="#[d37f58]">MemManageException</a>&nbsp;&nbsp;&nbsp;&rArr;&nbsp;&nbsp;&nbsp;<a href="#[d37f58]">MemManageException</a><BR>
 <LI><a href="#[d37538]">UsageFaultException</a>&nbsp;&nbsp;&nbsp;&rArr;&nbsp;&nbsp;&nbsp;<a href="#[d37538]">UsageFaultException</a><BR>
</UL>
<P>
<H3>
Function Pointers
</H3><UL>
 <LI><a href="#[11f7810]">_AlarmgeneralCtrlResume</a>
 <LI><a href="#[11f77c8]">_AlarmgeneralCtrlSequenece</a>
 <LI><a href="#[11f7858]">_AlarmgeneralCtrlResetdelay</a>
 <LI><a href="#[11f78a0]">_AlarmgeneralCtrlIndividual</a>
 <LI><a href="#[11f7930]">_AlarmgeneralCtrlBack</a>
 <LI><a href="#[11f78e8]">_AlarmgeneralCtrlExit</a>
 <LI><a href="#[11f7780]">_AlarmgeneralWindProc</a>
 <LI><a href="#[12a57b0]">_AlarmindividualCtrlNum</a>
 <LI><a href="#[12a5768]">_AlarmindividualCtrlPriority</a>
 <LI><a href="#[12a5918]">_AlarmindividualCtrlAction</a>
 <LI><a href="#[12a58d0]">_AlarmindividualCtrlActivateaux</a>
 <LI><a href="#[12a5840]">_AlarmindividualCtrlContact</a>
 <LI><a href="#[12a5888]">_AlarmindividualCtrlBack</a>
 <LI><a href="#[12a57f8]">_AlarmindividualCtrlExit</a>
 <LI><a href="#[12a5720]">_AlarmindividualWindProc</a>
 <LI><a href="#[12a1328]">_AuxoutputCtrlAux1mode</a>
 <LI><a href="#[12a1370]">_AuxoutputCtrlAux1dwelltime</a>
 <LI><a href="#[12a1298]">_AuxoutputCtrlAux2mode</a>
 <LI><a href="#[12a12e0]">_AuxoutputCtrlAux2dwelltime</a>
 <LI><a href="#[12a1250]">_AuxoutputCtrlBack</a>
 <LI><a href="#[12a1208]">_AuxoutputCtrlExit</a>
 <LI><a href="#[12a11c0]">_AuxoutputWindProc</a>
 <LI><a href="#[129c6d0]">_ClrallWindProc</a>
 <LI><a href="#[129c7f0]">_ClrallCtrlPresets</a>
 <LI><a href="#[129c838]">_ClrallCtrlPratrols</a>
 <LI><a href="#[129c880]">_ClrallCtrlPatterns</a>
 <LI><a href="#[129c7a8]">_ClrallCtrlWind</a>
 <LI><a href="#[129c760]">_ClrallCtrlZone</a>
 <LI><a href="#[129c718]">_ClrallTimeTask</a>
 <LI><a href="#[129c688]">_Diagnostics</a>
 <LI><a href="#[129c910]">_ClrallCtrlBack</a>
 <LI><a href="#[129c8c8]">_ClrallCtrlExit</a>
 <LI><a href="#[12d7010]">_DomesetWindProc</a>
 <LI><a href="#[12d72e0]">_DomesetCtrlDomesetParam</a>
 <LI><a href="#[12d7370]">_DomesetCtrlDomesetCamera</a>
 <LI><a href="#[12d7328]">_DomesetCtrlDomesetMotion</a>
 <LI><a href="#[12d7130]">_DomesetCtrlPreset</a>
 <LI><a href="#[12d71c0]">_DomesetCtrlPatrol</a>
 <LI><a href="#[12d7058]">_DomesetCtrlTimetask</a>
 <LI><a href="#[12d7178]">_DomesetCtrlPattern</a>
 <LI><a href="#[12d70e8]">_DomesetCtrlPrivacyBlank</a>
 <LI><a href="#[12d7490]">_DomesetCtrlAlarmGeneral</a>
 <LI><a href="#[12d7448]">_DomesetCtrlAuxOutput</a>
 <LI><a href="#[12d73b8]">_DomesetCtrlClrAll</a>
 <LI><a href="#[12d7208]">_DomesetCtrlPassword</a>
 <LI><a href="#[12d70a0]">_DomesetCtrlRegion</a>
 <LI><a href="#[12d7250]">_DomesetCtrlLine</a>
 <LI><a href="#[12d7400]">_DomesetCtrlBack</a>
 <LI><a href="#[12d7298]">_DomesetCtrlExit</a>
 <LI><a href="#[12cfe88]">_DomeSetCameraCtrlAutofocus</a>
 <LI><a href="#[12cf8e8]">_DomeSetCameraCtrlZoomlimit</a>
 <LI><a href="#[12cf8a0]">_DomeSetCameraCtrlZoomspeed</a>
 <LI><a href="#[12cfa98]">_DomeSetCameraCtrlLowlightlimit</a>
 <LI><a href="#[12cfb28]">_DomeSetCameraCtrlIrcutfilter</a>
 <LI><a href="#[12cfb70]">_DomeSetCameraCtrlIrcutLevel</a>
 <LI><a href="#[12cf9c0]">_DomeSetCameraCtrlSharpnesslevel</a>
 <LI><a href="#[12cfdf8]">_DomeSetCameraCtrlBacklight</a>
 <LI><a href="#[12cfdb0]">_DomeSetCameraCtrlBacklightLevel</a>
 <LI><a href="#[12cfc90]">_DomeSetCameraCtrlExposureMode</a>
 <LI><a href="#[12cfae0]">_DomeSetCameraCtrlIris</a>
 <LI><a href="#[12cf978]">_DomeSetCameraCtrlShutter</a>
 <LI><a href="#[12cfc00]">_DomeSetCameraCtrlGain</a>
 <LI><a href="#[12cfcd8]">_DomeSetCameraCtrlExpcomp</a>
 <LI><a href="#[12cf930]">_DomeSetCameraCtrlWhiteBlance</a>
 <LI><a href="#[12cfa08]">_DomeSetCameraCtrlRgain</a>
 <LI><a href="#[12cfd68]">_DomeSetCameraCtrlBgain</a>
 <LI><a href="#[12cfa50]">_DomeSetCameraCtrlPicMirror</a>
 <LI><a href="#[12cfc48]">_DomeSetCameraCtrlFocusLimit</a>
 <LI><a href="#[12cfbb8]">_DomeSetCameraCtrlInitLens</a>
 <LI><a href="#[12cfe40]">_DomeSetCameraCtrlBack</a>
 <LI><a href="#[12cfd20]">_DomeSetCameraCtrlExit</a>
 <LI><a href="#[12cf858]">_DomeSetCameraWindProc</a>
 <LI><a href="#[12f85e0]">_DomesetMotionCtrlAutoflip</a>
 <LI><a href="#[12f8280]">_DomesetMotionCtrlProportionalpan</a>
 <LI><a href="#[12f8358]">_DomesetMotionCtrlParktime</a>
 <LI><a href="#[12f83a0]">_DomesetMotionCtrlParkaction</a>
 <LI><a href="#[12f8238]">_DomesetMotionCtrlScanspeed</a>
 <LI><a href="#[12f82c8]">_DomesetMotionCtrlPresetframefreeze</a>
 <LI><a href="#[12f8508]">_DomesetMotionCtrlKeyspeedctrl</a>
 <LI><a href="#[12f8310]">_DomesetMotionCtrlPresetSpeedCtrl</a>
 <LI><a href="#[12f84c0]">_DomesetMotionCtrlLimitstops</a>
 <LI><a href="#[12f8430]">_DomesetMotionCtrlManualstopset</a>
 <LI><a href="#[12f8478]">_DomesetMotionCtrlManualstopclr</a>
 <LI><a href="#[12f81a8]">_DomesetMotionCtrlScanstopset</a>
 <LI><a href="#[12f81f0]">_DomesetMotionCtrlScanstopclr</a>
 <LI><a href="#[12f83e8]">_DomesetMotionCtrlPanoramScanStop</a>
 <LI><a href="#[12f8598]">_DomesetMotionCtrlBack</a>
 <LI><a href="#[12f8550]">_DomesetMotionCtrlExit</a>
 <LI><a href="#[12f8160]">_DomesetMotionWindProc</a>
 <LI><a href="#[12f2690]">_DomesetparamCtrlAdress</a>
 <LI><a href="#[12f2528]">_DomesetparamCtrlEnAddr</a>
 <LI><a href="#[12f2600]">_DomesetparamCtrlBaudrate</a>
 <LI><a href="#[12f24e0]">_DomesetparamCtrlEnBaudrate</a>
 <LI><a href="#[12f25b8]">_DomesetparamCtrlBroadcastaddress</a>
 <LI><a href="#[12f2450]">_DomesetparamCtrlPelcoChecksum</a>
 <LI><a href="#[12f2570]">_DomesetparamCtrlDate</a>
 <LI><a href="#[12f23c0]">_DomesetparamCtrlZeroarim</a>
 <LI><a href="#[12f2408]">_DomesetparamCtrlSysinfodisp</a>
 <LI><a href="#[12f2648]">_DomesetparamCtrlBack</a>
 <LI><a href="#[12f2498]">_DomesetparamCtrlExit</a>
 <LI><a href="#[12f2378]">_DomesetparamWindProc</a>
 <LI><a href="#[12edc10]">_LinesyncCtrlLinesync</a>
 <LI><a href="#[12edbc8]">_LinesyncCtrlPhase</a>
 <LI><a href="#[12edca0]">_LinesyncCtrlBack</a>
 <LI><a href="#[12edc58]">_LinesyncCtrlExit</a>
 <LI><a href="#[12edb80]">_LinesyncWindProc</a>
 <LI><a href="#[142cc28]">_MainWindProc</a>
 <LI><a href="#[142ccb8]">_MainCtrlSysInfo</a>
 <LI><a href="#[12e93a8]">_MainCtrlDomeSetup</a>
 <LI><a href="#[12e93f0]">_MainCtrlDomeDefaultRst</a>
 <LI><a href="#[12e94c8]">_MainCtrlCameraPowerCyc</a>
 <LI><a href="#[142cc70]">_MainCtrlSysReboot</a>
 <LI><a href="#[12e9438]">_MainCtrlChangeLanguage</a>
 <LI><a href="#[12e9480]">_MainCtrlChangDomeName</a>
 <LI><a href="#[142cd00]">_MainCtrlExit</a>
 <LI><a href="#[1428538]">_PasswordCtrlEnable</a>
 <LI><a href="#[14284a8]">_PasswordCtrlPasswordset</a>
 <LI><a href="#[1428580]">_PasswordCtrlBack</a>
 <LI><a href="#[14284f0]">_PasswordCtrlExit</a>
 <LI><a href="#[1428460]">_PasswordWindProc</a>
 <LI><a href="#[1423c40]">_PatrolCtrlNum</a>
 <LI><a href="#[1423cd0]">_PatrolCtrlEdit</a>
 <LI><a href="#[1423bf8]">_PatrolCtrlPreview</a>
 <LI><a href="#[1423d18]">_PatrolCtrlClr</a>
 <LI><a href="#[1423d60]">_PatrolCtrlBack</a>
 <LI><a href="#[1423c88]">_PatrolCtrlExit</a>
 <LI><a href="#[1423bb0]">_PatrolWindProc</a>
 <LI><a href="#[141edd8]">_PatternCtrlNum</a>
 <LI><a href="#[141ed90]">_PatternCtrlRecord</a>
 <LI><a href="#[141ed00]">_PatternCtrlView</a>
 <LI><a href="#[141ee68]">_PatternCtrlClr</a>
 <LI><a href="#[141ed48]">_PatternCtrlUsedmemory</a>
 <LI><a href="#[141eeb0]">_PatternCtrlBack</a>
 <LI><a href="#[141ee20]">_PatternCtrlExit</a>
 <LI><a href="#[141ecb8]">_PatternWindProc</a>
 <LI><a href="#[141ac20]">_SysInfoCtrlBack</a>
 <LI><a href="#[141abd8]">_SysInfoCtrlExit</a>
 <LI><a href="#[141ab90]">_SysInfoWindProc</a>
 <LI><a href="#[14161d8]">_PresetCtrlNum</a>
 <LI><a href="#[1416220]">_PresetCtrlLablepreview</a>
 <LI><a href="#[1416268]">_PresetCtrlLable</a>
 <LI><a href="#[1416190]">_PresetCtrlScene</a>
 <LI><a href="#[14162f8]">_PresetCtrlClr</a>
 <LI><a href="#[1416340]">_PresetCtrlBack</a>
 <LI><a href="#[14162b0]">_PresetCtrlExit</a>
 <LI><a href="#[1416148]">_PresetWindProc</a>
 <LI><a href="#[1411230]">_SysinfodispCtrlZoom</a>
 <LI><a href="#[14113e0]">_SysinfodispCtrlAzimElev</a>
 <LI><a href="#[1411428]">_SysinfodispCtrlAlarm</a>
 <LI><a href="#[1411350]">_SysinfodispCtrlDt</a>
 <LI><a href="#[14112c0]">_SysinfodispCtrlPreset</a>
 <LI><a href="#[1411278]">_SysinfodispCtrlRegion</a>
 <LI><a href="#[1411470]">_SysinfodispCtrlAddress</a>
 <LI><a href="#[14111e8]">_SysinfodispCtrlprobility</a>
 <LI><a href="#[1411398]">_SysinfodispCtrlBack</a>
 <LI><a href="#[1411308]">_SysinfodispCtrlExit</a>
 <LI><a href="#[14111a0]">_SysinfodispWindProc</a>
 <LI><a href="#[144c218]">_TimeTaskCtrlNum</a>
 <LI><a href="#[144c1d0]">_TimeTaskCtrlState</a>
 <LI><a href="#[144c338]">_TimeTaskCtrlAction</a>
 <LI><a href="#[144c0f8]">_timeTaskCtrlSetTime</a>
 <LI><a href="#[144c188]">_TimeTaskCtrlTaskPriview</a>
 <LI><a href="#[144c2a8]">_TimeTaskCtrlClrTast</a>
 <LI><a href="#[144c2f0]">_TimeTaskCtrlBack</a>
 <LI><a href="#[144c260]">_TimeTaskCtrlExit</a>
 <LI><a href="#[144c140]">_TimeTaskWindProc</a>
 <LI><a href="#[1446bf0]">_WindCtrlNum</a>
 <LI><a href="#[1446c80]">_WindCtrlEnable</a>
 <LI><a href="#[1446ba8]">_WindCtrlZoom</a>
 <LI><a href="#[1446cc8]">_WindCtrlClr</a>
 <LI><a href="#[1446d10]">_WindCtrlBack</a>
 <LI><a href="#[1446c38]">_WindCtrlExit</a>
 <LI><a href="#[1446b60]">_WindWindProc</a>
 <LI><a href="#[1441500]">_ZoneCtrlNum</a>
 <LI><a href="#[1441548]">_ZoneCtrlLablepreview</a>
 <LI><a href="#[1441590]">_ZoneCtrlLable</a>
 <LI><a href="#[1441470]">_ZoneCtrlPosition</a>
 <LI><a href="#[1441620]">_ZoneCtrlEnabled</a>
 <LI><a href="#[14414b8]">_ZoneCtrlPatrol</a>
 <LI><a href="#[1441668]">_ZoneCtrlClr</a>
 <LI><a href="#[14416b0]">_ZoneCtrlBack</a>
 <LI><a href="#[14415d8]">_ZoneCtrlExit</a>
 <LI><a href="#[1441428]">_ZoneWindProc</a>
 <LI><a href="#[14ad6a0]">_diagnosticsCtrlBack</a>
 <LI><a href="#[14ad658]">_diagnosticsCtrlExit</a>
 <LI><a href="#[14ad610]">_diagnosticsWindProc</a>
 <LI><a href="#[1889b98]">Reset_Handler</a>
 <LI><a href="#[d37f10]">NMIException</a>
 <LI><a href="#[d380c0]">HardFaultException</a>
 <LI><a href="#[d37f58]">MemManageException</a>
 <LI><a href="#[d38780]">BusFaultException</a>
 <LI><a href="#[d37538]">UsageFaultException</a>
 <LI><a href="#[d37c40]">SVCHandler</a>
 <LI><a href="#[d38390]">DebugMonitor</a>
 <LI><a href="#[d37e80]">PendSVC</a>
 <LI><a href="#[d37bf8]">SysTickHandler</a>
 <LI><a href="#[d374f0]">WWDG_IRQHandler</a>
 <LI><a href="#[d37ec8]">PVD_IRQHandler</a>
 <LI><a href="#[d37bb0]">TAMPER_IRQHandler</a>
 <LI><a href="#[d37da8]">RTC_IRQHandler</a>
 <LI><a href="#[d38150]">FLASH_IRQHandler</a>
 <LI><a href="#[d37e38]">RCC_IRQHandler</a>
 <LI><a href="#[d38348]">EXTI0_IRQHandler</a>
 <LI><a href="#[d382b8]">EXTI1_IRQHandler</a>
 <LI><a href="#[d38270]">EXTI2_IRQHandler</a>
 <LI><a href="#[d38228]">EXTI3_IRQHandler</a>
 <LI><a href="#[d381e0]">EXTI4_IRQHandler</a>
 <LI><a href="#[d386a8]">DMA1_Channel1_IRQHandler</a>
 <LI><a href="#[d38660]">DMA1_Channel2_IRQHandler</a>
 <LI><a href="#[d38618]">DMA1_Channel3_IRQHandler</a>
 <LI><a href="#[d385d0]">DMA1_Channel4_IRQHandler</a>
 <LI><a href="#[d38588]">DMA1_Channel5_IRQHandler</a>
 <LI><a href="#[d38540]">DMA1_Channel6_IRQHandler</a>
 <LI><a href="#[d384f8]">DMA1_Channel7_IRQHandler</a>
 <LI><a href="#[d38810]">ADC1_2_IRQHandler</a>
 <LI><a href="#[d375c8]">USB_HP_CAN_TX_IRQHandler</a>
 <LI><a href="#[d37580]">USB_LP_CAN_RX0_IRQHandler</a>
 <LI><a href="#[d38738]">CAN_RX1_IRQHandler</a>
 <LI><a href="#[d386f0]">CAN_SCE_IRQHandler</a>
 <LI><a href="#[d38198]">EXTI9_5_IRQHandler</a>
 <LI><a href="#[d37b68]">TIM1_BRK_IRQHandler</a>
 <LI><a href="#[d37a90]">TIM1_UP_IRQHandler</a>
 <LI><a href="#[d37ad8]">TIM1_TRG_COM_IRQHandler</a>
 <LI><a href="#[d37b20]">TIM1_CC_IRQHandler</a>
 <LI><a href="#[d37a48]">TIM2_IRQHandler</a>
 <LI><a href="#[d37a00]">TIM3_IRQHandler</a>
 <LI><a href="#[d379b8]">TIM4_IRQHandler</a>
 <LI><a href="#[d38030]">I2C1_EV_IRQHandler</a>
 <LI><a href="#[d38078]">I2C1_ER_IRQHandler</a>
 <LI><a href="#[d37fa0]">I2C2_EV_IRQHandler</a>
 <LI><a href="#[d37fe8]">I2C2_ER_IRQHandler</a>
 <LI><a href="#[d37d18]">SPI1_IRQHandler</a>
 <LI><a href="#[d37cd0]">SPI2_IRQHandler</a>
 <LI><a href="#[d376e8]">USART1_IRQHandler</a>
 <LI><a href="#[d376a0]">USART2_IRQHandler</a>
 <LI><a href="#[d37658]">USART3_IRQHandler</a>
 <LI><a href="#[d38300]">EXTI15_10_IRQHandler</a>
 <LI><a href="#[d37df0]">RTCAlarm_IRQHandler</a>
 <LI><a href="#[d37610]">USBWakeUp_IRQHandler</a>
 <LI><a href="#[d37898]">TIM8_BRK_IRQHandler</a>
 <LI><a href="#[d377c0]">TIM8_UP_IRQHandler</a>
 <LI><a href="#[d37808]">TIM8_TRG_COM_IRQHandler</a>
 <LI><a href="#[d37850]">TIM8_CC_IRQHandler</a>
 <LI><a href="#[d387c8]">ADC3_IRQHandler</a>
 <LI><a href="#[d38108]">FSMC_IRQHandler</a>
 <LI><a href="#[d37d60]">SDIO_IRQHandler</a>
 <LI><a href="#[d37970]">TIM5_IRQHandler</a>
 <LI><a href="#[d37c88]">SPI3_IRQHandler</a>
 <LI><a href="#[d37778]">UART4_IRQHandler</a>
 <LI><a href="#[d37730]">UART5_IRQHandler</a>
 <LI><a href="#[d37928]">TIM6_IRQHandler</a>
 <LI><a href="#[d378e0]">TIM7_IRQHandler</a>
 <LI><a href="#[d384b0]">DMA2_Channel1_IRQHandler</a>
 <LI><a href="#[d38468]">DMA2_Channel2_IRQHandler</a>
 <LI><a href="#[d38420]">DMA2_Channel3_IRQHandler</a>
 <LI><a href="#[d383d8]">DMA2_Channel4_5_IRQHandler</a>
 <LI><a href="#[1887d40]">__main</a>
 <LI><a href="#[11fff88]">main</a>
 <LI><a href="#[11fffd0]">fputc</a>
 <LI><a href="#[11f7810]">_AlarmgeneralCtrlResume</a>
 <LI><a href="#[11f77c8]">_AlarmgeneralCtrlSequenece</a>
 <LI><a href="#[11f7858]">_AlarmgeneralCtrlResetdelay</a>
 <LI><a href="#[11f78a0]">_AlarmgeneralCtrlIndividual</a>
 <LI><a href="#[11f7930]">_AlarmgeneralCtrlBack</a>
 <LI><a href="#[11f78e8]">_AlarmgeneralCtrlExit</a>
 <LI><a href="#[11f7780]">_AlarmgeneralWindProc</a>
 <LI><a href="#[12a57b0]">_AlarmindividualCtrlNum</a>
 <LI><a href="#[12a5768]">_AlarmindividualCtrlPriority</a>
 <LI><a href="#[12a5918]">_AlarmindividualCtrlAction</a>
 <LI><a href="#[12a58d0]">_AlarmindividualCtrlActivateaux</a>
 <LI><a href="#[12a5840]">_AlarmindividualCtrlContact</a>
 <LI><a href="#[12a5888]">_AlarmindividualCtrlBack</a>
 <LI><a href="#[12a57f8]">_AlarmindividualCtrlExit</a>
 <LI><a href="#[12a5720]">_AlarmindividualWindProc</a>
 <LI><a href="#[12a1328]">_AuxoutputCtrlAux1mode</a>
 <LI><a href="#[12a1370]">_AuxoutputCtrlAux1dwelltime</a>
 <LI><a href="#[12a1298]">_AuxoutputCtrlAux2mode</a>
 <LI><a href="#[12a12e0]">_AuxoutputCtrlAux2dwelltime</a>
 <LI><a href="#[12a1250]">_AuxoutputCtrlBack</a>
 <LI><a href="#[12a1208]">_AuxoutputCtrlExit</a>
 <LI><a href="#[12a11c0]">_AuxoutputWindProc</a>
 <LI><a href="#[129c6d0]">_ClrallWindProc</a>
 <LI><a href="#[129c7f0]">_ClrallCtrlPresets</a>
 <LI><a href="#[129c838]">_ClrallCtrlPratrols</a>
 <LI><a href="#[129c880]">_ClrallCtrlPatterns</a>
 <LI><a href="#[129c7a8]">_ClrallCtrlWind</a>
 <LI><a href="#[129c760]">_ClrallCtrlZone</a>
 <LI><a href="#[129c718]">_ClrallTimeTask</a>
 <LI><a href="#[129c688]">_Diagnostics</a>
 <LI><a href="#[129c910]">_ClrallCtrlBack</a>
 <LI><a href="#[129c8c8]">_ClrallCtrlExit</a>
 <LI><a href="#[12d7010]">_DomesetWindProc</a>
 <LI><a href="#[12d72e0]">_DomesetCtrlDomesetParam</a>
 <LI><a href="#[12d7370]">_DomesetCtrlDomesetCamera</a>
 <LI><a href="#[12d7328]">_DomesetCtrlDomesetMotion</a>
 <LI><a href="#[12d7130]">_DomesetCtrlPreset</a>
 <LI><a href="#[12d71c0]">_DomesetCtrlPatrol</a>
 <LI><a href="#[12d7058]">_DomesetCtrlTimetask</a>
 <LI><a href="#[12d7178]">_DomesetCtrlPattern</a>
 <LI><a href="#[12d70e8]">_DomesetCtrlPrivacyBlank</a>
 <LI><a href="#[12d7490]">_DomesetCtrlAlarmGeneral</a>
 <LI><a href="#[12d7448]">_DomesetCtrlAuxOutput</a>
 <LI><a href="#[12d73b8]">_DomesetCtrlClrAll</a>
 <LI><a href="#[12d7208]">_DomesetCtrlPassword</a>
 <LI><a href="#[12d70a0]">_DomesetCtrlRegion</a>
 <LI><a href="#[12d7250]">_DomesetCtrlLine</a>
 <LI><a href="#[12d7400]">_DomesetCtrlBack</a>
 <LI><a href="#[12d7298]">_DomesetCtrlExit</a>
 <LI><a href="#[12cfe88]">_DomeSetCameraCtrlAutofocus</a>
 <LI><a href="#[12cf8e8]">_DomeSetCameraCtrlZoomlimit</a>
 <LI><a href="#[12cf8a0]">_DomeSetCameraCtrlZoomspeed</a>
 <LI><a href="#[12cfa98]">_DomeSetCameraCtrlLowlightlimit</a>
 <LI><a href="#[12cfb28]">_DomeSetCameraCtrlIrcutfilter</a>
 <LI><a href="#[12cfb70]">_DomeSetCameraCtrlIrcutLevel</a>
 <LI><a href="#[12cf9c0]">_DomeSetCameraCtrlSharpnesslevel</a>
 <LI><a href="#[12cfdf8]">_DomeSetCameraCtrlBacklight</a>
 <LI><a href="#[12cfdb0]">_DomeSetCameraCtrlBacklightLevel</a>
 <LI><a href="#[12cfc90]">_DomeSetCameraCtrlExposureMode</a>
 <LI><a href="#[12cfae0]">_DomeSetCameraCtrlIris</a>
 <LI><a href="#[12cf978]">_DomeSetCameraCtrlShutter</a>
 <LI><a href="#[12cfc00]">_DomeSetCameraCtrlGain</a>
 <LI><a href="#[12cfcd8]">_DomeSetCameraCtrlExpcomp</a>
 <LI><a href="#[12cf930]">_DomeSetCameraCtrlWhiteBlance</a>
 <LI><a href="#[12cfa08]">_DomeSetCameraCtrlRgain</a>
 <LI><a href="#[12cfd68]">_DomeSetCameraCtrlBgain</a>
 <LI><a href="#[12cfa50]">_DomeSetCameraCtrlPicMirror</a>
 <LI><a href="#[12cfc48]">_DomeSetCameraCtrlFocusLimit</a>
 <LI><a href="#[12cfbb8]">_DomeSetCameraCtrlInitLens</a>
 <LI><a href="#[12cfe40]">_DomeSetCameraCtrlBack</a>
 <LI><a href="#[12cfd20]">_DomeSetCameraCtrlExit</a>
 <LI><a href="#[12cf858]">_DomeSetCameraWindProc</a>
 <LI><a href="#[12f85e0]">_DomesetMotionCtrlAutoflip</a>
 <LI><a href="#[12f8280]">_DomesetMotionCtrlProportionalpan</a>
 <LI><a href="#[12f8358]">_DomesetMotionCtrlParktime</a>
 <LI><a href="#[12f83a0]">_DomesetMotionCtrlParkaction</a>
 <LI><a href="#[12f8238]">_DomesetMotionCtrlScanspeed</a>
 <LI><a href="#[12f82c8]">_DomesetMotionCtrlPresetframefreeze</a>
 <LI><a href="#[12f8508]">_DomesetMotionCtrlKeyspeedctrl</a>
 <LI><a href="#[12f8310]">_DomesetMotionCtrlPresetSpeedCtrl</a>
 <LI><a href="#[12f84c0]">_DomesetMotionCtrlLimitstops</a>
 <LI><a href="#[12f8430]">_DomesetMotionCtrlManualstopset</a>
 <LI><a href="#[12f8478]">_DomesetMotionCtrlManualstopclr</a>
 <LI><a href="#[12f81a8]">_DomesetMotionCtrlScanstopset</a>
 <LI><a href="#[12f81f0]">_DomesetMotionCtrlScanstopclr</a>
 <LI><a href="#[12f83e8]">_DomesetMotionCtrlPanoramScanStop</a>
 <LI><a href="#[12f8598]">_DomesetMotionCtrlBack</a>
 <LI><a href="#[12f8550]">_DomesetMotionCtrlExit</a>
 <LI><a href="#[12f8160]">_DomesetMotionWindProc</a>
 <LI><a href="#[12f2690]">_DomesetparamCtrlAdress</a>
 <LI><a href="#[12f2528]">_DomesetparamCtrlEnAddr</a>
 <LI><a href="#[12f2600]">_DomesetparamCtrlBaudrate</a>
 <LI><a href="#[12f24e0]">_DomesetparamCtrlEnBaudrate</a>
 <LI><a href="#[12f25b8]">_DomesetparamCtrlBroadcastaddress</a>
 <LI><a href="#[12f2450]">_DomesetparamCtrlPelcoChecksum</a>
 <LI><a href="#[12f2570]">_DomesetparamCtrlDate</a>
 <LI><a href="#[12f23c0]">_DomesetparamCtrlZeroarim</a>
 <LI><a href="#[12f2408]">_DomesetparamCtrlSysinfodisp</a>
 <LI><a href="#[12f2648]">_DomesetparamCtrlBack</a>
 <LI><a href="#[12f2498]">_DomesetparamCtrlExit</a>
 <LI><a href="#[12f2378]">_DomesetparamWindProc</a>
 <LI><a href="#[12edc10]">_LinesyncCtrlLinesync</a>
 <LI><a href="#[12edbc8]">_LinesyncCtrlPhase</a>
 <LI><a href="#[12edca0]">_LinesyncCtrlBack</a>
 <LI><a href="#[12edc58]">_LinesyncCtrlExit</a>
 <LI><a href="#[12edb80]">_LinesyncWindProc</a>
 <LI><a href="#[142cc28]">_MainWindProc</a>
 <LI><a href="#[142ccb8]">_MainCtrlSysInfo</a>
 <LI><a href="#[12e93a8]">_MainCtrlDomeSetup</a>
 <LI><a href="#[12e93f0]">_MainCtrlDomeDefaultRst</a>
 <LI><a href="#[12e94c8]">_MainCtrlCameraPowerCyc</a>
 <LI><a href="#[142cc70]">_MainCtrlSysReboot</a>
 <LI><a href="#[12e9438]">_MainCtrlChangeLanguage</a>
 <LI><a href="#[12e9480]">_MainCtrlChangDomeName</a>
 <LI><a href="#[142cd00]">_MainCtrlExit</a>
 <LI><a href="#[1428538]">_PasswordCtrlEnable</a>
 <LI><a href="#[14284a8]">_PasswordCtrlPasswordset</a>
 <LI><a href="#[1428580]">_PasswordCtrlBack</a>
 <LI><a href="#[14284f0]">_PasswordCtrlExit</a>
 <LI><a href="#[1428460]">_PasswordWindProc</a>
 <LI><a href="#[1423c40]">_PatrolCtrlNum</a>
 <LI><a href="#[1423cd0]">_PatrolCtrlEdit</a>
 <LI><a href="#[1423bf8]">_PatrolCtrlPreview</a>
 <LI><a href="#[1423d18]">_PatrolCtrlClr</a>
 <LI><a href="#[1423d60]">_PatrolCtrlBack</a>
 <LI><a href="#[1423c88]">_PatrolCtrlExit</a>
 <LI><a href="#[1423bb0]">_PatrolWindProc</a>
 <LI><a href="#[141edd8]">_PatternCtrlNum</a>
 <LI><a href="#[141ed90]">_PatternCtrlRecord</a>
 <LI><a href="#[141ed00]">_PatternCtrlView</a>
 <LI><a href="#[141ee68]">_PatternCtrlClr</a>
 <LI><a href="#[141ed48]">_PatternCtrlUsedmemory</a>
 <LI><a href="#[141eeb0]">_PatternCtrlBack</a>
 <LI><a href="#[141ee20]">_PatternCtrlExit</a>
 <LI><a href="#[141ecb8]">_PatternWindProc</a>
 <LI><a href="#[141ac20]">_SysInfoCtrlBack</a>
 <LI><a href="#[141abd8]">_SysInfoCtrlExit</a>
 <LI><a href="#[141ab90]">_SysInfoWindProc</a>
 <LI><a href="#[14161d8]">_PresetCtrlNum</a>
 <LI><a href="#[1416220]">_PresetCtrlLablepreview</a>
 <LI><a href="#[1416268]">_PresetCtrlLable</a>
 <LI><a href="#[1416190]">_PresetCtrlScene</a>
 <LI><a href="#[14162f8]">_PresetCtrlClr</a>
 <LI><a href="#[1416340]">_PresetCtrlBack</a>
 <LI><a href="#[14162b0]">_PresetCtrlExit</a>
 <LI><a href="#[1416148]">_PresetWindProc</a>
 <LI><a href="#[1411230]">_SysinfodispCtrlZoom</a>
 <LI><a href="#[14113e0]">_SysinfodispCtrlAzimElev</a>
 <LI><a href="#[1411428]">_SysinfodispCtrlAlarm</a>
 <LI><a href="#[1411350]">_SysinfodispCtrlDt</a>
 <LI><a href="#[14112c0]">_SysinfodispCtrlPreset</a>
 <LI><a href="#[1411278]">_SysinfodispCtrlRegion</a>
 <LI><a href="#[1411470]">_SysinfodispCtrlAddress</a>
 <LI><a href="#[14111e8]">_SysinfodispCtrlprobility</a>
 <LI><a href="#[1411398]">_SysinfodispCtrlBack</a>
 <LI><a href="#[1411308]">_SysinfodispCtrlExit</a>
 <LI><a href="#[14111a0]">_SysinfodispWindProc</a>
 <LI><a href="#[144c218]">_TimeTaskCtrlNum</a>
 <LI><a href="#[144c1d0]">_TimeTaskCtrlState</a>
 <LI><a href="#[144c338]">_TimeTaskCtrlAction</a>
 <LI><a href="#[144c0f8]">_timeTaskCtrlSetTime</a>
 <LI><a href="#[144c188]">_TimeTaskCtrlTaskPriview</a>
 <LI><a href="#[144c2a8]">_TimeTaskCtrlClrTast</a>
 <LI><a href="#[144c2f0]">_TimeTaskCtrlBack</a>
 <LI><a href="#[144c260]">_TimeTaskCtrlExit</a>
 <LI><a href="#[144c140]">_TimeTaskWindProc</a>
 <LI><a href="#[1446bf0]">_WindCtrlNum</a>
 <LI><a href="#[1446c80]">_WindCtrlEnable</a>
 <LI><a href="#[1446ba8]">_WindCtrlZoom</a>
 <LI><a href="#[1446cc8]">_WindCtrlClr</a>
 <LI><a href="#[1446d10]">_WindCtrlBack</a>
 <LI><a href="#[1446c38]">_WindCtrlExit</a>
 <LI><a href="#[1446b60]">_WindWindProc</a>
 <LI><a href="#[1441500]">_ZoneCtrlNum</a>
 <LI><a href="#[1441548]">_ZoneCtrlLablepreview</a>
 <LI><a href="#[1441590]">_ZoneCtrlLable</a>
 <LI><a href="#[1441470]">_ZoneCtrlPosition</a>
 <LI><a href="#[1441620]">_ZoneCtrlEnabled</a>
 <LI><a href="#[14414b8]">_ZoneCtrlPatrol</a>
 <LI><a href="#[1441668]">_ZoneCtrlClr</a>
 <LI><a href="#[14416b0]">_ZoneCtrlBack</a>
 <LI><a href="#[14415d8]">_ZoneCtrlExit</a>
 <LI><a href="#[1441428]">_ZoneWindProc</a>
 <LI><a href="#[14ad6a0]">_diagnosticsCtrlBack</a>
 <LI><a href="#[14ad658]">_diagnosticsCtrlExit</a>
 <LI><a href="#[14ad610]">_diagnosticsWindProc</a>
</UL>
<P>
<H3>
Global Symbols
</H3>
<P><STRONG><a name="[1887d40]"></a>__main</STRONG> (Thumb, 8 bytes, Stack size 0 bytes, entry.o($$startup$$))
<BR><BR>[Calls]<UL><LI><a href="#[187b5b0]">&gt;&gt;</a>&nbsp;&nbsp;&nbsp;__init
</UL>

<P><STRONG><a name="[187b5f8]"></a>__call_main</STRONG> (Thumb, 2 bytes, Stack size 0 bytes, init.o(.emb_text))
<BR><BR>[Called By]<UL><LI><a href="#[187b5b0]">&gt;&gt;</a>&nbsp;&nbsp;&nbsp;__init
</UL>

<P><STRONG><a name="[1889b98]"></a>Reset_Handler</STRONG> (Thumb, 4 bytes, Stack size 0 bytes, stm32f10x_vector.o(.text))
<BR>[Address Reference Count : 1]<UL><LI> stm32f10x_vector.o(RESET)
</UL>
<P><STRONG><a name="[1887908]"></a>rand</STRONG> (Thumb, 20 bytes, Stack size 0 bytes, rand.o(.text))
<BR><BR>[Called By]<UL><LI><a href="#[1571668]">&gt;&gt;</a>&nbsp;&nbsp;&nbsp;AutoActing_Scheduler
</UL>

<P><STRONG><a name="[18878c0]"></a>srand</STRONG> (Thumb, 6 bytes, Stack size 0 bytes, rand.o(.text), UNUSED)

<P><STRONG><a name="[18877a0]"></a>__aeabi_memcpy</STRONG> (Thumb, 36 bytes, Stack size 0 bytes, memcpya.o(.text))
<BR><BR>[Called By]<UL><LI><a href="#[154bcc8]">&gt;&gt;</a>&nbsp;&nbsp;&nbsp;SetDateTime
<LI><a href="#[15717d0]">&gt;&gt;</a>&nbsp;&nbsp;&nbsp;doMessage
</UL>

<P><STRONG><a name="[1887758]"></a>__aeabi_memcpy4</STRONG> (Thumb, 0 bytes, Stack size 0 bytes, memcpya.o(.text))
<BR><BR>[Called By]<UL><LI><a href="#[129c448]">&gt;&gt;</a>&nbsp;&nbsp;&nbsp;DomeParam_ClrPreset
<LI><a href="#[129c718]">&gt;&gt;</a>&nbsp;&nbsp;&nbsp;_ClrallTimeTask
<LI><a href="#[129c760]">&gt;&gt;</a>&nbsp;&nbsp;&nbsp;_ClrallCtrlZone
<LI><a href="#[129c7a8]">&gt;&gt;</a>&nbsp;&nbsp;&nbsp;_ClrallCtrlWind
<LI><a href="#[129c838]">&gt;&gt;</a>&nbsp;&nbsp;&nbsp;_ClrallCtrlPratrols
<LI><a href="#[1423d18]">&gt;&gt;</a>&nbsp;&nbsp;&nbsp;_PatrolCtrlClr
<LI><a href="#[142cac0]">&gt;&gt;</a>&nbsp;&nbsp;&nbsp;DomeParam_InitE2prom
<LI><a href="#[1438120]">&gt;&gt;</a>&nbsp;&nbsp;&nbsp;DomeInput_Getstatus
<LI><a href="#[1438678]">&gt;&gt;</a>&nbsp;&nbsp;&nbsp;DomeDraw_Date
<LI><a href="#[14c14f8]">&gt;&gt;</a>&nbsp;&nbsp;&nbsp;Get_Zoomin_speed
</UL>

<P><STRONG><a name="[1887710]"></a>__aeabi_memcpy8</STRONG> (Thumb, 0 bytes, Stack size 0 bytes, memcpya.o(.text), UNUSED)

<P><STRONG><a name="[187e3b8]"></a>__aeabi_dadd</STRONG> (Thumb, 48 bytes, Stack size 24 bytes, dadd.o(.text))
<BR><BR>[Stack]<UL><LI>Max Depth = 136<LI>Call Chain = __aeabi_dadd &rArr; _double_addcore &rArr; _double_epilogue &rArr; _double_round
</UL>
<BR>[Calls]<UL><LI><a href="#[187e400]">&gt;&gt;</a>&nbsp;&nbsp;&nbsp;_double_addcore
</UL>
<BR>[Called By]<UL><LI><a href="#[1570390]">&gt;&gt;</a>&nbsp;&nbsp;&nbsp;Spot_ZoomIn
<LI><a href="#[187b8a0]">&gt;&gt;</a>&nbsp;&nbsp;&nbsp;__kernel_sin
<LI><a href="#[187baf8]">&gt;&gt;</a>&nbsp;&nbsp;&nbsp;__ieee754_rem_pio2
<LI><a href="#[187bd50]">&gt;&gt;</a>&nbsp;&nbsp;&nbsp;__kernel_poly
<LI><a href="#[1888a90]">&gt;&gt;</a>&nbsp;&nbsp;&nbsp;atan
</UL>

<P><STRONG><a name="[187e370]"></a>__aeabi_dsub</STRONG> (Thumb, 48 bytes, Stack size 24 bytes, dadd.o(.text))
<BR><BR>[Stack]<UL><LI>Max Depth = 136<LI>Call Chain = __aeabi_dsub &rArr; _double_addcore &rArr; _double_epilogue &rArr; _double_round
</UL>
<BR>[Calls]<UL><LI><a href="#[187e400]">&gt;&gt;</a>&nbsp;&nbsp;&nbsp;_double_addcore
</UL>
<BR>[Called By]<UL><LI><a href="#[1570390]">&gt;&gt;</a>&nbsp;&nbsp;&nbsp;Spot_ZoomIn
<LI><a href="#[187b8a0]">&gt;&gt;</a>&nbsp;&nbsp;&nbsp;__kernel_sin
<LI><a href="#[187baf8]">&gt;&gt;</a>&nbsp;&nbsp;&nbsp;__ieee754_rem_pio2
<LI><a href="#[187bee0]">&gt;&gt;</a>&nbsp;&nbsp;&nbsp;__kernel_cos
<LI><a href="#[1888a90]">&gt;&gt;</a>&nbsp;&nbsp;&nbsp;atan
</UL>

<P><STRONG><a name="[187e328]"></a>__aeabi_drsub</STRONG> (Thumb, 48 bytes, Stack size 24 bytes, dadd.o(.text))
<BR><BR>[Stack]<UL><LI>Max Depth = 136<LI>Call Chain = __aeabi_drsub &rArr; _double_addcore &rArr; _double_epilogue &rArr; _double_round
</UL>
<BR>[Calls]<UL><LI><a href="#[187e400]">&gt;&gt;</a>&nbsp;&nbsp;&nbsp;_double_addcore
</UL>
<BR>[Called By]<UL><LI><a href="#[187b8a0]">&gt;&gt;</a>&nbsp;&nbsp;&nbsp;__kernel_sin
<LI><a href="#[187baf8]">&gt;&gt;</a>&nbsp;&nbsp;&nbsp;__ieee754_rem_pio2
<LI><a href="#[187bee0]">&gt;&gt;</a>&nbsp;&nbsp;&nbsp;__kernel_cos
<LI><a href="#[1888a90]">&gt;&gt;</a>&nbsp;&nbsp;&nbsp;atan
</UL>

<P><STRONG><a name="[187e078]"></a>__aeabi_dmul</STRONG> (Thumb, 230 bytes, Stack size 80 bytes, dmul.o(.text))
<BR><BR>[Stack]<UL><LI>Max Depth = 128<LI>Call Chain = __aeabi_dmul &rArr; _double_epilogue &rArr; _double_round
</UL>
<BR>[Calls]<UL><LI><a href="#[18ea210]">&gt;&gt;</a>&nbsp;&nbsp;&nbsp;_double_epilogue
</UL>
<BR>[Called By]<UL><LI><a href="#[141ea30]">&gt;&gt;</a>&nbsp;&nbsp;&nbsp;motorCurPos_Require
<LI><a href="#[1446d58]">&gt;&gt;</a>&nbsp;&nbsp;&nbsp;SetWindblank
<LI><a href="#[14c14f8]">&gt;&gt;</a>&nbsp;&nbsp;&nbsp;Get_Zoomin_speed
<LI><a href="#[1570390]">&gt;&gt;</a>&nbsp;&nbsp;&nbsp;Spot_ZoomIn
<LI><a href="#[187b8a0]">&gt;&gt;</a>&nbsp;&nbsp;&nbsp;__kernel_sin
<LI><a href="#[187baf8]">&gt;&gt;</a>&nbsp;&nbsp;&nbsp;__ieee754_rem_pio2
<LI><a href="#[187bd50]">&gt;&gt;</a>&nbsp;&nbsp;&nbsp;__kernel_poly
<LI><a href="#[187bee0]">&gt;&gt;</a>&nbsp;&nbsp;&nbsp;__kernel_cos
<LI><a href="#[1888a90]">&gt;&gt;</a>&nbsp;&nbsp;&nbsp;atan
</UL>

<P><STRONG><a name="[187def8]"></a>__aeabi_ddiv</STRONG> (Thumb, 246 bytes, Stack size 72 bytes, ddiv.o(.text))
<BR><BR>[Stack]<UL><LI>Max Depth = 120<LI>Call Chain = __aeabi_ddiv &rArr; _double_epilogue &rArr; _double_round
</UL>
<BR>[Calls]<UL><LI><a href="#[18ea210]">&gt;&gt;</a>&nbsp;&nbsp;&nbsp;_double_epilogue
</UL>
<BR>[Called By]<UL><LI><a href="#[141ea30]">&gt;&gt;</a>&nbsp;&nbsp;&nbsp;motorCurPos_Require
<LI><a href="#[1446d58]">&gt;&gt;</a>&nbsp;&nbsp;&nbsp;SetWindblank
<LI><a href="#[1570390]">&gt;&gt;</a>&nbsp;&nbsp;&nbsp;Spot_ZoomIn
<LI><a href="#[187baf8]">&gt;&gt;</a>&nbsp;&nbsp;&nbsp;__ieee754_rem_pio2
<LI><a href="#[1888a90]">&gt;&gt;</a>&nbsp;&nbsp;&nbsp;atan
</UL>

<P><STRONG><a name="[187dd78]"></a>__aeabi_i2d</STRONG> (Thumb, 36 bytes, Stack size 16 bytes, dflt.o(.text))
<BR><BR>[Stack]<UL><LI>Max Depth = 64<LI>Call Chain = __aeabi_i2d &rArr; _double_epilogue &rArr; _double_round
</UL>
<BR>[Calls]<UL><LI><a href="#[18ea210]">&gt;&gt;</a>&nbsp;&nbsp;&nbsp;_double_epilogue
</UL>
<BR>[Called By]<UL><LI><a href="#[141ea30]">&gt;&gt;</a>&nbsp;&nbsp;&nbsp;motorCurPos_Require
<LI><a href="#[1446d58]">&gt;&gt;</a>&nbsp;&nbsp;&nbsp;SetWindblank
<LI><a href="#[14c14f8]">&gt;&gt;</a>&nbsp;&nbsp;&nbsp;Get_Zoomin_speed
<LI><a href="#[1570390]">&gt;&gt;</a>&nbsp;&nbsp;&nbsp;Spot_ZoomIn
<LI><a href="#[187baf8]">&gt;&gt;</a>&nbsp;&nbsp;&nbsp;__ieee754_rem_pio2
</UL>

<P><STRONG><a name="[187dc08]"></a>__aeabi_ui2d</STRONG> (Thumb, 26 bytes, Stack size 16 bytes, dfltu.o(.text))
<BR><BR>[Stack]<UL><LI>Max Depth = 64<LI>Call Chain = __aeabi_ui2d &rArr; _double_epilogue &rArr; _double_round
</UL>
<BR>[Calls]<UL><LI><a href="#[18ea210]">&gt;&gt;</a>&nbsp;&nbsp;&nbsp;_double_epilogue
</UL>
<BR>[Called By]<UL><LI><a href="#[1570390]">&gt;&gt;</a>&nbsp;&nbsp;&nbsp;Spot_ZoomIn
</UL>

<P><STRONG><a name="[187da98]"></a>__aeabi_d2iz</STRONG> (Thumb, 80 bytes, Stack size 16 bytes, dfix.o(.text))
<BR><BR>[Stack]<UL><LI>Max Depth = 16<LI>Call Chain = __aeabi_d2iz
</UL>
<BR>[Calls]<UL><LI><a href="#[18eaac8]">&gt;&gt;</a>&nbsp;&nbsp;&nbsp;__aeabi_llsr
</UL>
<BR>[Called By]<UL><LI><a href="#[141ea30]">&gt;&gt;</a>&nbsp;&nbsp;&nbsp;motorCurPos_Require
<LI><a href="#[1446d58]">&gt;&gt;</a>&nbsp;&nbsp;&nbsp;SetWindblank
<LI><a href="#[14c14f8]">&gt;&gt;</a>&nbsp;&nbsp;&nbsp;Get_Zoomin_speed
<LI><a href="#[1570390]">&gt;&gt;</a>&nbsp;&nbsp;&nbsp;Spot_ZoomIn
<LI><a href="#[187b8a0]">&gt;&gt;</a>&nbsp;&nbsp;&nbsp;__kernel_sin
<LI><a href="#[187baf8]">&gt;&gt;</a>&nbsp;&nbsp;&nbsp;__ieee754_rem_pio2
<LI><a href="#[187bee0]">&gt;&gt;</a>&nbsp;&nbsp;&nbsp;__kernel_cos
</UL>

<P><STRONG><a name="[187d8d8]"></a>__aeabi_d2uiz</STRONG> (Thumb, 48 bytes, Stack size 0 bytes, dfixu.o(.text))
<BR><BR>[Calls]<UL><LI><a href="#[18eaac8]">&gt;&gt;</a>&nbsp;&nbsp;&nbsp;__aeabi_llsr
</UL>
<BR>[Called By]<UL><LI><a href="#[1446d58]">&gt;&gt;</a>&nbsp;&nbsp;&nbsp;SetWindblank
</UL>

<P><STRONG><a name="[187d770]"></a>__aeabi_f2d</STRONG> (Thumb, 36 bytes, Stack size 0 bytes, f2d.o(.text))
<BR><BR>[Called By]<UL><LI><a href="#[141ea30]">&gt;&gt;</a>&nbsp;&nbsp;&nbsp;motorCurPos_Require
<LI><a href="#[1446d58]">&gt;&gt;</a>&nbsp;&nbsp;&nbsp;SetWindblank
<LI><a href="#[1570390]">&gt;&gt;</a>&nbsp;&nbsp;&nbsp;Spot_ZoomIn
</UL>

<P><STRONG><a name="[187d598]"></a>__aeabi_cdcmpeq</STRONG> (Thumb, 0 bytes, Stack size 0 bytes, cdcmple.o(.text), UNUSED)

<P><STRONG><a name="[187d550]"></a>__aeabi_cdcmple</STRONG> (Thumb, 74 bytes, Stack size 0 bytes, cdcmple.o(.text))
<BR><BR>[Called By]<UL><LI><a href="#[1570390]">&gt;&gt;</a>&nbsp;&nbsp;&nbsp;Spot_ZoomIn
<LI><a href="#[1888058]">&gt;&gt;</a>&nbsp;&nbsp;&nbsp;sqrt
</UL>

<P><STRONG><a name="[187d398]"></a>__aeabi_cdrcmple</STRONG> (Thumb, 74 bytes, Stack size 0 bytes, cdrcmple.o(.text))
<BR><BR>[Called By]<UL><LI><a href="#[1570390]">&gt;&gt;</a>&nbsp;&nbsp;&nbsp;Spot_ZoomIn
<LI><a href="#[1888a90]">&gt;&gt;</a>&nbsp;&nbsp;&nbsp;atan
</UL>

<P><STRONG><a name="[187d1e0]"></a>__ARM_scalbn</STRONG> (Thumb, 36 bytes, Stack size 16 bytes, dscalb.o(.text))
<BR><BR>[Stack]<UL><LI>Max Depth = 16<LI>Call Chain = __ARM_scalbn
</UL>
<BR>[Called By]<UL><LI><a href="#[1570390]">&gt;&gt;</a>&nbsp;&nbsp;&nbsp;Spot_ZoomIn
<LI><a href="#[187b8a0]">&gt;&gt;</a>&nbsp;&nbsp;&nbsp;__kernel_sin
<LI><a href="#[187baf8]">&gt;&gt;</a>&nbsp;&nbsp;&nbsp;__ieee754_rem_pio2
<LI><a href="#[187bee0]">&gt;&gt;</a>&nbsp;&nbsp;&nbsp;__kernel_cos
<LI><a href="#[1888358]">&gt;&gt;</a>&nbsp;&nbsp;&nbsp;sin
<LI><a href="#[1888778]">&gt;&gt;</a>&nbsp;&nbsp;&nbsp;cos
<LI><a href="#[1888a90]">&gt;&gt;</a>&nbsp;&nbsp;&nbsp;atan
</UL>

<P><STRONG><a name="[187d198]"></a>scalbn</STRONG> (Thumb, 0 bytes, Stack size 16 bytes, dscalb.o(.text), UNUSED)

<P><STRONG><a name="[187cfe0]"></a>__aeabi_fadd</STRONG> (Thumb, 14 bytes, Stack size 0 bytes, fadd.o(.text), UNUSED)
<BR><BR>[Calls]<UL><LI><a href="#[187d028]">&gt;&gt;</a>&nbsp;&nbsp;&nbsp;_float_addcore
</UL>

<P><STRONG><a name="[187cf98]"></a>__aeabi_fsub</STRONG> (Thumb, 14 bytes, Stack size 0 bytes, fadd.o(.text))
<BR><BR>[Stack]<UL><LI>Max Depth = 16<LI>Call Chain = __aeabi_fsub &rArr; _float_addcore &rArr; _float_epilogue
</UL>
<BR>[Calls]<UL><LI><a href="#[187d028]">&gt;&gt;</a>&nbsp;&nbsp;&nbsp;_float_addcore
</UL>
<BR>[Called By]<UL><LI><a href="#[14c14f8]">&gt;&gt;</a>&nbsp;&nbsp;&nbsp;Get_Zoomin_speed
<LI><a href="#[15334a8]">&gt;&gt;</a>&nbsp;&nbsp;&nbsp;handleRealArray
<LI><a href="#[1570390]">&gt;&gt;</a>&nbsp;&nbsp;&nbsp;Spot_ZoomIn
</UL>

<P><STRONG><a name="[187cf50]"></a>__aeabi_frsub</STRONG> (Thumb, 18 bytes, Stack size 0 bytes, fadd.o(.text))
<BR><BR>[Stack]<UL><LI>Max Depth = 16<LI>Call Chain = __aeabi_frsub &rArr; _float_addcore &rArr; _float_epilogue
</UL>
<BR>[Calls]<UL><LI><a href="#[187d028]">&gt;&gt;</a>&nbsp;&nbsp;&nbsp;_float_addcore
</UL>
<BR>[Called By]<UL><LI><a href="#[14c14f8]">&gt;&gt;</a>&nbsp;&nbsp;&nbsp;Get_Zoomin_speed
<LI><a href="#[15334a8]">&gt;&gt;</a>&nbsp;&nbsp;&nbsp;handleRealArray
</UL>

<P><STRONG><a name="[187cd88]"></a>__aeabi_fmul</STRONG> (Thumb, 106 bytes, Stack size 16 bytes, fmul.o(.text))
<BR><BR>[Stack]<UL><LI>Max Depth = 24<LI>Call Chain = __aeabi_fmul &rArr; _float_epilogue
</UL>
<BR>[Calls]<UL><LI><a href="#[18e9dc0]">&gt;&gt;</a>&nbsp;&nbsp;&nbsp;_float_epilogue
</UL>
<BR>[Called By]<UL><LI><a href="#[1570390]">&gt;&gt;</a>&nbsp;&nbsp;&nbsp;Spot_ZoomIn
</UL>

<P><STRONG><a name="[187cb98]"></a>__aeabi_fdiv</STRONG> (Thumb, 108 bytes, Stack size 16 bytes, fdiv.o(.text))
<BR><BR>[Stack]<UL><LI>Max Depth = 24<LI>Call Chain = __aeabi_fdiv &rArr; _float_epilogue
</UL>
<BR>[Calls]<UL><LI><a href="#[18e9dc0]">&gt;&gt;</a>&nbsp;&nbsp;&nbsp;_float_epilogue
</UL>
<BR>[Called By]<UL><LI><a href="#[15334a8]">&gt;&gt;</a>&nbsp;&nbsp;&nbsp;handleRealArray
<LI><a href="#[1570390]">&gt;&gt;</a>&nbsp;&nbsp;&nbsp;Spot_ZoomIn
</UL>

<P><STRONG><a name="[187c9a8]"></a>__aeabi_i2f</STRONG> (Thumb, 20 bytes, Stack size 0 bytes, fflt.o(.text))
<BR><BR>[Stack]<UL><LI>Max Depth = 8<LI>Call Chain = __aeabi_i2f &rArr; _float_epilogue
</UL>
<BR>[Calls]<UL><LI><a href="#[18e9dc0]">&gt;&gt;</a>&nbsp;&nbsp;&nbsp;_float_epilogue
</UL>
<BR>[Called By]<UL><LI><a href="#[141ea30]">&gt;&gt;</a>&nbsp;&nbsp;&nbsp;motorCurPos_Require
<LI><a href="#[1446d58]">&gt;&gt;</a>&nbsp;&nbsp;&nbsp;SetWindblank
<LI><a href="#[14c14f8]">&gt;&gt;</a>&nbsp;&nbsp;&nbsp;Get_Zoomin_speed
<LI><a href="#[15334a8]">&gt;&gt;</a>&nbsp;&nbsp;&nbsp;handleRealArray
<LI><a href="#[1570390]">&gt;&gt;</a>&nbsp;&nbsp;&nbsp;Spot_ZoomIn
</UL>

<P><STRONG><a name="[187c840]"></a>__aeabi_ui2f</STRONG> (Thumb, 10 bytes, Stack size 0 bytes, ffltu.o(.text))
<BR><BR>[Stack]<UL><LI>Max Depth = 8<LI>Call Chain = __aeabi_ui2f &rArr; _float_epilogue
</UL>
<BR>[Calls]<UL><LI><a href="#[18e9dc0]">&gt;&gt;</a>&nbsp;&nbsp;&nbsp;_float_epilogue
</UL>
<BR>[Called By]<UL><LI><a href="#[15334a8]">&gt;&gt;</a>&nbsp;&nbsp;&nbsp;handleRealArray
<LI><a href="#[1570390]">&gt;&gt;</a>&nbsp;&nbsp;&nbsp;Spot_ZoomIn
</UL>

<P><STRONG><a name="[187c6d8]"></a>__aeabi_f2iz</STRONG> (Thumb, 50 bytes, Stack size 0 bytes, ffix.o(.text))
<BR><BR>[Called By]<UL><LI><a href="#[15334a8]">&gt;&gt;</a>&nbsp;&nbsp;&nbsp;handleRealArray
</UL>

<P><STRONG><a name="[187c570]"></a>__aeabi_f2uiz</STRONG> (Thumb, 40 bytes, Stack size 0 bytes, ffixu.o(.text))
<BR><BR>[Called By]<UL><LI><a href="#[15334a8]">&gt;&gt;</a>&nbsp;&nbsp;&nbsp;handleRealArray
<LI><a href="#[1570390]">&gt;&gt;</a>&nbsp;&nbsp;&nbsp;Spot_ZoomIn
</UL>

<P><STRONG><a name="[187c408]"></a>__aeabi_d2f</STRONG> (Thumb, 58 bytes, Stack size 16 bytes, d2f.o(.text))
<BR><BR>[Stack]<UL><LI>Max Depth = 24<LI>Call Chain = __aeabi_d2f &rArr; _float_epilogue
</UL>
<BR>[Calls]<UL><LI><a href="#[18e9dc0]">&gt;&gt;</a>&nbsp;&nbsp;&nbsp;_float_epilogue
</UL>
<BR>[Called By]<UL><LI><a href="#[1570390]">&gt;&gt;</a>&nbsp;&nbsp;&nbsp;Spot_ZoomIn
</UL>

<P><STRONG><a name="[187c288]"></a>__aeabi_cfcmpeq</STRONG> (Thumb, 0 bytes, Stack size 0 bytes, cfcmple.o(.text), UNUSED)

<P><STRONG><a name="[187c240]"></a>__aeabi_cfcmple</STRONG> (Thumb, 20 bytes, Stack size 0 bytes, cfcmple.o(.text))
<BR><BR>[Called By]<UL><LI><a href="#[14c14f8]">&gt;&gt;</a>&nbsp;&nbsp;&nbsp;Get_Zoomin_speed
<LI><a href="#[1570390]">&gt;&gt;</a>&nbsp;&nbsp;&nbsp;Spot_ZoomIn
</UL>

<P><STRONG><a name="[187c0d8]"></a>__aeabi_cfrcmple</STRONG> (Thumb, 20 bytes, Stack size 0 bytes, cfrcmple.o(.text))
<BR><BR>[Called By]<UL><LI><a href="#[14c14f8]">&gt;&gt;</a>&nbsp;&nbsp;&nbsp;Get_Zoomin_speed
<LI><a href="#[1570390]">&gt;&gt;</a>&nbsp;&nbsp;&nbsp;Spot_ZoomIn
</UL>

<P><STRONG><a name="[187b5b0]"></a>__init</STRONG> (Thumb, 30 bytes, Stack size 0 bytes, init.o(.text))
<BR><BR>[Calls]<UL><LI><a href="#[187b5f8]">&gt;&gt;</a>&nbsp;&nbsp;&nbsp;__call_main
</UL>
<BR>[Called By]<UL><LI><a href="#[1887d40]">&gt;&gt;</a>&nbsp;&nbsp;&nbsp;__main
</UL>

<P><STRONG><a name="[187b568]"></a>__scatterload_rt2</STRONG> (Thumb, 0 bytes, Stack size 0 bytes, init.o(.text), UNUSED)

<P><STRONG><a name="[18eac78]"></a>__aeabi_llsl</STRONG> (Thumb, 32 bytes, Stack size 0 bytes, llshl.o(.text))
<BR><BR>[Called By]<UL><LI><a href="#[187e400]">&gt;&gt;</a>&nbsp;&nbsp;&nbsp;_double_addcore
</UL>

<P><STRONG><a name="[18eac30]"></a>_ll_shift_l</STRONG> (Thumb, 0 bytes, Stack size 0 bytes, llshl.o(.text), UNUSED)

<P><STRONG><a name="[18eaac8]"></a>__aeabi_llsr</STRONG> (Thumb, 30 bytes, Stack size 0 bytes, llushr.o(.text))
<BR><BR>[Called By]<UL><LI><a href="#[187d8d8]">&gt;&gt;</a>&nbsp;&nbsp;&nbsp;__aeabi_d2uiz
<LI><a href="#[187da98]">&gt;&gt;</a>&nbsp;&nbsp;&nbsp;__aeabi_d2iz
<LI><a href="#[187e400]">&gt;&gt;</a>&nbsp;&nbsp;&nbsp;_double_addcore
<LI><a href="#[18e9f88]">&gt;&gt;</a>&nbsp;&nbsp;&nbsp;_dsqrt
</UL>

<P><STRONG><a name="[18eaa80]"></a>_ll_ushift_r</STRONG> (Thumb, 0 bytes, Stack size 0 bytes, llushr.o(.text), UNUSED)

<P><STRONG><a name="[18ea258]"></a>_double_round</STRONG> (Thumb, 54 bytes, Stack size 20 bytes, depilogue.o(.text))
<BR><BR>[Stack]<UL><LI>Max Depth = 20<LI>Call Chain = _double_round
</UL>
<BR>[Called By]<UL><LI><a href="#[18ea210]">&gt;&gt;</a>&nbsp;&nbsp;&nbsp;_double_epilogue
</UL>

<P><STRONG><a name="[18ea210]"></a>_double_epilogue</STRONG> (Thumb, 138 bytes, Stack size 28 bytes, depilogue.o(.text))
<BR><BR>[Stack]<UL><LI>Max Depth = 48<LI>Call Chain = _double_epilogue &rArr; _double_round
</UL>
<BR>[Calls]<UL><LI><a href="#[18ea258]">&gt;&gt;</a>&nbsp;&nbsp;&nbsp;_double_round
</UL>
<BR>[Called By]<UL><LI><a href="#[187dc08]">&gt;&gt;</a>&nbsp;&nbsp;&nbsp;__aeabi_ui2d
<LI><a href="#[187dd78]">&gt;&gt;</a>&nbsp;&nbsp;&nbsp;__aeabi_i2d
<LI><a href="#[187def8]">&gt;&gt;</a>&nbsp;&nbsp;&nbsp;__aeabi_ddiv
<LI><a href="#[187e078]">&gt;&gt;</a>&nbsp;&nbsp;&nbsp;__aeabi_dmul
<LI><a href="#[187e400]">&gt;&gt;</a>&nbsp;&nbsp;&nbsp;_double_addcore
<LI><a href="#[18e9c40]">&gt;&gt;</a>&nbsp;&nbsp;&nbsp;_drem
<LI><a href="#[18e9f88]">&gt;&gt;</a>&nbsp;&nbsp;&nbsp;_dsqrt
</UL>

<P><STRONG><a name="[18e9f88]"></a>_dsqrt</STRONG> (Thumb, 168 bytes, Stack size 64 bytes, dsqrt.o(.text))
<BR><BR>[Stack]<UL><LI>Max Depth = 112<LI>Call Chain = _dsqrt &rArr; _double_epilogue &rArr; _double_round
</UL>
<BR>[Calls]<UL><LI><a href="#[18ea210]">&gt;&gt;</a>&nbsp;&nbsp;&nbsp;_double_epilogue
<LI><a href="#[18eaac8]">&gt;&gt;</a>&nbsp;&nbsp;&nbsp;__aeabi_llsr
</UL>
<BR>[Called By]<UL><LI><a href="#[1888058]">&gt;&gt;</a>&nbsp;&nbsp;&nbsp;sqrt
</UL>

<P><STRONG><a name="[18e9e08]"></a>_float_round</STRONG> (Thumb, 18 bytes, Stack size 0 bytes, fepilogue.o(.text))
<BR><BR>[Called By]<UL><LI><a href="#[18e9dc0]">&gt;&gt;</a>&nbsp;&nbsp;&nbsp;_float_epilogue
</UL>

<P><STRONG><a name="[18e9dc0]"></a>_float_epilogue</STRONG> (Thumb, 74 bytes, Stack size 8 bytes, fepilogue.o(.text))
<BR><BR>[Stack]<UL><LI>Max Depth = 8<LI>Call Chain = _float_epilogue
</UL>
<BR>[Calls]<UL><LI><a href="#[18e9e08]">&gt;&gt;</a>&nbsp;&nbsp;&nbsp;_float_round
</UL>
<BR>[Called By]<UL><LI><a href="#[187c408]">&gt;&gt;</a>&nbsp;&nbsp;&nbsp;__aeabi_d2f
<LI><a href="#[187c840]">&gt;&gt;</a>&nbsp;&nbsp;&nbsp;__aeabi_ui2f
<LI><a href="#[187c9a8]">&gt;&gt;</a>&nbsp;&nbsp;&nbsp;__aeabi_i2f
<LI><a href="#[187cb98]">&gt;&gt;</a>&nbsp;&nbsp;&nbsp;__aeabi_fdiv
<LI><a href="#[187cd88]">&gt;&gt;</a>&nbsp;&nbsp;&nbsp;__aeabi_fmul
<LI><a href="#[187d028]">&gt;&gt;</a>&nbsp;&nbsp;&nbsp;_float_addcore
</UL>

<P><STRONG><a name="[18e9c40]"></a>_drem</STRONG> (Thumb, 154 bytes, Stack size 64 bytes, drem.o(.text))
<BR><BR>[Stack]<UL><LI>Max Depth = 112<LI>Call Chain = _drem &rArr; _double_epilogue &rArr; _double_round
</UL>
<BR>[Calls]<UL><LI><a href="#[18ea210]">&gt;&gt;</a>&nbsp;&nbsp;&nbsp;_double_epilogue
</UL>
<BR>[Called By]<UL><LI><a href="#[187baf8]">&gt;&gt;</a>&nbsp;&nbsp;&nbsp;__ieee754_rem_pio2
</UL>

<P><STRONG><a name="[18e9670]"></a>__decompress</STRONG> (Thumb, 0 bytes, Stack size unknown bytes, __dczerorl2.o(.text), UNUSED)

<P><STRONG><a name="[18e9628]"></a>__decompress1</STRONG> (Thumb, 88 bytes, Stack size unknown bytes, __dczerorl2.o(.text), UNUSED)

<P><STRONG><a name="[d38810]"></a>ADC1_2_IRQHandler</STRONG> (Thumb, 2 bytes, Stack size 0 bytes, stm32f10x_it.o(i.ADC1_2_IRQHandler))
<BR>[Address Reference Count : 1]<UL><LI> stm32f10x_vector.o(RESET)
</UL>
<P><STRONG><a name="[d387c8]"></a>ADC3_IRQHandler</STRONG> (Thumb, 2 bytes, Stack size 0 bytes, stm32f10x_it.o(i.ADC3_IRQHandler))
<BR>[Address Reference Count : 1]<UL><LI> stm32f10x_vector.o(RESET)
</UL>
<P><STRONG><a name="[156aa20]"></a>ADC_Cmd</STRONG> (Thumb, 20 bytes, Stack size 0 bytes, stm32f10x_adc.o(i.ADC_Cmd))
<BR><BR>[Called By]<UL><LI><a href="#[11fff40]">&gt;&gt;</a>&nbsp;&nbsp;&nbsp;ADC_Configuration
</UL>

<P><STRONG><a name="[11fff40]"></a>ADC_Configuration</STRONG> (Thumb, 176 bytes, Stack size 80 bytes, temperature.o(i.ADC_Configuration))
<BR><BR>[Stack]<UL><LI>Max Depth = 96<LI>Call Chain = ADC_Configuration &rArr; DMA_Init
</UL>
<BR>[Calls]<UL><LI><a href="#[156a678]">&gt;&gt;</a>&nbsp;&nbsp;&nbsp;DMA_Init
<LI><a href="#[156a6c0]">&gt;&gt;</a>&nbsp;&nbsp;&nbsp;DMA_DeInit
<LI><a href="#[156a708]">&gt;&gt;</a>&nbsp;&nbsp;&nbsp;DMA_Cmd
<LI><a href="#[156a750]">&gt;&gt;</a>&nbsp;&nbsp;&nbsp;ADC_TempSensorVrefintCmd
<LI><a href="#[156a798]">&gt;&gt;</a>&nbsp;&nbsp;&nbsp;ADC_StartCalibration
<LI><a href="#[156a7e0]">&gt;&gt;</a>&nbsp;&nbsp;&nbsp;ADC_SoftwareStartConvCmd
<LI><a href="#[156a828]">&gt;&gt;</a>&nbsp;&nbsp;&nbsp;ADC_ResetCalibration
<LI><a href="#[156a870]">&gt;&gt;</a>&nbsp;&nbsp;&nbsp;ADC_RegularChannelConfig
<LI><a href="#[156a8b8]">&gt;&gt;</a>&nbsp;&nbsp;&nbsp;ADC_Init
<LI><a href="#[156a900]">&gt;&gt;</a>&nbsp;&nbsp;&nbsp;ADC_GetResetCalibrationStatus
<LI><a href="#[156a990]">&gt;&gt;</a>&nbsp;&nbsp;&nbsp;ADC_GetCalibrationStatus
<LI><a href="#[156a9d8]">&gt;&gt;</a>&nbsp;&nbsp;&nbsp;ADC_DMACmd
<LI><a href="#[156aa20]">&gt;&gt;</a>&nbsp;&nbsp;&nbsp;ADC_Cmd
</UL>
<BR>[Called By]<UL><LI><a href="#[11fff88]">&gt;&gt;</a>&nbsp;&nbsp;&nbsp;main
</UL>

<P><STRONG><a name="[156a9d8]"></a>ADC_DMACmd</STRONG> (Thumb, 20 bytes, Stack size 0 bytes, stm32f10x_adc.o(i.ADC_DMACmd))
<BR><BR>[Called By]<UL><LI><a href="#[11fff40]">&gt;&gt;</a>&nbsp;&nbsp;&nbsp;ADC_Configuration
</UL>

<P><STRONG><a name="[156a990]"></a>ADC_GetCalibrationStatus</STRONG> (Thumb, 14 bytes, Stack size 0 bytes, stm32f10x_adc.o(i.ADC_GetCalibrationStatus))
<BR><BR>[Called By]<UL><LI><a href="#[11fff40]">&gt;&gt;</a>&nbsp;&nbsp;&nbsp;ADC_Configuration
</UL>

<P><STRONG><a name="[156a948]"></a>ADC_GetConversionValue</STRONG> (Thumb, 6 bytes, Stack size 0 bytes, stm32f10x_adc.o(i.ADC_GetConversionValue))
<BR><BR>[Called By]<UL><LI><a href="#[15707c8]">&gt;&gt;</a>&nbsp;&nbsp;&nbsp;GetTemperature
</UL>

<P><STRONG><a name="[156a900]"></a>ADC_GetResetCalibrationStatus</STRONG> (Thumb, 14 bytes, Stack size 0 bytes, stm32f10x_adc.o(i.ADC_GetResetCalibrationStatus))
<BR><BR>[Called By]<UL><LI><a href="#[11fff40]">&gt;&gt;</a>&nbsp;&nbsp;&nbsp;ADC_Configuration
</UL>

<P><STRONG><a name="[156a8b8]"></a>ADC_Init</STRONG> (Thumb, 62 bytes, Stack size 12 bytes, stm32f10x_adc.o(i.ADC_Init))
<BR><BR>[Stack]<UL><LI>Max Depth = 12<LI>Call Chain = ADC_Init
</UL>
<BR>[Called By]<UL><LI><a href="#[11fff40]">&gt;&gt;</a>&nbsp;&nbsp;&nbsp;ADC_Configuration
</UL>

<P><STRONG><a name="[156a870]"></a>ADC_RegularChannelConfig</STRONG> (Thumb, 116 bytes, Stack size 16 bytes, stm32f10x_adc.o(i.ADC_RegularChannelConfig))
<BR><BR>[Stack]<UL><LI>Max Depth = 16<LI>Call Chain = ADC_RegularChannelConfig
</UL>
<BR>[Called By]<UL><LI><a href="#[11fff40]">&gt;&gt;</a>&nbsp;&nbsp;&nbsp;ADC_Configuration
</UL>

<P><STRONG><a name="[156a828]"></a>ADC_ResetCalibration</STRONG> (Thumb, 10 bytes, Stack size 0 bytes, stm32f10x_adc.o(i.ADC_ResetCalibration))
<BR><BR>[Called By]<UL><LI><a href="#[11fff40]">&gt;&gt;</a>&nbsp;&nbsp;&nbsp;ADC_Configuration
</UL>

<P><STRONG><a name="[156a7e0]"></a>ADC_SoftwareStartConvCmd</STRONG> (Thumb, 20 bytes, Stack size 0 bytes, stm32f10x_adc.o(i.ADC_SoftwareStartConvCmd))
<BR><BR>[Called By]<UL><LI><a href="#[11fff40]">&gt;&gt;</a>&nbsp;&nbsp;&nbsp;ADC_Configuration
</UL>

<P><STRONG><a name="[156a798]"></a>ADC_StartCalibration</STRONG> (Thumb, 10 bytes, Stack size 0 bytes, stm32f10x_adc.o(i.ADC_StartCalibration))
<BR><BR>[Called By]<UL><LI><a href="#[11fff40]">&gt;&gt;</a>&nbsp;&nbsp;&nbsp;ADC_Configuration
</UL>

<P><STRONG><a name="[156a750]"></a>ADC_TempSensorVrefintCmd</STRONG> (Thumb, 26 bytes, Stack size 0 bytes, stm32f10x_adc.o(i.ADC_TempSensorVrefintCmd))
<BR><BR>[Called By]<UL><LI><a href="#[11fff40]">&gt;&gt;</a>&nbsp;&nbsp;&nbsp;ADC_Configuration
</UL>

<P><STRONG><a name="[154c070]"></a>AdjustRtcTime</STRONG> (Thumb, 120 bytes, Stack size 24 bytes, rtc.o(i.AdjustRtcTime))
<BR><BR>[Stack]<UL><LI>Max Depth = 48<LI>Call Chain = AdjustRtcTime &rArr; GetDate &rArr; RtcConvertDate
</UL>
<BR>[Calls]<UL><LI><a href="#[154b800]">&gt;&gt;</a>&nbsp;&nbsp;&nbsp;RTC_WaitForLastTask
<LI><a href="#[154b890]">&gt;&gt;</a>&nbsp;&nbsp;&nbsp;RTC_SetCounter
<LI><a href="#[154b968]">&gt;&gt;</a>&nbsp;&nbsp;&nbsp;RTC_GetCounter
<LI><a href="#[154bd58]">&gt;&gt;</a>&nbsp;&nbsp;&nbsp;RtcSetDate
<LI><a href="#[154bf98]">&gt;&gt;</a>&nbsp;&nbsp;&nbsp;GetDaysOneMonth
<LI><a href="#[154c028]">&gt;&gt;</a>&nbsp;&nbsp;&nbsp;GetDate
<LI><a href="#[1886e58]">&gt;&gt;</a>&nbsp;&nbsp;&nbsp;__1printf
</UL>
<BR>[Called By]<UL><LI><a href="#[11ff838]">&gt;&gt;</a>&nbsp;&nbsp;&nbsp;RTC_Init
</UL>

<P><STRONG><a name="[1567068]"></a>AlarmInit</STRONG> (Thumb, 118 bytes, Stack size 12 bytes, alarm.o(i.AlarmInit))
<BR><BR>[Stack]<UL><LI>Max Depth = 12<LI>Call Chain = AlarmInit
</UL>
<BR>[Called By]<UL><LI><a href="#[15716b0]">&gt;&gt;</a>&nbsp;&nbsp;&nbsp;Alarming_Linkage
</UL>

<P><STRONG><a name="[15716b0]"></a>Alarming_Linkage</STRONG> (Thumb, 284 bytes, Stack size 40 bytes, autoacting.o(i.Alarming_Linkage))
<BR><BR>[Stack]<UL><LI>Max Depth = 268<LI>Call Chain = Alarming_Linkage &rArr; AutoActing_Scheduler &rArr; Pattern_Call &rArr; Preset_Call &rArr; DomeParam_LoadPst &rArr; I2C_EE_BufferRead &rArr; I2C_Configuration &rArr; I2C_Init &rArr; RCC_GetClocksFreq
</UL>
<BR>[Calls]<UL><LI><a href="#[12f21c8]">&gt;&gt;</a>&nbsp;&nbsp;&nbsp;DomeParam_SavePreset
<LI><a href="#[141eb08]">&gt;&gt;</a>&nbsp;&nbsp;&nbsp;Preset_Call
<LI><a href="#[144c068]">&gt;&gt;</a>&nbsp;&nbsp;&nbsp;AutoMotion_Stop
<LI><a href="#[1567020]">&gt;&gt;</a>&nbsp;&nbsp;&nbsp;ChooseAlarm
<LI><a href="#[1567068]">&gt;&gt;</a>&nbsp;&nbsp;&nbsp;AlarmInit
<LI><a href="#[1571668]">&gt;&gt;</a>&nbsp;&nbsp;&nbsp;AutoActing_Scheduler
</UL>
<BR>[Called By]<UL><LI><a href="#[11ff640]">&gt;&gt;</a>&nbsp;&nbsp;&nbsp;fastdomemain
</UL>

<P><STRONG><a name="[14da130]"></a>AnsiitoHex</STRONG> (Thumb, 44 bytes, Stack size 0 bytes, dome_camera.o(i.AnsiitoHex))
<BR><BR>[Called By]<UL><LI><a href="#[14d9f80]">&gt;&gt;</a>&nbsp;&nbsp;&nbsp;DomeCamera_GetWideLimit
<LI><a href="#[14d9fc8]">&gt;&gt;</a>&nbsp;&nbsp;&nbsp;DomeCamera_GetTeleLimit
<LI><a href="#[153a9c8]">&gt;&gt;</a>&nbsp;&nbsp;&nbsp;DomeCamera_GetZoomValue
<LI><a href="#[1570a08]">&gt;&gt;</a>&nbsp;&nbsp;&nbsp;DomeCamera_GetCamVersion
</UL>

<P><STRONG><a name="[1571668]"></a>AutoActing_Scheduler</STRONG> (Thumb, 1068 bytes, Stack size 40 bytes, autoacting.o(i.AutoActing_Scheduler))
<BR><BR>[Stack]<UL><LI>Max Depth = 228<LI>Call Chain = AutoActing_Scheduler &rArr; Pattern_Call &rArr; Preset_Call &rArr; DomeParam_LoadPst &rArr; I2C_EE_BufferRead &rArr; I2C_Configuration &rArr; I2C_Init &rArr; RCC_GetClocksFreq
</UL>
<BR>[Calls]<UL><LI><a href="#[12cf4b0]">&gt;&gt;</a>&nbsp;&nbsp;&nbsp;DomeCamera_SetIrcutFilter
<LI><a href="#[1416028]">&gt;&gt;</a>&nbsp;&nbsp;&nbsp;DomeParam_LoadPst
<LI><a href="#[141eb08]">&gt;&gt;</a>&nbsp;&nbsp;&nbsp;Preset_Call
<LI><a href="#[1423a90]">&gt;&gt;</a>&nbsp;&nbsp;&nbsp;DomeParam_LoadPatrol
<LI><a href="#[1446890]">&gt;&gt;</a>&nbsp;&nbsp;&nbsp;DomeCamera_SetZoomValue
<LI><a href="#[14cdd58]">&gt;&gt;</a>&nbsp;&nbsp;&nbsp;Preset_Call_Position
<LI><a href="#[14cdda0]">&gt;&gt;</a>&nbsp;&nbsp;&nbsp;Patrol_Scan
<LI><a href="#[14cde30]">&gt;&gt;</a>&nbsp;&nbsp;&nbsp;PanoramScan
<LI><a href="#[14cde78]">&gt;&gt;</a>&nbsp;&nbsp;&nbsp;Auto_Scan
<LI><a href="#[14cdf08]">&gt;&gt;</a>&nbsp;&nbsp;&nbsp;Pattern_Call
<LI><a href="#[153ac08]">&gt;&gt;</a>&nbsp;&nbsp;&nbsp;DomeParam_LoadPatternNum
<LI><a href="#[156ffe8]">&gt;&gt;</a>&nbsp;&nbsp;&nbsp;isPosInLimitzone
<LI><a href="#[1571ce0]">&gt;&gt;</a>&nbsp;&nbsp;&nbsp;Dome_PresetFlagClr
<LI><a href="#[1887908]">&gt;&gt;</a>&nbsp;&nbsp;&nbsp;rand
</UL>
<BR>[Called By]<UL><LI><a href="#[11ff640]">&gt;&gt;</a>&nbsp;&nbsp;&nbsp;fastdomemain
<LI><a href="#[15716b0]">&gt;&gt;</a>&nbsp;&nbsp;&nbsp;Alarming_Linkage
</UL>

<P><STRONG><a name="[144c068]"></a>AutoMotion_Stop</STRONG> (Thumb, 172 bytes, Stack size 24 bytes, autoacting.o(i.AutoMotion_Stop))
<BR><BR>[Stack]<UL><LI>Max Depth = 172<LI>Call Chain = AutoMotion_Stop &rArr; Pattern_Stop &rArr; DomeParam_LoadMotion &rArr; I2C_EE_BufferRead &rArr; I2C_Configuration &rArr; I2C_Init &rArr; RCC_GetClocksFreq
</UL>
<BR>[Calls]<UL><LI><a href="#[12f20a8]">&gt;&gt;</a>&nbsp;&nbsp;&nbsp;Motor_Stop_Tilt
<LI><a href="#[12f20f0]">&gt;&gt;</a>&nbsp;&nbsp;&nbsp;Motor_Stop_Pan
<LI><a href="#[12f8088]">&gt;&gt;</a>&nbsp;&nbsp;&nbsp;DomeParam_LoadMotion
<LI><a href="#[14cdde8]">&gt;&gt;</a>&nbsp;&nbsp;&nbsp;PanoramScanStop
<LI><a href="#[14cdec0]">&gt;&gt;</a>&nbsp;&nbsp;&nbsp;Pattern_Stop
<LI><a href="#[1571ce0]">&gt;&gt;</a>&nbsp;&nbsp;&nbsp;Dome_PresetFlagClr
</UL>
<BR>[Called By]<UL><LI><a href="#[11ff640]">&gt;&gt;</a>&nbsp;&nbsp;&nbsp;fastdomemain
<LI><a href="#[15716b0]">&gt;&gt;</a>&nbsp;&nbsp;&nbsp;Alarming_Linkage
<LI><a href="#[15717d0]">&gt;&gt;</a>&nbsp;&nbsp;&nbsp;doMessage
</UL>

<P><STRONG><a name="[1571620]"></a>Auto_Flip_Pan</STRONG> (Thumb, 158 bytes, Stack size 12 bytes, stepmotor.o(i.Auto_Flip_Pan))
<BR><BR>[Stack]<UL><LI>Max Depth = 20<LI>Call Chain = Auto_Flip_Pan &rArr; isPosInLimitzone
</UL>
<BR>[Calls]<UL><LI><a href="#[156ffe8]">&gt;&gt;</a>&nbsp;&nbsp;&nbsp;isPosInLimitzone
</UL>
<BR>[Called By]<UL><LI><a href="#[d371d8]">&gt;&gt;</a>&nbsp;&nbsp;&nbsp;do_tilt
<LI><a href="#[15717d0]">&gt;&gt;</a>&nbsp;&nbsp;&nbsp;doMessage
</UL>

<P><STRONG><a name="[14cde78]"></a>Auto_Scan</STRONG> (Thumb, 492 bytes, Stack size 40 bytes, stepmotor.o(i.Auto_Scan))
<BR><BR>[Stack]<UL><LI>Max Depth = 40<LI>Call Chain = Auto_Scan
</UL>
<BR>[Calls]<UL><LI><a href="#[14c1270]">&gt;&gt;</a>&nbsp;&nbsp;&nbsp;getScanZone
</UL>
<BR>[Called By]<UL><LI><a href="#[1571668]">&gt;&gt;</a>&nbsp;&nbsp;&nbsp;AutoActing_Scheduler
</UL>

<P><STRONG><a name="[154bc38]"></a>BKP_DeInit</STRONG> (Thumb, 18 bytes, Stack size 8 bytes, stm32f10x_bkp.o(i.BKP_DeInit))
<BR><BR>[Stack]<UL><LI>Max Depth = 8<LI>Call Chain = BKP_DeInit
</UL>
<BR>[Calls]<UL><LI><a href="#[14a4378]">&gt;&gt;</a>&nbsp;&nbsp;&nbsp;RCC_BackupResetCmd
</UL>
<BR>[Called By]<UL><LI><a href="#[154be78]">&gt;&gt;</a>&nbsp;&nbsp;&nbsp;RTC_Configuration
</UL>

<P><STRONG><a name="[154bbf0]"></a>BKP_ReadBackupRegister</STRONG> (Thumb, 10 bytes, Stack size 0 bytes, stm32f10x_bkp.o(i.BKP_ReadBackupRegister))
<BR><BR>[Called By]<UL><LI><a href="#[d37388]">&gt;&gt;</a>&nbsp;&nbsp;&nbsp;RTC_Isr
<LI><a href="#[11ff838]">&gt;&gt;</a>&nbsp;&nbsp;&nbsp;RTC_Init
<LI><a href="#[154bde8]">&gt;&gt;</a>&nbsp;&nbsp;&nbsp;RtcConvertDate
</UL>

<P><STRONG><a name="[154bba8]"></a>BKP_WriteBackupRegister</STRONG> (Thumb, 10 bytes, Stack size 0 bytes, stm32f10x_bkp.o(i.BKP_WriteBackupRegister))
<BR><BR>[Called By]<UL><LI><a href="#[d37388]">&gt;&gt;</a>&nbsp;&nbsp;&nbsp;RTC_Isr
<LI><a href="#[11ff838]">&gt;&gt;</a>&nbsp;&nbsp;&nbsp;RTC_Init
<LI><a href="#[154bd58]">&gt;&gt;</a>&nbsp;&nbsp;&nbsp;RtcSetDate
</UL>

<P><STRONG><a name="[d38780]"></a>BusFaultException</STRONG> (Thumb, 2 bytes, Stack size 0 bytes, stm32f10x_it.o(i.BusFaultException))
<BR><BR>[Calls]<UL><LI><a href="#[d38780]">&gt;&gt;</a>&nbsp;&nbsp;&nbsp;BusFaultException
</UL>
<BR>[Called By]<UL><LI><a href="#[d38780]">&gt;&gt;</a>&nbsp;&nbsp;&nbsp;BusFaultException
</UL>
<BR>[Address Reference Count : 1]<UL><LI> stm32f10x_vector.o(RESET)
</UL>
<P><STRONG><a name="[d38738]"></a>CAN_RX1_IRQHandler</STRONG> (Thumb, 2 bytes, Stack size 0 bytes, stm32f10x_it.o(i.CAN_RX1_IRQHandler))
<BR>[Address Reference Count : 1]<UL><LI> stm32f10x_vector.o(RESET)
</UL>
<P><STRONG><a name="[d386f0]"></a>CAN_SCE_IRQHandler</STRONG> (Thumb, 2 bytes, Stack size 0 bytes, stm32f10x_it.o(i.CAN_SCE_IRQHandler))
<BR>[Address Reference Count : 1]<UL><LI> stm32f10x_vector.o(RESET)
</UL>
<P><STRONG><a name="[1571d70]"></a>Camera_DomeModel_Check</STRONG> (Thumb, 874 bytes, Stack size 40 bytes, fastdome.o(i.Camera_DomeModel_Check))
<BR><BR>[Stack]<UL><LI>Max Depth = 184<LI>Call Chain = Camera_DomeModel_Check &rArr; DomeDraw_ManChk &rArr; DisplayOSD &rArr; disp_num &rArr; Send_Byte
</UL>
<BR>[Calls]<UL><LI><a href="#[1438558]">&gt;&gt;</a>&nbsp;&nbsp;&nbsp;DomeDraw_ManChk
<LI><a href="#[1570a08]">&gt;&gt;</a>&nbsp;&nbsp;&nbsp;DomeCamera_GetCamVersion
</UL>
<BR>[Called By]<UL><LI><a href="#[11ff640]">&gt;&gt;</a>&nbsp;&nbsp;&nbsp;fastdomemain
</UL>

<P><STRONG><a name="[1533808]"></a>Check_Pulse</STRONG> (Thumb, 144 bytes, Stack size 16 bytes, gpio.o(i.Check_Pulse))
<BR><BR>[Stack]<UL><LI>Max Depth = 28<LI>Call Chain = Check_Pulse &rArr; PulseWrite
</UL>
<BR>[Calls]<UL><LI><a href="#[1533580]">&gt;&gt;</a>&nbsp;&nbsp;&nbsp;PulseWrite
</UL>
<BR>[Called By]<UL><LI><a href="#[1533538]">&gt;&gt;</a>&nbsp;&nbsp;&nbsp;_485_Baud_Check
</UL>

<P><STRONG><a name="[1567020]"></a>ChooseAlarm</STRONG> (Thumb, 236 bytes, Stack size 32 bytes, alarm.o(i.ChooseAlarm))
<BR><BR>[Stack]<UL><LI>Max Depth = 56<LI>Call Chain = ChooseAlarm &rArr; PutOut
</UL>
<BR>[Calls]<UL><LI><a href="#[1566f90]">&gt;&gt;</a>&nbsp;&nbsp;&nbsp;SwitchPtr
<LI><a href="#[1566fd8]">&gt;&gt;</a>&nbsp;&nbsp;&nbsp;PutOut
</UL>
<BR>[Called By]<UL><LI><a href="#[15716b0]">&gt;&gt;</a>&nbsp;&nbsp;&nbsp;Alarming_Linkage
</UL>

<P><STRONG><a name="[152a380]"></a>Clear_SubWind</STRONG> (Thumb, 96 bytes, Stack size 16 bytes, osd.o(i.Clear_SubWind))
<BR><BR>[Stack]<UL><LI>Max Depth = 40<LI>Call Chain = Clear_SubWind &rArr; Send_Byte
</UL>
<BR>[Calls]<UL><LI><a href="#[152a1d0]">&gt;&gt;</a>&nbsp;&nbsp;&nbsp;Send_Byte
</UL>
<BR>[Called By]<UL><LI><a href="#[152a2f0]">&gt;&gt;</a>&nbsp;&nbsp;&nbsp;Init_MB90092
</UL>

<P><STRONG><a name="[152a338]"></a>Clear_Wind</STRONG> (Thumb, 44 bytes, Stack size 32 bytes, osd.o(i.Clear_Wind))
<BR><BR>[Stack]<UL><LI>Max Depth = 96<LI>Call Chain = Clear_Wind &rArr; disp_num &rArr; Send_Byte
</UL>
<BR>[Calls]<UL><LI><a href="#[152a188]">&gt;&gt;</a>&nbsp;&nbsp;&nbsp;disp_num
</UL>
<BR>[Called By]<UL><LI><a href="#[152a2f0]">&gt;&gt;</a>&nbsp;&nbsp;&nbsp;Init_MB90092
</UL>

<P><STRONG><a name="[12f22a0]"></a>Clk_Set</STRONG> (Thumb, 82 bytes, Stack size 32 bytes, rtc.o(i.Clk_Set))
<BR><BR>[Stack]<UL><LI>Max Depth = 52<LI>Call Chain = Clk_Set &rArr; SetDateTime &rArr; RtcSetTime &rArr; RTC_SetCounter
</UL>
<BR>[Calls]<UL><LI><a href="#[14380d8]">&gt;&gt;</a>&nbsp;&nbsp;&nbsp;GetWeek
<LI><a href="#[154bcc8]">&gt;&gt;</a>&nbsp;&nbsp;&nbsp;SetDateTime
</UL>
<BR>[Called By]<UL><LI><a href="#[11ff640]">&gt;&gt;</a>&nbsp;&nbsp;&nbsp;fastdomemain
<LI><a href="#[12f2570]">&gt;&gt;</a>&nbsp;&nbsp;&nbsp;_DomesetparamCtrlDate
</UL>

<P><STRONG><a name="[15255f0]"></a>Command_Parse</STRONG> (Thumb, 3538 bytes, Stack size 104 bytes, protocol.o(i.Command_Parse))
<BR><BR>[Stack]<UL><LI>Max Depth = 104<LI>Call Chain = Command_Parse
</UL>
<BR>[Calls]<UL><LI><a href="#[15252d8]">&gt;&gt;</a>&nbsp;&nbsp;&nbsp;getSpeedTilt
<LI><a href="#[1525320]">&gt;&gt;</a>&nbsp;&nbsp;&nbsp;getSpeedPan
<LI><a href="#[1525368]">&gt;&gt;</a>&nbsp;&nbsp;&nbsp;getCommand
<LI><a href="#[15253b0]">&gt;&gt;</a>&nbsp;&nbsp;&nbsp;getAddress
<LI><a href="#[15253f8]">&gt;&gt;</a>&nbsp;&nbsp;&nbsp;ViconToPelcoSpeed
</UL>
<BR>[Called By]<UL><LI><a href="#[11ff640]">&gt;&gt;</a>&nbsp;&nbsp;&nbsp;fastdomemain
</UL>

<P><STRONG><a name="[15255a8]"></a>Command_Trans</STRONG> (Thumb, 1174 bytes, Stack size 48 bytes, protocol.o(i.Command_Trans))
<BR><BR>[Stack]<UL><LI>Max Depth = 48<LI>Call Chain = Command_Trans
</UL>
<BR>[Called By]<UL><LI><a href="#[11ff640]">&gt;&gt;</a>&nbsp;&nbsp;&nbsp;fastdomemain
</UL>

<P><STRONG><a name="[14bb198]"></a>DAC_Cmd</STRONG> (Thumb, 24 bytes, Stack size 0 bytes, stm32f10x_dac.o(i.DAC_Cmd))
<BR><BR>[Called By]<UL><LI><a href="#[11ffef8]">&gt;&gt;</a>&nbsp;&nbsp;&nbsp;DAC_Configuration
</UL>

<P><STRONG><a name="[11ffef8]"></a>DAC_Configuration</STRONG> (Thumb, 44 bytes, Stack size 24 bytes, dac.o(i.DAC_Configuration))
<BR><BR>[Stack]<UL><LI>Max Depth = 40<LI>Call Chain = DAC_Configuration &rArr; DAC_Init
</UL>
<BR>[Calls]<UL><LI><a href="#[14bb108]">&gt;&gt;</a>&nbsp;&nbsp;&nbsp;DAC_Init
<LI><a href="#[14bb198]">&gt;&gt;</a>&nbsp;&nbsp;&nbsp;DAC_Cmd
</UL>
<BR>[Called By]<UL><LI><a href="#[11fff88]">&gt;&gt;</a>&nbsp;&nbsp;&nbsp;main
</UL>

<P><STRONG><a name="[14bb150]"></a>DAC_DualSoftwareTriggerCmd</STRONG> (Thumb, 26 bytes, Stack size 0 bytes, stm32f10x_dac.o(i.DAC_DualSoftwareTriggerCmd))
<BR><BR>[Called By]<UL><LI><a href="#[1570150]">&gt;&gt;</a>&nbsp;&nbsp;&nbsp;do_DAC_pan
</UL>

<P><STRONG><a name="[14bb108]"></a>DAC_Init</STRONG> (Thumb, 36 bytes, Stack size 16 bytes, stm32f10x_dac.o(i.DAC_Init))
<BR><BR>[Stack]<UL><LI>Max Depth = 16<LI>Call Chain = DAC_Init
</UL>
<BR>[Called By]<UL><LI><a href="#[11ffef8]">&gt;&gt;</a>&nbsp;&nbsp;&nbsp;DAC_Configuration
</UL>

<P><STRONG><a name="[14bb0c0]"></a>DAC_SetDualChannelData</STRONG> (Thumb, 24 bytes, Stack size 0 bytes, stm32f10x_dac.o(i.DAC_SetDualChannelData))
<BR><BR>[Called By]<UL><LI><a href="#[1570150]">&gt;&gt;</a>&nbsp;&nbsp;&nbsp;do_DAC_pan
</UL>

<P><STRONG><a name="[14c1618]"></a>DAC_Transfer_Pan</STRONG> (Thumb, 78 bytes, Stack size 8 bytes, stepmotor.o(i.DAC_Transfer_Pan))
<BR><BR>[Stack]<UL><LI>Max Depth = 16<LI>Call Chain = DAC_Transfer_Pan &rArr; do_DAC_pan
</UL>
<BR>[Calls]<UL><LI><a href="#[1570150]">&gt;&gt;</a>&nbsp;&nbsp;&nbsp;do_DAC_pan
</UL>
<BR>[Called By]<UL><LI><a href="#[d37220]">&gt;&gt;</a>&nbsp;&nbsp;&nbsp;do_pan
</UL>

<P><STRONG><a name="[14c15d0]"></a>DAC_Transfer_Tilt</STRONG> (Thumb, 14 bytes, Stack size 0 bytes, stepmotor.o(i.DAC_Transfer_Tilt))
<BR><BR>[Stack]<UL><LI>Max Depth = 32<LI>Call Chain = DAC_Transfer_Tilt &rArr; do_DAC_tilt &rArr; Send_SPI_DA
</UL>
<BR>[Calls]<UL><LI><a href="#[1570108]">&gt;&gt;</a>&nbsp;&nbsp;&nbsp;do_DAC_tilt
</UL>
<BR>[Called By]<UL><LI><a href="#[d371d8]">&gt;&gt;</a>&nbsp;&nbsp;&nbsp;do_tilt
</UL>

<P><STRONG><a name="[d386a8]"></a>DMA1_Channel1_IRQHandler</STRONG> (Thumb, 2 bytes, Stack size 0 bytes, stm32f10x_it.o(i.DMA1_Channel1_IRQHandler))
<BR>[Address Reference Count : 1]<UL><LI> stm32f10x_vector.o(RESET)
</UL>
<P><STRONG><a name="[d38660]"></a>DMA1_Channel2_IRQHandler</STRONG> (Thumb, 2 bytes, Stack size 0 bytes, stm32f10x_it.o(i.DMA1_Channel2_IRQHandler))
<BR>[Address Reference Count : 1]<UL><LI> stm32f10x_vector.o(RESET)
</UL>
<P><STRONG><a name="[d38618]"></a>DMA1_Channel3_IRQHandler</STRONG> (Thumb, 2 bytes, Stack size 0 bytes, stm32f10x_it.o(i.DMA1_Channel3_IRQHandler))
<BR>[Address Reference Count : 1]<UL><LI> stm32f10x_vector.o(RESET)
</UL>
<P><STRONG><a name="[d385d0]"></a>DMA1_Channel4_IRQHandler</STRONG> (Thumb, 2 bytes, Stack size 0 bytes, stm32f10x_it.o(i.DMA1_Channel4_IRQHandler))
<BR>[Address Reference Count : 1]<UL><LI> stm32f10x_vector.o(RESET)
</UL>
<P><STRONG><a name="[d38588]"></a>DMA1_Channel5_IRQHandler</STRONG> (Thumb, 2 bytes, Stack size 0 bytes, stm32f10x_it.o(i.DMA1_Channel5_IRQHandler))
<BR>[Address Reference Count : 1]<UL><LI> stm32f10x_vector.o(RESET)
</UL>
<P><STRONG><a name="[d38540]"></a>DMA1_Channel6_IRQHandler</STRONG> (Thumb, 2 bytes, Stack size 0 bytes, stm32f10x_it.o(i.DMA1_Channel6_IRQHandler))
<BR>[Address Reference Count : 1]<UL><LI> stm32f10x_vector.o(RESET)
</UL>
<P><STRONG><a name="[d384f8]"></a>DMA1_Channel7_IRQHandler</STRONG> (Thumb, 2 bytes, Stack size 0 bytes, stm32f10x_it.o(i.DMA1_Channel7_IRQHandler))
<BR>[Address Reference Count : 1]<UL><LI> stm32f10x_vector.o(RESET)
</UL>
<P><STRONG><a name="[d384b0]"></a>DMA2_Channel1_IRQHandler</STRONG> (Thumb, 2 bytes, Stack size 0 bytes, stm32f10x_it.o(i.DMA2_Channel1_IRQHandler))
<BR>[Address Reference Count : 1]<UL><LI> stm32f10x_vector.o(RESET)
</UL>
<P><STRONG><a name="[d38468]"></a>DMA2_Channel2_IRQHandler</STRONG> (Thumb, 2 bytes, Stack size 0 bytes, stm32f10x_it.o(i.DMA2_Channel2_IRQHandler))
<BR>[Address Reference Count : 1]<UL><LI> stm32f10x_vector.o(RESET)
</UL>
<P><STRONG><a name="[d38420]"></a>DMA2_Channel3_IRQHandler</STRONG> (Thumb, 2 bytes, Stack size 0 bytes, stm32f10x_it.o(i.DMA2_Channel3_IRQHandler))
<BR>[Address Reference Count : 1]<UL><LI> stm32f10x_vector.o(RESET)
</UL>
<P><STRONG><a name="[d383d8]"></a>DMA2_Channel4_5_IRQHandler</STRONG> (Thumb, 2 bytes, Stack size 0 bytes, stm32f10x_it.o(i.DMA2_Channel4_5_IRQHandler))
<BR>[Address Reference Count : 1]<UL><LI> stm32f10x_vector.o(RESET)
</UL>
<P><STRONG><a name="[156a708]"></a>DMA_Cmd</STRONG> (Thumb, 20 bytes, Stack size 0 bytes, stm32f10x_dma.o(i.DMA_Cmd))
<BR><BR>[Called By]<UL><LI><a href="#[11fff40]">&gt;&gt;</a>&nbsp;&nbsp;&nbsp;ADC_Configuration
</UL>

<P><STRONG><a name="[156a6c0]"></a>DMA_DeInit</STRONG> (Thumb, 210 bytes, Stack size 0 bytes, stm32f10x_dma.o(i.DMA_DeInit))
<BR><BR>[Called By]<UL><LI><a href="#[11fff40]">&gt;&gt;</a>&nbsp;&nbsp;&nbsp;ADC_Configuration
</UL>

<P><STRONG><a name="[156a678]"></a>DMA_Init</STRONG> (Thumb, 58 bytes, Stack size 16 bytes, stm32f10x_dma.o(i.DMA_Init))
<BR><BR>[Stack]<UL><LI>Max Depth = 16<LI>Call Chain = DMA_Init
</UL>
<BR>[Called By]<UL><LI><a href="#[11fff40]">&gt;&gt;</a>&nbsp;&nbsp;&nbsp;ADC_Configuration
</UL>

<P><STRONG><a name="[d38390]"></a>DebugMonitor</STRONG> (Thumb, 2 bytes, Stack size 0 bytes, stm32f10x_it.o(i.DebugMonitor))
<BR>[Address Reference Count : 1]<UL><LI> stm32f10x_vector.o(RESET)
</UL>
<P><STRONG><a name="[12f8118]"></a>DisplayOSD</STRONG> (Thumb, 174 bytes, Stack size 72 bytes, osd.o(i.DisplayOSD))
<BR><BR>[Stack]<UL><LI>Max Depth = 136<LI>Call Chain = DisplayOSD &rArr; disp_num &rArr; Send_Byte
</UL>
<BR>[Calls]<UL><LI><a href="#[152a188]">&gt;&gt;</a>&nbsp;&nbsp;&nbsp;disp_num
<LI><a href="#[152a1d0]">&gt;&gt;</a>&nbsp;&nbsp;&nbsp;Send_Byte
</UL>
<BR>[Called By]<UL><LI><a href="#[11ff640]">&gt;&gt;</a>&nbsp;&nbsp;&nbsp;fastdomemain
<LI><a href="#[12e9438]">&gt;&gt;</a>&nbsp;&nbsp;&nbsp;_MainCtrlChangeLanguage
<LI><a href="#[12f8670]">&gt;&gt;</a>&nbsp;&nbsp;&nbsp;LimitKeyRecord
<LI><a href="#[1438360]">&gt;&gt;</a>&nbsp;&nbsp;&nbsp;DomeDraw_SystemInfo
<LI><a href="#[14383a8]">&gt;&gt;</a>&nbsp;&nbsp;&nbsp;DomeDraw_Series
<LI><a href="#[1438558]">&gt;&gt;</a>&nbsp;&nbsp;&nbsp;DomeDraw_ManChk
<LI><a href="#[15717d0]">&gt;&gt;</a>&nbsp;&nbsp;&nbsp;doMessage
<LI><a href="#[1571a10]">&gt;&gt;</a>&nbsp;&nbsp;&nbsp;InputPassWord
</UL>

<P><STRONG><a name="[12cf780]"></a>DomeCamera_BackLightLevel</STRONG> (Thumb, 178 bytes, Stack size 16 bytes, dome_camera.o(i.DomeCamera_BackLightLevel))
<BR><BR>[Stack]<UL><LI>Max Depth = 48<LI>Call Chain = DomeCamera_BackLightLevel &rArr; Dome_CameraCmd
</UL>
<BR>[Calls]<UL><LI><a href="#[14d9b00]">&gt;&gt;</a>&nbsp;&nbsp;&nbsp;HextoAnsii
<LI><a href="#[14d9b48]">&gt;&gt;</a>&nbsp;&nbsp;&nbsp;GetSanYoChecksum
<LI><a href="#[14d9bd8]">&gt;&gt;</a>&nbsp;&nbsp;&nbsp;Dome_CameraCmd
</UL>
<BR>[Called By]<UL><LI><a href="#[12cfdb0]">&gt;&gt;</a>&nbsp;&nbsp;&nbsp;_DomeSetCameraCtrlBacklightLevel
</UL>

<P><STRONG><a name="[1570a08]"></a>DomeCamera_GetCamVersion</STRONG> (Thumb, 1126 bytes, Stack size 40 bytes, dome_camera.o(i.DomeCamera_GetCamVersion))
<BR><BR>[Stack]<UL><LI>Max Depth = 116<LI>Call Chain = DomeCamera_GetCamVersion &rArr; USART3_Init &rArr; USART_Init &rArr; RCC_GetClocksFreq
</UL>
<BR>[Calls]<UL><LI><a href="#[11fbb50]">&gt;&gt;</a>&nbsp;&nbsp;&nbsp;WaitFlagTimeout
<LI><a href="#[11ff688]">&gt;&gt;</a>&nbsp;&nbsp;&nbsp;WaitTime
<LI><a href="#[12f2138]">&gt;&gt;</a>&nbsp;&nbsp;&nbsp;Dome_Reboot
<LI><a href="#[14d99e0]">&gt;&gt;</a>&nbsp;&nbsp;&nbsp;USART3_Init
<LI><a href="#[14d9b00]">&gt;&gt;</a>&nbsp;&nbsp;&nbsp;HextoAnsii
<LI><a href="#[14d9b48]">&gt;&gt;</a>&nbsp;&nbsp;&nbsp;GetSanYoChecksum
<LI><a href="#[14d9bd8]">&gt;&gt;</a>&nbsp;&nbsp;&nbsp;Dome_CameraCmd
<LI><a href="#[14da130]">&gt;&gt;</a>&nbsp;&nbsp;&nbsp;AnsiitoHex
</UL>
<BR>[Called By]<UL><LI><a href="#[1571d70]">&gt;&gt;</a>&nbsp;&nbsp;&nbsp;Camera_DomeModel_Check
</UL>

<P><STRONG><a name="[14da010]"></a>DomeCamera_GetInqDataCmd</STRONG> (Thumb, 382 bytes, Stack size 40 bytes, dome_camera.o(i.DomeCamera_GetInqDataCmd))
<BR><BR>[Stack]<UL><LI>Max Depth = 72<LI>Call Chain = DomeCamera_GetInqDataCmd &rArr; Dome_CameraCmd
</UL>
<BR>[Calls]<UL><LI><a href="#[11fbb50]">&gt;&gt;</a>&nbsp;&nbsp;&nbsp;WaitFlagTimeout
<LI><a href="#[14d9b00]">&gt;&gt;</a>&nbsp;&nbsp;&nbsp;HextoAnsii
<LI><a href="#[14d9b48]">&gt;&gt;</a>&nbsp;&nbsp;&nbsp;GetSanYoChecksum
<LI><a href="#[14d9bd8]">&gt;&gt;</a>&nbsp;&nbsp;&nbsp;Dome_CameraCmd
</UL>
<BR>[Called By]<UL><LI><a href="#[14d9f80]">&gt;&gt;</a>&nbsp;&nbsp;&nbsp;DomeCamera_GetWideLimit
<LI><a href="#[14d9fc8]">&gt;&gt;</a>&nbsp;&nbsp;&nbsp;DomeCamera_GetTeleLimit
<LI><a href="#[153a9c8]">&gt;&gt;</a>&nbsp;&nbsp;&nbsp;DomeCamera_GetZoomValue
</UL>

<P><STRONG><a name="[14d9fc8]"></a>DomeCamera_GetTeleLimit</STRONG> (Thumb, 88 bytes, Stack size 16 bytes, dome_camera.o(i.DomeCamera_GetTeleLimit))
<BR><BR>[Stack]<UL><LI>Max Depth = 88<LI>Call Chain = DomeCamera_GetTeleLimit &rArr; DomeCamera_GetInqDataCmd &rArr; Dome_CameraCmd
</UL>
<BR>[Calls]<UL><LI><a href="#[14da010]">&gt;&gt;</a>&nbsp;&nbsp;&nbsp;DomeCamera_GetInqDataCmd
<LI><a href="#[14da130]">&gt;&gt;</a>&nbsp;&nbsp;&nbsp;AnsiitoHex
</UL>
<BR>[Called By]<UL><LI><a href="#[1570618]">&gt;&gt;</a>&nbsp;&nbsp;&nbsp;InitCamera
</UL>

<P><STRONG><a name="[14d9f80]"></a>DomeCamera_GetWideLimit</STRONG> (Thumb, 88 bytes, Stack size 16 bytes, dome_camera.o(i.DomeCamera_GetWideLimit))
<BR><BR>[Stack]<UL><LI>Max Depth = 88<LI>Call Chain = DomeCamera_GetWideLimit &rArr; DomeCamera_GetInqDataCmd &rArr; Dome_CameraCmd
</UL>
<BR>[Calls]<UL><LI><a href="#[14da010]">&gt;&gt;</a>&nbsp;&nbsp;&nbsp;DomeCamera_GetInqDataCmd
<LI><a href="#[14da130]">&gt;&gt;</a>&nbsp;&nbsp;&nbsp;AnsiitoHex
</UL>
<BR>[Called By]<UL><LI><a href="#[1570618]">&gt;&gt;</a>&nbsp;&nbsp;&nbsp;InitCamera
</UL>

<P><STRONG><a name="[15709c0]"></a>DomeCamera_GetZoom</STRONG> (Thumb, 8 bytes, Stack size 0 bytes, dome_camera.o(i.DomeCamera_GetZoom))
<BR><BR>[Stack]<UL><LI>Max Depth = 28<LI>Call Chain = DomeCamera_GetZoom &rArr; DomeCamera_GetZoomFCB
</UL>
<BR>[Calls]<UL><LI><a href="#[14d9f38]">&gt;&gt;</a>&nbsp;&nbsp;&nbsp;DomeCamera_GetZoomFCB
</UL>
<BR>[Called By]<UL><LI><a href="#[11ff640]">&gt;&gt;</a>&nbsp;&nbsp;&nbsp;fastdomemain
<LI><a href="#[14c1420]">&gt;&gt;</a>&nbsp;&nbsp;&nbsp;ProportinalZoom
</UL>

<P><STRONG><a name="[14d9f38]"></a>DomeCamera_GetZoomFCB</STRONG> (Thumb, 410 bytes, Stack size 28 bytes, dome_camera.o(i.DomeCamera_GetZoomFCB))
<BR><BR>[Stack]<UL><LI>Max Depth = 28<LI>Call Chain = DomeCamera_GetZoomFCB
</UL>
<BR>[Called By]<UL><LI><a href="#[15709c0]">&gt;&gt;</a>&nbsp;&nbsp;&nbsp;DomeCamera_GetZoom
</UL>

<P><STRONG><a name="[153a9c8]"></a>DomeCamera_GetZoomValue</STRONG> (Thumb, 320 bytes, Stack size 24 bytes, dome_camera.o(i.DomeCamera_GetZoomValue))
<BR><BR>[Stack]<UL><LI>Max Depth = 96<LI>Call Chain = DomeCamera_GetZoomValue &rArr; DomeCamera_GetInqDataCmd &rArr; Dome_CameraCmd
</UL>
<BR>[Calls]<UL><LI><a href="#[14da010]">&gt;&gt;</a>&nbsp;&nbsp;&nbsp;DomeCamera_GetInqDataCmd
<LI><a href="#[14da130]">&gt;&gt;</a>&nbsp;&nbsp;&nbsp;AnsiitoHex
</UL>
<BR>[Called By]<UL><LI><a href="#[11ff640]">&gt;&gt;</a>&nbsp;&nbsp;&nbsp;fastdomemain
<LI><a href="#[12f21c8]">&gt;&gt;</a>&nbsp;&nbsp;&nbsp;DomeParam_SavePreset
</UL>

<P><STRONG><a name="[14d9ea8]"></a>DomeCamera_SetApertureValue</STRONG> (Thumb, 210 bytes, Stack size 32 bytes, dome_camera.o(i.DomeCamera_SetApertureValue))
<BR><BR>[Stack]<UL><LI>Max Depth = 64<LI>Call Chain = DomeCamera_SetApertureValue &rArr; Dome_CameraCmd
</UL>
<BR>[Calls]<UL><LI><a href="#[11ff688]">&gt;&gt;</a>&nbsp;&nbsp;&nbsp;WaitTime
<LI><a href="#[14d9b48]">&gt;&gt;</a>&nbsp;&nbsp;&nbsp;GetSanYoChecksum
<LI><a href="#[14d9bd8]">&gt;&gt;</a>&nbsp;&nbsp;&nbsp;Dome_CameraCmd
</UL>
<BR>[Called By]<UL><LI><a href="#[12cf348]">&gt;&gt;</a>&nbsp;&nbsp;&nbsp;DomeCamera_SetSharpnessLevel
</UL>

<P><STRONG><a name="[12cf738]"></a>DomeCamera_SetAutoFocus</STRONG> (Thumb, 188 bytes, Stack size 16 bytes, dome_camera.o(i.DomeCamera_SetAutoFocus))
<BR><BR>[Stack]<UL><LI>Max Depth = 88<LI>Call Chain = DomeCamera_SetAutoFocus &rArr; DomeCamera_Setting &rArr; Dome_CameraCmd
</UL>
<BR>[Calls]<UL><LI><a href="#[14d9c20]">&gt;&gt;</a>&nbsp;&nbsp;&nbsp;DomeCamera_Setting
</UL>
<BR>[Called By]<UL><LI><a href="#[12cf8e8]">&gt;&gt;</a>&nbsp;&nbsp;&nbsp;_DomeSetCameraCtrlZoomlimit
<LI><a href="#[12cfe88]">&gt;&gt;</a>&nbsp;&nbsp;&nbsp;_DomeSetCameraCtrlAutofocus
<LI><a href="#[14d9b90]">&gt;&gt;</a>&nbsp;&nbsp;&nbsp;Focus_Stop
<LI><a href="#[1570618]">&gt;&gt;</a>&nbsp;&nbsp;&nbsp;InitCamera
<LI><a href="#[1570858]">&gt;&gt;</a>&nbsp;&nbsp;&nbsp;Focus_Near
<LI><a href="#[15708a0]">&gt;&gt;</a>&nbsp;&nbsp;&nbsp;Focus_Far
</UL>

<P><STRONG><a name="[12cf6f0]"></a>DomeCamera_SetBackLight</STRONG> (Thumb, 294 bytes, Stack size 24 bytes, dome_camera.o(i.DomeCamera_SetBackLight))
<BR><BR>[Stack]<UL><LI>Max Depth = 96<LI>Call Chain = DomeCamera_SetBackLight &rArr; DomeCamera_Setting &rArr; Dome_CameraCmd
</UL>
<BR>[Calls]<UL><LI><a href="#[14d9c20]">&gt;&gt;</a>&nbsp;&nbsp;&nbsp;DomeCamera_Setting
</UL>
<BR>[Called By]<UL><LI><a href="#[12cfc90]">&gt;&gt;</a>&nbsp;&nbsp;&nbsp;_DomeSetCameraCtrlExposureMode
<LI><a href="#[12cfdf8]">&gt;&gt;</a>&nbsp;&nbsp;&nbsp;_DomeSetCameraCtrlBacklight
<LI><a href="#[1570618]">&gt;&gt;</a>&nbsp;&nbsp;&nbsp;InitCamera
</UL>

<P><STRONG><a name="[14d9e60]"></a>DomeCamera_SetBgainValue</STRONG> (Thumb, 386 bytes, Stack size 32 bytes, dome_camera.o(i.DomeCamera_SetBgainValue))
<BR><BR>[Stack]<UL><LI>Max Depth = 64<LI>Call Chain = DomeCamera_SetBgainValue &rArr; Dome_CameraCmd
</UL>
<BR>[Calls]<UL><LI><a href="#[14d9b00]">&gt;&gt;</a>&nbsp;&nbsp;&nbsp;HextoAnsii
<LI><a href="#[14d9b48]">&gt;&gt;</a>&nbsp;&nbsp;&nbsp;GetSanYoChecksum
<LI><a href="#[14d9bd8]">&gt;&gt;</a>&nbsp;&nbsp;&nbsp;Dome_CameraCmd
</UL>
<BR>[Called By]<UL><LI><a href="#[12cf1e0]">&gt;&gt;</a>&nbsp;&nbsp;&nbsp;DomeCamera_SetbGain
</UL>

<P><STRONG><a name="[142cb50]"></a>DomeCamera_SetCameraFactoryValue</STRONG> (Thumb, 168 bytes, Stack size 16 bytes, dome_camera.o(i.DomeCamera_SetCameraFactoryValue))
<BR><BR>[Stack]<UL><LI>Max Depth = 48<LI>Call Chain = DomeCamera_SetCameraFactoryValue &rArr; Dome_CameraCmd
</UL>
<BR>[Calls]<UL><LI><a href="#[14d9b00]">&gt;&gt;</a>&nbsp;&nbsp;&nbsp;HextoAnsii
<LI><a href="#[14d9b48]">&gt;&gt;</a>&nbsp;&nbsp;&nbsp;GetSanYoChecksum
<LI><a href="#[14d9bd8]">&gt;&gt;</a>&nbsp;&nbsp;&nbsp;Dome_CameraCmd
</UL>
<BR>[Called By]<UL><LI><a href="#[12e94c8]">&gt;&gt;</a>&nbsp;&nbsp;&nbsp;_MainCtrlCameraPowerCyc
</UL>

<P><STRONG><a name="[14d9e18]"></a>DomeCamera_SetCameraOSDMode</STRONG> (Thumb, 60 bytes, Stack size 8 bytes, dome_camera.o(i.DomeCamera_SetCameraOSDMode))
<BR><BR>[Stack]<UL><LI>Max Depth = 80<LI>Call Chain = DomeCamera_SetCameraOSDMode &rArr; DomeCamera_Setting &rArr; Dome_CameraCmd
</UL>
<BR>[Calls]<UL><LI><a href="#[14d9c20]">&gt;&gt;</a>&nbsp;&nbsp;&nbsp;DomeCamera_Setting
</UL>
<BR>[Called By]<UL><LI><a href="#[1570618]">&gt;&gt;</a>&nbsp;&nbsp;&nbsp;InitCamera
</UL>

<P><STRONG><a name="[12cf6a8]"></a>DomeCamera_SetDzoomLimit</STRONG> (Thumb, 266 bytes, Stack size 16 bytes, dome_camera.o(i.DomeCamera_SetDzoomLimit))
<BR><BR>[Stack]<UL><LI>Max Depth = 48<LI>Call Chain = DomeCamera_SetDzoomLimit &rArr; Dome_CameraCmd
</UL>
<BR>[Calls]<UL><LI><a href="#[14d9b00]">&gt;&gt;</a>&nbsp;&nbsp;&nbsp;HextoAnsii
<LI><a href="#[14d9b48]">&gt;&gt;</a>&nbsp;&nbsp;&nbsp;GetSanYoChecksum
<LI><a href="#[14d9bd8]">&gt;&gt;</a>&nbsp;&nbsp;&nbsp;Dome_CameraCmd
</UL>
<BR>[Called By]<UL><LI><a href="#[12cf8e8]">&gt;&gt;</a>&nbsp;&nbsp;&nbsp;_DomeSetCameraCtrlZoomlimit
<LI><a href="#[1570618]">&gt;&gt;</a>&nbsp;&nbsp;&nbsp;InitCamera
</UL>

<P><STRONG><a name="[12cf660]"></a>DomeCamera_SetDzoomMode</STRONG> (Thumb, 60 bytes, Stack size 16 bytes, dome_camera.o(i.DomeCamera_SetDzoomMode))
<BR><BR>[Stack]<UL><LI>Max Depth = 88<LI>Call Chain = DomeCamera_SetDzoomMode &rArr; DomeCamera_Setting &rArr; Dome_CameraCmd
</UL>
<BR>[Calls]<UL><LI><a href="#[14d9c20]">&gt;&gt;</a>&nbsp;&nbsp;&nbsp;DomeCamera_Setting
</UL>
<BR>[Called By]<UL><LI><a href="#[12cf8e8]">&gt;&gt;</a>&nbsp;&nbsp;&nbsp;_DomeSetCameraCtrlZoomlimit
<LI><a href="#[1570618]">&gt;&gt;</a>&nbsp;&nbsp;&nbsp;InitCamera
</UL>

<P><STRONG><a name="[14d9dd0]"></a>DomeCamera_SetExpCompValue</STRONG> (Thumb, 202 bytes, Stack size 16 bytes, dome_camera.o(i.DomeCamera_SetExpCompValue))
<BR><BR>[Stack]<UL><LI>Max Depth = 48<LI>Call Chain = DomeCamera_SetExpCompValue &rArr; Dome_CameraCmd
</UL>
<BR>[Calls]<UL><LI><a href="#[14d9b00]">&gt;&gt;</a>&nbsp;&nbsp;&nbsp;HextoAnsii
<LI><a href="#[14d9b48]">&gt;&gt;</a>&nbsp;&nbsp;&nbsp;GetSanYoChecksum
<LI><a href="#[14d9bd8]">&gt;&gt;</a>&nbsp;&nbsp;&nbsp;Dome_CameraCmd
</UL>
<BR>[Called By]<UL><LI><a href="#[12cf618]">&gt;&gt;</a>&nbsp;&nbsp;&nbsp;DomeCamera_SetExpcomp
</UL>

<P><STRONG><a name="[12cf618]"></a>DomeCamera_SetExpcomp</STRONG> (Thumb, 68 bytes, Stack size 8 bytes, dome_camera.o(i.DomeCamera_SetExpcomp))
<BR><BR>[Stack]<UL><LI>Max Depth = 80<LI>Call Chain = DomeCamera_SetExpcomp &rArr; DomeCamera_Setting &rArr; Dome_CameraCmd
</UL>
<BR>[Calls]<UL><LI><a href="#[14d9c20]">&gt;&gt;</a>&nbsp;&nbsp;&nbsp;DomeCamera_Setting
<LI><a href="#[14d9dd0]">&gt;&gt;</a>&nbsp;&nbsp;&nbsp;DomeCamera_SetExpCompValue
</UL>
<BR>[Called By]<UL><LI><a href="#[12cfcd8]">&gt;&gt;</a>&nbsp;&nbsp;&nbsp;_DomeSetCameraCtrlExpcomp
<LI><a href="#[1570618]">&gt;&gt;</a>&nbsp;&nbsp;&nbsp;InitCamera
</UL>

<P><STRONG><a name="[12cf5d0]"></a>DomeCamera_SetExposureMode</STRONG> (Thumb, 202 bytes, Stack size 24 bytes, dome_camera.o(i.DomeCamera_SetExposureMode))
<BR><BR>[Stack]<UL><LI>Max Depth = 96<LI>Call Chain = DomeCamera_SetExposureMode &rArr; DomeCamera_Setting &rArr; Dome_CameraCmd
</UL>
<BR>[Calls]<UL><LI><a href="#[14d9c20]">&gt;&gt;</a>&nbsp;&nbsp;&nbsp;DomeCamera_Setting
</UL>
<BR>[Called By]<UL><LI><a href="#[12cfc90]">&gt;&gt;</a>&nbsp;&nbsp;&nbsp;_DomeSetCameraCtrlExposureMode
<LI><a href="#[1570618]">&gt;&gt;</a>&nbsp;&nbsp;&nbsp;InitCamera
</UL>

<P><STRONG><a name="[12cf588]"></a>DomeCamera_SetFocusMinimumLengthtemp</STRONG> (Thumb, 448 bytes, Stack size 24 bytes, dome_camera.o(i.DomeCamera_SetFocusMinimumLengthtemp))
<BR><BR>[Stack]<UL><LI>Max Depth = 56<LI>Call Chain = DomeCamera_SetFocusMinimumLengthtemp &rArr; Dome_CameraCmd
</UL>
<BR>[Calls]<UL><LI><a href="#[14d9b00]">&gt;&gt;</a>&nbsp;&nbsp;&nbsp;HextoAnsii
<LI><a href="#[14d9b48]">&gt;&gt;</a>&nbsp;&nbsp;&nbsp;GetSanYoChecksum
<LI><a href="#[14d9bd8]">&gt;&gt;</a>&nbsp;&nbsp;&nbsp;Dome_CameraCmd
</UL>
<BR>[Called By]<UL><LI><a href="#[12cfc48]">&gt;&gt;</a>&nbsp;&nbsp;&nbsp;_DomeSetCameraCtrlFocusLimit
<LI><a href="#[1570618]">&gt;&gt;</a>&nbsp;&nbsp;&nbsp;InitCamera
</UL>

<P><STRONG><a name="[12cf540]"></a>DomeCamera_SetGain</STRONG> (Thumb, 22 bytes, Stack size 8 bytes, dome_camera.o(i.DomeCamera_SetGain))
<BR><BR>[Stack]<UL><LI>Max Depth = 56<LI>Call Chain = DomeCamera_SetGain &rArr; DomeCamera_SetGainValue &rArr; Dome_CameraCmd
</UL>
<BR>[Calls]<UL><LI><a href="#[12cf4f8]">&gt;&gt;</a>&nbsp;&nbsp;&nbsp;DomeCamera_SetGainValue
</UL>
<BR>[Called By]<UL><LI><a href="#[12cfc00]">&gt;&gt;</a>&nbsp;&nbsp;&nbsp;_DomeSetCameraCtrlGain
</UL>

<P><STRONG><a name="[12cf4f8]"></a>DomeCamera_SetGainValue</STRONG> (Thumb, 200 bytes, Stack size 16 bytes, dome_camera.o(i.DomeCamera_SetGainValue))
<BR><BR>[Stack]<UL><LI>Max Depth = 48<LI>Call Chain = DomeCamera_SetGainValue &rArr; Dome_CameraCmd
</UL>
<BR>[Calls]<UL><LI><a href="#[14d9b00]">&gt;&gt;</a>&nbsp;&nbsp;&nbsp;HextoAnsii
<LI><a href="#[14d9b48]">&gt;&gt;</a>&nbsp;&nbsp;&nbsp;GetSanYoChecksum
<LI><a href="#[14d9bd8]">&gt;&gt;</a>&nbsp;&nbsp;&nbsp;Dome_CameraCmd
</UL>
<BR>[Called By]<UL><LI><a href="#[12cf540]">&gt;&gt;</a>&nbsp;&nbsp;&nbsp;DomeCamera_SetGain
<LI><a href="#[12cfc90]">&gt;&gt;</a>&nbsp;&nbsp;&nbsp;_DomeSetCameraCtrlExposureMode
<LI><a href="#[1570618]">&gt;&gt;</a>&nbsp;&nbsp;&nbsp;InitCamera
</UL>

<P><STRONG><a name="[12cf4b0]"></a>DomeCamera_SetIrcutFilter</STRONG> (Thumb, 268 bytes, Stack size 24 bytes, dome_camera.o(i.DomeCamera_SetIrcutFilter))
<BR><BR>[Stack]<UL><LI>Max Depth = 96<LI>Call Chain = DomeCamera_SetIrcutFilter &rArr; DomeCamera_Setting &rArr; Dome_CameraCmd
</UL>
[...]
</UL>

<P><STRONG><a name="[1571788]"></a>getSerialinf</STRONG> (Thumb, 138 bytes, Stack size 24 bytes, fastdome.o(i.getSerialinf))
<BR><BR>[Stack]<UL><LI>Max Depth = 204<LI>Call Chain = getSerialinf &rArr; DomeParam_SaveSysinfo &rArr; I2C_EE_BufferWrite &rArr; I2C_EE_PageWrite &rArr; I2C_Configuration &rArr; I2C_Init &rArr; RCC_GetClocksFreq
</UL>
<BR>[Calls]<UL><LI><a href="#[142ca78]">&gt;&gt;</a>&nbsp;&nbsp;&nbsp;DomeParam_SaveSysinfo
</UL>
<BR>[Called By]<UL><LI><a href="#[11ff640]">&gt;&gt;</a>&nbsp;&nbsp;&nbsp;fastdomemain
</UL>

<P><STRONG><a name="[1525320]"></a>getSpeedPan</STRONG> (Thumb, 64 bytes, Stack size 0 bytes, protocol.o(i.getSpeedPan))
<BR><BR>[Called By]<UL><LI><a href="#[15255f0]">&gt;&gt;</a>&nbsp;&nbsp;&nbsp;Command_Parse
</UL>

<P><STRONG><a name="[15252d8]"></a>getSpeedTilt</STRONG> (Thumb, 64 bytes, Stack size 0 bytes, protocol.o(i.getSpeedTilt))
<BR><BR>[Called By]<UL><LI><a href="#[15255f0]">&gt;&gt;</a>&nbsp;&nbsp;&nbsp;Command_Parse
</UL>

<P><STRONG><a name="[15334a8]"></a>handleRealArray</STRONG> (Thumb, 412 bytes, Stack size 40 bytes, gpio.o(i.handleRealArray))
<BR><BR>[Stack]<UL><LI>Max Depth = 64<LI>Call Chain = handleRealArray &rArr; __aeabi_fdiv &rArr; _float_epilogue
</UL>
<BR>[Calls]<UL><LI><a href="#[15333d0]">&gt;&gt;</a>&nbsp;&nbsp;&nbsp;pulseRealClean
<LI><a href="#[15334f0]">&gt;&gt;</a>&nbsp;&nbsp;&nbsp;bubbleSort
<LI><a href="#[187c570]">&gt;&gt;</a>&nbsp;&nbsp;&nbsp;__aeabi_f2uiz
<LI><a href="#[187c6d8]">&gt;&gt;</a>&nbsp;&nbsp;&nbsp;__aeabi_f2iz
<LI><a href="#[187c840]">&gt;&gt;</a>&nbsp;&nbsp;&nbsp;__aeabi_ui2f
<LI><a href="#[187c9a8]">&gt;&gt;</a>&nbsp;&nbsp;&nbsp;__aeabi_i2f
<LI><a href="#[187cb98]">&gt;&gt;</a>&nbsp;&nbsp;&nbsp;__aeabi_fdiv
<LI><a href="#[187cf50]">&gt;&gt;</a>&nbsp;&nbsp;&nbsp;__aeabi_frsub
<LI><a href="#[187cf98]">&gt;&gt;</a>&nbsp;&nbsp;&nbsp;__aeabi_fsub
</UL>
<BR>[Called By]<UL><LI><a href="#[1533658]">&gt;&gt;</a>&nbsp;&nbsp;&nbsp;Get_BaudRate
</UL>

<P><STRONG><a name="[1446ad0]"></a>initWind</STRONG> (Thumb, 88 bytes, Stack size 16 bytes, dlg_wind.o(i.initWind))
<BR><BR>[Stack]<UL><LI>Max Depth = 56<LI>Call Chain = initWind &rArr; DomeCamera_SetZoneDisplay &rArr; Dome_CameraCmd
</UL>
<BR>[Calls]<UL><LI><a href="#[129c568]">&gt;&gt;</a>&nbsp;&nbsp;&nbsp;DomeCamera_SetZoneDisplay
<LI><a href="#[1446968]">&gt;&gt;</a>&nbsp;&nbsp;&nbsp;DomeCamera_SetZoneMaskcolor
<LI><a href="#[14469b0]">&gt;&gt;</a>&nbsp;&nbsp;&nbsp;DomeCamera_SetZoneMask
<LI><a href="#[14469f8]">&gt;&gt;</a>&nbsp;&nbsp;&nbsp;DomeCamera_SetNoneinterlockMask
</UL>
<BR>[Called By]<UL><LI><a href="#[1446ba8]">&gt;&gt;</a>&nbsp;&nbsp;&nbsp;_WindCtrlZoom
</UL>

<P><STRONG><a name="[1446a88]"></a>initWindows</STRONG> (Thumb, 116 bytes, Stack size 24 bytes, dlg_wind.o(i.initWindows))
<BR><BR>[Stack]<UL><LI>Max Depth = 200<LI>Call Chain = initWindows &rArr; SetWindblank &rArr; __aeabi_dmul &rArr; _double_epilogue &rArr; _double_round
</UL>
<BR>[Calls]<UL><LI><a href="#[129c568]">&gt;&gt;</a>&nbsp;&nbsp;&nbsp;DomeCamera_SetZoneDisplay
<LI><a href="#[1446968]">&gt;&gt;</a>&nbsp;&nbsp;&nbsp;DomeCamera_SetZoneMaskcolor
<LI><a href="#[14469b0]">&gt;&gt;</a>&nbsp;&nbsp;&nbsp;DomeCamera_SetZoneMask
<LI><a href="#[1446d58]">&gt;&gt;</a>&nbsp;&nbsp;&nbsp;SetWindblank
</UL>
<BR>[Called By]<UL><LI><a href="#[1570618]">&gt;&gt;</a>&nbsp;&nbsp;&nbsp;InitCamera
</UL>

<P><STRONG><a name="[1446a40]"></a>initsamsungInitWind</STRONG> (Thumb, 526 bytes, Stack size 48 bytes, dlg_wind.o(i.initsamsungInitWind))
<BR><BR>[Stack]<UL><LI>Max Depth = 96<LI>Call Chain = initsamsungInitWind &rArr; SamsungCamera_setPrivacySetup &rArr; Dome_CameraCmd
</UL>
<BR>[Calls]<UL><LI><a href="#[14466e0]">&gt;&gt;</a>&nbsp;&nbsp;&nbsp;SamsungCamera_setPrivacySetup
<LI><a href="#[1446728]">&gt;&gt;</a>&nbsp;&nbsp;&nbsp;SamsungCamera_setPrivacyRBSetup
<LI><a href="#[1446770]">&gt;&gt;</a>&nbsp;&nbsp;&nbsp;SamsungCamera_setPrivacyLTSetup
<LI><a href="#[14467b8]">&gt;&gt;</a>&nbsp;&nbsp;&nbsp;SamsungCamera_setMaskAxisDisplay
<LI><a href="#[1446800]">&gt;&gt;</a>&nbsp;&nbsp;&nbsp;SamsungCamera_saveCurrentStatus
</UL>
<BR>[Called By]<UL><LI><a href="#[1446ba8]">&gt;&gt;</a>&nbsp;&nbsp;&nbsp;_WindCtrlZoom
<LI><a href="#[1446d58]">&gt;&gt;</a>&nbsp;&nbsp;&nbsp;SetWindblank
</UL>

<P><STRONG><a name="[156ffe8]"></a>isPosInLimitzone</STRONG> (Thumb, 60 bytes, Stack size 8 bytes, stepmotor.o(i.isPosInLimitzone))
<BR><BR>[Stack]<UL><LI>Max Depth = 8<LI>Call Chain = isPosInLimitzone
</UL>
<BR>[Called By]<UL><LI><a href="#[141eb08]">&gt;&gt;</a>&nbsp;&nbsp;&nbsp;Preset_Call
<LI><a href="#[1571620]">&gt;&gt;</a>&nbsp;&nbsp;&nbsp;Auto_Flip_Pan
<LI><a href="#[1571668]">&gt;&gt;</a>&nbsp;&nbsp;&nbsp;AutoActing_Scheduler
<LI><a href="#[15716f8]">&gt;&gt;</a>&nbsp;&nbsp;&nbsp;zero_Pan_Pos
</UL>

<P><STRONG><a name="[1423a48]"></a>isPresetNumSpec</STRONG> (Thumb, 32 bytes, Stack size 0 bytes, dlg_preset.o(i.isPresetNumSpec))
<BR><BR>[Called By]<UL><LI><a href="#[14161d8]">&gt;&gt;</a>&nbsp;&nbsp;&nbsp;_PresetCtrlNum
<LI><a href="#[1423cd0]">&gt;&gt;</a>&nbsp;&nbsp;&nbsp;_PatrolCtrlEdit
<LI><a href="#[1423da8]">&gt;&gt;</a>&nbsp;&nbsp;&nbsp;PatrolKeyRecord
<LI><a href="#[15717d0]">&gt;&gt;</a>&nbsp;&nbsp;&nbsp;doMessage
</UL>

<P><STRONG><a name="[14c1228]"></a>keyboardCtrl_pan</STRONG> (Thumb, 474 bytes, Stack size 28 bytes, stepmotor.o(i.keyboardCtrl_pan))
<BR><BR>[Stack]<UL><LI>Max Depth = 48<LI>Call Chain = keyboardCtrl_pan &rArr; getCurSpeed_pan &rArr; getRunDirect_pan
</UL>
<BR>[Calls]<UL><LI><a href="#[14c5050]">&gt;&gt;</a>&nbsp;&nbsp;&nbsp;getCurSpeed_pan
</UL>
<BR>[Called By]<UL><LI><a href="#[d37220]">&gt;&gt;</a>&nbsp;&nbsp;&nbsp;do_pan
</UL>

<P><STRONG><a name="[14c11e0]"></a>keyboardCtrl_tilt</STRONG> (Thumb, 82 bytes, Stack size 4 bytes, stepmotor.o(i.keyboardCtrl_tilt))
<BR><BR>[Stack]<UL><LI>Max Depth = 12<LI>Call Chain = keyboardCtrl_tilt &rArr; getCurSpeed_tilt
</UL>
<BR>[Calls]<UL><LI><a href="#[14c5008]">&gt;&gt;</a>&nbsp;&nbsp;&nbsp;getCurSpeed_tilt
</UL>
<BR>[Called By]<UL><LI><a href="#[d371d8]">&gt;&gt;</a>&nbsp;&nbsp;&nbsp;do_tilt
</UL>

<P><STRONG><a name="[11fff88]"></a>main</STRONG> (Thumb, 72 bytes, Stack size 8 bytes, main.o(i.main))
<BR><BR>[Stack]<UL><LI>Max Depth = 584<LI>Call Chain = main &rArr; fastdomemain &rArr; doMessage &rArr; Spot_ZoomIn &rArr; Get_Zoomin_speed &rArr; __aeabi_dmul &rArr; _double_epilogue &rArr; _double_round
</UL>
<BR>[Calls]<UL><LI><a href="#[11ff640]">&gt;&gt;</a>&nbsp;&nbsp;&nbsp;fastdomemain
<LI><a href="#[11ff688]">&gt;&gt;</a>&nbsp;&nbsp;&nbsp;WaitTime
<LI><a href="#[11ff7f0]">&gt;&gt;</a>&nbsp;&nbsp;&nbsp;SYSTICK_Init
<LI><a href="#[11ff838]">&gt;&gt;</a>&nbsp;&nbsp;&nbsp;RTC_Init
<LI><a href="#[11ffd90]">&gt;&gt;</a>&nbsp;&nbsp;&nbsp;I2C_Configuration
<LI><a href="#[11ffdd8]">&gt;&gt;</a>&nbsp;&nbsp;&nbsp;GPIO_SetBits
<LI><a href="#[11ffe20]">&gt;&gt;</a>&nbsp;&nbsp;&nbsp;GPIO_Configuration
<LI><a href="#[11ffef8]">&gt;&gt;</a>&nbsp;&nbsp;&nbsp;DAC_Configuration
<LI><a href="#[11fff40]">&gt;&gt;</a>&nbsp;&nbsp;&nbsp;ADC_Configuration
<LI><a href="#[1200018]">&gt;&gt;</a>&nbsp;&nbsp;&nbsp;USARTTEST_Configuration
<LI><a href="#[1200060]">&gt;&gt;</a>&nbsp;&nbsp;&nbsp;RCC_Configuration
<LI><a href="#[12000a8]">&gt;&gt;</a>&nbsp;&nbsp;&nbsp;NVIC_Configuration
</UL>
<BR>[Address Reference Count : 1]<UL><LI> init.o(.text)
</UL>
<P><STRONG><a name="[187e798]"></a>malloc</STRONG> (Thumb, 88 bytes, Stack size 20 bytes, malloc.o(i.malloc))
<BR><BR>[Stack]<UL><LI>Max Depth = 20<LI>Call Chain = malloc
</UL>
<BR>[Called By]<UL><LI><a href="#[11f74b0]">&gt;&gt;</a>&nbsp;&nbsp;&nbsp;DomeGui_Wind_Open
</UL>

<P><STRONG><a name="[141ea30]"></a>motorCurPos_Require</STRONG> (Thumb, 220 bytes, Stack size 32 bytes, stepmotor.o(i.motorCurPos_Require))
<BR><BR>[Stack]<UL><LI>Max Depth = 160<LI>Call Chain = motorCurPos_Require &rArr; __aeabi_dmul &rArr; _double_epilogue &rArr; _double_round
</UL>
<BR>[Calls]<UL><LI><a href="#[187c9a8]">&gt;&gt;</a>&nbsp;&nbsp;&nbsp;__aeabi_i2f
<LI><a href="#[187d770]">&gt;&gt;</a>&nbsp;&nbsp;&nbsp;__aeabi_f2d
<LI><a href="#[187da98]">&gt;&gt;</a>&nbsp;&nbsp;&nbsp;__aeabi_d2iz
<LI><a href="#[187dd78]">&gt;&gt;</a>&nbsp;&nbsp;&nbsp;__aeabi_i2d
<LI><a href="#[187def8]">&gt;&gt;</a>&nbsp;&nbsp;&nbsp;__aeabi_ddiv
<LI><a href="#[187e078]">&gt;&gt;</a>&nbsp;&nbsp;&nbsp;__aeabi_dmul
</UL>
<BR>[Called By]<UL><LI><a href="#[11ff640]">&gt;&gt;</a>&nbsp;&nbsp;&nbsp;fastdomemain
<LI><a href="#[12f21c8]">&gt;&gt;</a>&nbsp;&nbsp;&nbsp;DomeParam_SavePreset
<LI><a href="#[141ed90]">&gt;&gt;</a>&nbsp;&nbsp;&nbsp;_PatternCtrlRecord
<LI><a href="#[15717d0]">&gt;&gt;</a>&nbsp;&nbsp;&nbsp;doMessage
</UL>

<P><STRONG><a name="[14c1198]"></a>outsideSpeed_to_insideSpeed</STRONG> (Thumb, 44 bytes, Stack size 0 bytes, stepmotor.o(i.outsideSpeed_to_insideSpeed))
<BR><BR>[Called By]<UL><LI><a href="#[12f1ef8]">&gt;&gt;</a>&nbsp;&nbsp;&nbsp;Tilt_Up
<LI><a href="#[12f1f40]">&gt;&gt;</a>&nbsp;&nbsp;&nbsp;Tilt_Down
<LI><a href="#[12f2018]">&gt;&gt;</a>&nbsp;&nbsp;&nbsp;Pan_Right
<LI><a href="#[12f2060]">&gt;&gt;</a>&nbsp;&nbsp;&nbsp;Pan_Left
</UL>

<P><STRONG><a name="[14c1150]"></a>panoramScan_pan</STRONG> (Thumb, 448 bytes, Stack size 28 bytes, stepmotor.o(i.panoramScan_pan))
<BR><BR>[Stack]<UL><LI>Max Depth = 48<LI>Call Chain = panoramScan_pan &rArr; GetPanoramScanZone
</UL>
<BR>[Calls]<UL><LI><a href="#[14c1540]">&gt;&gt;</a>&nbsp;&nbsp;&nbsp;GetPanoramScanZone
</UL>
<BR>[Called By]<UL><LI><a href="#[d37220]">&gt;&gt;</a>&nbsp;&nbsp;&nbsp;do_pan
</UL>

<P><STRONG><a name="[14c1108]"></a>panoramScan_tilt</STRONG> (Thumb, 316 bytes, Stack size 36 bytes, stepmotor.o(i.panoramScan_tilt))
<BR><BR>[Stack]<UL><LI>Max Depth = 56<LI>Call Chain = panoramScan_tilt &rArr; GetPanoramScanZone
</UL>
<BR>[Calls]<UL><LI><a href="#[14c1540]">&gt;&gt;</a>&nbsp;&nbsp;&nbsp;GetPanoramScanZone
</UL>
<BR>[Called By]<UL><LI><a href="#[d371d8]">&gt;&gt;</a>&nbsp;&nbsp;&nbsp;do_tilt
</UL>

<P><STRONG><a name="[14c10c0]"></a>patrolCtrl_pan</STRONG> (Thumb, 402 bytes, Stack size 20 bytes, stepmotor.o(i.patrolCtrl_pan))
<BR><BR>[Stack]<UL><LI>Max Depth = 20<LI>Call Chain = patrolCtrl_pan
</UL>
<BR>[Called By]<UL><LI><a href="#[d37220]">&gt;&gt;</a>&nbsp;&nbsp;&nbsp;do_pan
</UL>

<P><STRONG><a name="[14c1078]"></a>patrolCtrl_tilt</STRONG> (Thumb, 268 bytes, Stack size 16 bytes, stepmotor.o(i.patrolCtrl_tilt))
<BR><BR>[Stack]<UL><LI>Max Depth = 16<LI>Call Chain = patrolCtrl_tilt
</UL>
<BR>[Called By]<UL><LI><a href="#[d371d8]">&gt;&gt;</a>&nbsp;&nbsp;&nbsp;do_tilt
</UL>

<P><STRONG><a name="[14c1030]"></a>posPan</STRONG> (Thumb, 28 bytes, Stack size 0 bytes, stepmotor.o(i.posPan))
<BR><BR>[Called By]<UL><LI><a href="#[1570390]">&gt;&gt;</a>&nbsp;&nbsp;&nbsp;Spot_ZoomIn
</UL>

<P><STRONG><a name="[14c0fe8]"></a>posTilt</STRONG> (Thumb, 20 bytes, Stack size 0 bytes, stepmotor.o(i.posTilt))
<BR><BR>[Called By]<UL><LI><a href="#[1570390]">&gt;&gt;</a>&nbsp;&nbsp;&nbsp;Spot_ZoomIn
</UL>

<P><STRONG><a name="[14c0fa0]"></a>presetCtrl_pan</STRONG> (Thumb, 314 bytes, Stack size 16 bytes, stepmotor.o(i.presetCtrl_pan))
<BR><BR>[Stack]<UL><LI>Max Depth = 16<LI>Call Chain = presetCtrl_pan
</UL>
<BR>[Called By]<UL><LI><a href="#[d37220]">&gt;&gt;</a>&nbsp;&nbsp;&nbsp;do_pan
</UL>

<P><STRONG><a name="[14c0f58]"></a>presetCtrl_tilt</STRONG> (Thumb, 286 bytes, Stack size 16 bytes, stepmotor.o(i.presetCtrl_tilt))
<BR><BR>[Stack]<UL><LI>Max Depth = 16<LI>Call Chain = presetCtrl_tilt
</UL>
<BR>[Called By]<UL><LI><a href="#[d371d8]">&gt;&gt;</a>&nbsp;&nbsp;&nbsp;do_tilt
</UL>

<P><STRONG><a name="[1533418]"></a>pulseRead</STRONG> (Thumb, 64 bytes, Stack size 8 bytes, gpio.o(i.pulseRead))
<BR><BR>[Stack]<UL><LI>Max Depth = 8<LI>Call Chain = pulseRead
</UL>
<BR>[Called By]<UL><LI><a href="#[1533658]">&gt;&gt;</a>&nbsp;&nbsp;&nbsp;Get_BaudRate
</UL>

<P><STRONG><a name="[15333d0]"></a>pulseRealClean</STRONG> (Thumb, 36 bytes, Stack size 8 bytes, gpio.o(i.pulseRealClean))
<BR><BR>[Stack]<UL><LI>Max Depth = 8<LI>Call Chain = pulseRealClean
</UL>
<BR>[Called By]<UL><LI><a href="#[15334a8]">&gt;&gt;</a>&nbsp;&nbsp;&nbsp;handleRealArray
</UL>

<P><STRONG><a name="[1423970]"></a>refresh_line</STRONG> (Thumb, 140 bytes, Stack size 48 bytes, osd.o(i.refresh_line))
<BR><BR>[Stack]<UL><LI>Max Depth = 112<LI>Call Chain = refresh_line &rArr; disp_num &rArr; Send_Byte
</UL>
<BR>[Calls]<UL><LI><a href="#[152a188]">&gt;&gt;</a>&nbsp;&nbsp;&nbsp;disp_num
<LI><a href="#[152a1d0]">&gt;&gt;</a>&nbsp;&nbsp;&nbsp;Send_Byte
</UL>
<BR>[Called By]<UL><LI><a href="#[141eef8]">&gt;&gt;</a>&nbsp;&nbsp;&nbsp;PatternKeyRecord
<LI><a href="#[1423da8]">&gt;&gt;</a>&nbsp;&nbsp;&nbsp;PatrolKeyRecord
<LI><a href="#[1438288]">&gt;&gt;</a>&nbsp;&nbsp;&nbsp;DrawDomeLable
<LI><a href="#[1438678]">&gt;&gt;</a>&nbsp;&nbsp;&nbsp;DomeDraw_Date
</UL>

<P><STRONG><a name="[1437e98]"></a>refresh_str</STRONG> (Thumb, 160 bytes, Stack size 64 bytes, osd.o(i.refresh_str))
<BR><BR>[Stack]<UL><LI>Max Depth = 128<LI>Call Chain = refresh_str &rArr; disp_num &rArr; Send_Byte
</UL>
<BR>[Calls]<UL><LI><a href="#[152a188]">&gt;&gt;</a>&nbsp;&nbsp;&nbsp;disp_num
<LI><a href="#[152a1d0]">&gt;&gt;</a>&nbsp;&nbsp;&nbsp;Send_Byte
</UL>
<BR>[Called By]<UL><LI><a href="#[11ff640]">&gt;&gt;</a>&nbsp;&nbsp;&nbsp;fastdomemain
<LI><a href="#[1438288]">&gt;&gt;</a>&nbsp;&nbsp;&nbsp;DrawDomeLable
<LI><a href="#[1438318]">&gt;&gt;</a>&nbsp;&nbsp;&nbsp;DomeDraw_Zoom
<LI><a href="#[1438438]">&gt;&gt;</a>&nbsp;&nbsp;&nbsp;DomeDraw_Probility
<LI><a href="#[1438480]">&gt;&gt;</a>&nbsp;&nbsp;&nbsp;DomeDraw_PresetLable
<LI><a href="#[14384c8]">&gt;&gt;</a>&nbsp;&nbsp;&nbsp;DomeDraw_PanTiltAngle
<LI><a href="#[1438708]">&gt;&gt;</a>&nbsp;&nbsp;&nbsp;DomeDraw_Alarm
<LI><a href="#[1438750]">&gt;&gt;</a>&nbsp;&nbsp;&nbsp;DomeDraw_Address
<LI><a href="#[15717d0]">&gt;&gt;</a>&nbsp;&nbsp;&nbsp;doMessage
<LI><a href="#[1571c50]">&gt;&gt;</a>&nbsp;&nbsp;&nbsp;DrawKeyCharacter
</UL>

<P><STRONG><a name="[14c0f10]"></a>restoreWorkStatus_pan</STRONG> (Thumb, 76 bytes, Stack size 0 bytes, stepmotor.o(i.restoreWorkStatus_pan))
<BR><BR>[Stack]<UL><LI>Max Depth = 76<LI>Call Chain = restoreWorkStatus_pan &rArr; Pan_Right &rArr; ProportinalZoom &rArr; DomeCamera_GetZoom &rArr; DomeCamera_GetZoomFCB
</UL>
<BR>[Calls]<UL><LI><a href="#[12f2018]">&gt;&gt;</a>&nbsp;&nbsp;&nbsp;Pan_Right
<LI><a href="#[12f2060]">&gt;&gt;</a>&nbsp;&nbsp;&nbsp;Pan_Left
<LI><a href="#[12f20f0]">&gt;&gt;</a>&nbsp;&nbsp;&nbsp;Motor_Stop_Pan
</UL>
<BR>[Called By]<UL><LI><a href="#[14c1390]">&gt;&gt;</a>&nbsp;&nbsp;&nbsp;autoFlipCtrl_pan
</UL>

<P><STRONG><a name="[14c0ec8]"></a>restoreWorkStatus_tilt</STRONG> (Thumb, 76 bytes, Stack size 0 bytes, stepmotor.o(i.restoreWorkStatus_tilt))
<BR><BR>[Stack]<UL><LI>Max Depth = 100<LI>Call Chain = restoreWorkStatus_tilt &rArr; Tilt_Down &rArr; Tilt_Up &rArr; ProportinalZoom &rArr; DomeCamera_GetZoom &rArr; DomeCamera_GetZoomFCB
</UL>
<BR>[Calls]<UL><LI><a href="#[12f1ef8]">&gt;&gt;</a>&nbsp;&nbsp;&nbsp;Tilt_Up
<LI><a href="#[12f1f40]">&gt;&gt;</a>&nbsp;&nbsp;&nbsp;Tilt_Down
<LI><a href="#[12f20a8]">&gt;&gt;</a>&nbsp;&nbsp;&nbsp;Motor_Stop_Tilt
</UL>
<BR>[Called By]<UL><LI><a href="#[14c1390]">&gt;&gt;</a>&nbsp;&nbsp;&nbsp;autoFlipCtrl_pan
</UL>

<P><STRONG><a name="[14c0e80]"></a>selfCheckCtrl_pan</STRONG> (Thumb, 272 bytes, Stack size 8 bytes, stepmotor.o(i.selfCheckCtrl_pan))
<BR><BR>[Stack]<UL><LI>Max Depth = 8<LI>Call Chain = selfCheckCtrl_pan
</UL>
<BR>[Called By]<UL><LI><a href="#[d37220]">&gt;&gt;</a>&nbsp;&nbsp;&nbsp;do_pan
</UL>

<P><STRONG><a name="[14c0e38]"></a>selfCheckCtrl_tilt</STRONG> (Thumb, 42 bytes, Stack size 0 bytes, stepmotor.o(i.selfCheckCtrl_tilt))
<BR><BR>[Called By]<UL><LI><a href="#[d371d8]">&gt;&gt;</a>&nbsp;&nbsp;&nbsp;do_tilt
</UL>

<P><STRONG><a name="[1888358]"></a>sin</STRONG> (Thumb, 136 bytes, Stack size 40 bytes, sin.o(i.sin))
<BR><BR>[Stack]<UL><LI>Max Depth = 256<LI>Call Chain = sin &rArr; __kernel_sin &rArr; __kernel_poly &rArr; __aeabi_dadd &rArr; _double_addcore &rArr; _double_epilogue &rArr; _double_round
</UL>
<BR>[Calls]<UL><LI><a href="#[187b8a0]">&gt;&gt;</a>&nbsp;&nbsp;&nbsp;__kernel_sin
<LI><a href="#[187baf8]">&gt;&gt;</a>&nbsp;&nbsp;&nbsp;__ieee754_rem_pio2
<LI><a href="#[187bee0]">&gt;&gt;</a>&nbsp;&nbsp;&nbsp;__kernel_cos
<LI><a href="#[187d1e0]">&gt;&gt;</a>&nbsp;&nbsp;&nbsp;__ARM_scalbn
<LI><a href="#[18ea528]">&gt;&gt;</a>&nbsp;&nbsp;&nbsp;__set_errno
</UL>
<BR>[Called By]<UL><LI><a href="#[1570390]">&gt;&gt;</a>&nbsp;&nbsp;&nbsp;Spot_ZoomIn
</UL>

<P><STRONG><a name="[1888058]"></a>sqrt</STRONG> (Thumb, 62 bytes, Stack size 16 bytes, sqrt.o(i.sqrt))
<BR><BR>[Stack]<UL><LI>Max Depth = 128<LI>Call Chain = sqrt &rArr; _dsqrt &rArr; _double_epilogue &rArr; _double_round
</UL>
<BR>[Calls]<UL><LI><a href="#[187d550]">&gt;&gt;</a>&nbsp;&nbsp;&nbsp;__aeabi_cdcmple
<LI><a href="#[18e9f88]">&gt;&gt;</a>&nbsp;&nbsp;&nbsp;_dsqrt
<LI><a href="#[18ea528]">&gt;&gt;</a>&nbsp;&nbsp;&nbsp;__set_errno
</UL>
<BR>[Called By]<UL><LI><a href="#[1570390]">&gt;&gt;</a>&nbsp;&nbsp;&nbsp;Spot_ZoomIn
</UL>

<P><STRONG><a name="[15716f8]"></a>zero_Pan_Pos</STRONG> (Thumb, 70 bytes, Stack size 8 bytes, fastdome.o(i.zero_Pan_Pos))
<BR><BR>[Stack]<UL><LI>Max Depth = 148<LI>Call Chain = zero_Pan_Pos &rArr; DomeParam_LoadPst &rArr; I2C_EE_BufferRead &rArr; I2C_Configuration &rArr; I2C_Init &rArr; RCC_GetClocksFreq
</UL>
<BR>[Calls]<UL><LI><a href="#[1416028]">&gt;&gt;</a>&nbsp;&nbsp;&nbsp;DomeParam_LoadPst
<LI><a href="#[156ffe8]">&gt;&gt;</a>&nbsp;&nbsp;&nbsp;isPosInLimitzone
<LI><a href="#[1570468]">&gt;&gt;</a>&nbsp;&nbsp;&nbsp;Preset_Call_Pan
</UL>
<BR>[Called By]<UL><LI><a href="#[15717d0]">&gt;&gt;</a>&nbsp;&nbsp;&nbsp;doMessage
</UL>
<P>
<H3>
Local Symbols
</H3>
<P><STRONG><a name="[14c5050]"></a>getCurSpeed_pan</STRONG> (Thumb, 106 bytes, Stack size 12 bytes, stepmotor.o(i.getCurSpeed_pan))
<BR><BR>[Stack]<UL><LI>Max Depth = 20<LI>Call Chain = getCurSpeed_pan &rArr; getRunDirect_pan
</UL>
<BR>[Calls]<UL><LI><a href="#[14c1300]">&gt;&gt;</a>&nbsp;&nbsp;&nbsp;getRunDirect_pan
</UL>
<BR>[Called By]<UL><LI><a href="#[14c1228]">&gt;&gt;</a>&nbsp;&nbsp;&nbsp;keyboardCtrl_pan
</UL>

<P><STRONG><a name="[14c5008]"></a>getCurSpeed_tilt</STRONG> (Thumb, 114 bytes, Stack size 8 bytes, stepmotor.o(i.getCurSpeed_tilt))
<BR><BR>[Stack]<UL><LI>Max Depth = 8<LI>Call Chain = getCurSpeed_tilt
</UL>
<BR>[Calls]<UL><LI><a href="#[14c12b8]">&gt;&gt;</a>&nbsp;&nbsp;&nbsp;getRunDirect_tilt
</UL>
<BR>[Called By]<UL><LI><a href="#[14c11e0]">&gt;&gt;</a>&nbsp;&nbsp;&nbsp;keyboardCtrl_tilt
</UL>

<P><STRONG><a name="[1886fc0]"></a>_printf_core</STRONG> (Thumb, 34 bytes, Stack size 24 bytes, printfb.o(i._printf_core), UNUSED)
<BR><BR>[Called By]<UL><LI><a href="#[1886ea0]">&gt;&gt;</a>&nbsp;&nbsp;&nbsp;__0printf_bare
</UL>

<P><STRONG><a name="[187e400]"></a>_double_addcore</STRONG> (Thumb, 274 bytes, Stack size 64 bytes, dadd.o(.text))
<BR><BR>[Stack]<UL><LI>Max Depth = 112<LI>Call Chain = _double_addcore &rArr; _double_epilogue &rArr; _double_round
</UL>
<BR>[Calls]<UL><LI><a href="#[18ea210]">&gt;&gt;</a>&nbsp;&nbsp;&nbsp;_double_epilogue
<LI><a href="#[18eaac8]">&gt;&gt;</a>&nbsp;&nbsp;&nbsp;__aeabi_llsr
<LI><a href="#[18eac78]">&gt;&gt;</a>&nbsp;&nbsp;&nbsp;__aeabi_llsl
</UL>
<BR>[Called By]<UL><LI><a href="#[187e328]">&gt;&gt;</a>&nbsp;&nbsp;&nbsp;__aeabi_drsub
<LI><a href="#[187e370]">&gt;&gt;</a>&nbsp;&nbsp;&nbsp;__aeabi_dsub
<LI><a href="#[187e3b8]">&gt;&gt;</a>&nbsp;&nbsp;&nbsp;__aeabi_dadd
</UL>

<P><STRONG><a name="[187d028]"></a>_float_addcore</STRONG> (Thumb, 120 bytes, Stack size 8 bytes, fadd.o(.text))
<BR><BR>[Stack]<UL><LI>Max Depth = 16<LI>Call Chain = _float_addcore &rArr; _float_epilogue
</UL>
<BR>[Calls]<UL><LI><a href="#[18e9dc0]">&gt;&gt;</a>&nbsp;&nbsp;&nbsp;_float_epilogue
</UL>
<BR>[Called By]<UL><LI><a href="#[187cf50]">&gt;&gt;</a>&nbsp;&nbsp;&nbsp;__aeabi_frsub
<LI><a href="#[187cf98]">&gt;&gt;</a>&nbsp;&nbsp;&nbsp;__aeabi_fsub
<LI><a href="#[187cfe0]">&gt;&gt;</a>&nbsp;&nbsp;&nbsp;__aeabi_fadd
</UL>
<P>
<H3>
Undefined Global Symbols
</H3><HR></body></html>
